I/ActivityManager(  823): Delay finish: com.google.android.partnersetup/.GooglePartnerSetup
W/BroadcastQueue(  823): Permission Denial: broadcasting Intent { act=android.net.conn.CONNECTIVITY_CHANGE flg=0x4000010 (has extras) } from null (pid=-1, uid=-1) requires com.facebook.permission.prod.FB_APP_COMMUNICATION due to registered receiver BroadcastFilter{e98f56 u0 ReceiverList{8572571 3341 com.facebook.katana/10142/u0 remote:22e12718}}
W/BroadcastQueue(  823): Permission Denial: broadcasting Intent { act=android.net.conn.INET_CONDITION_ACTION flg=0x4000010 (has extras) } from null (pid=-1, uid=-1) requires com.facebook.permission.prod.FB_APP_COMMUNICATION due to registered receiver BroadcastFilter{e98f56 u0 ReceiverList{8572571 3341 com.facebook.katana/10142/u0 remote:22e12718}}
E/SQLiteLog( 4124): (284) automatic index on sqlite_sq_B4B30D30(STAT_DATA_ID)
E/SQLiteLog( 4124): (284) automatic index on sqlite_sq_B4B30C40(STAT_DATA_ID)
I/ActivityManager(  823): Resuming delayed broadcast
I/ActivityManager(  823): Delay finish: com.google.android.partnersetup/.RlzPingBroadcastReceiver
I/ActivityManager(  823): Resuming delayed broadcast
W/ContextImpl(  823): Calling a method in the system process without a qualified user: android.app.ContextImpl.startService:1723 android.content.ContextWrapper.startService:522 android.content.ContextWrapper.startService:522 com.dsi.ant.server.AntService.startService:129 com.dsi.ant.server.startup.BootCompletedReceiver.onReceive:41 
W/ContextImpl(  823): Implicit intents with startService are not safe: Intent { act=com.dsi.ant.server.IAntHal } android.content.ContextWrapper.startService:522 android.content.ContextWrapper.startService:522 com.dsi.ant.server.AntService.startService:129 
D/AlertReceiver( 3398): onReceive: a=android.intent.action.BOOT_COMPLETED Intent { act=android.intent.action.BOOT_COMPLETED flg=0x8000010 cmp=com.android.calendar/.alerts.AlertReceiver (has extras) }
E/SQLiteLog( 4124): (284) automatic index on sqlite_sq_B4B308D0(STAT_DATA_ID)
E/SQLiteLog( 4124): (284) automatic index on sqlite_sq_B4B308D0(STAT_DATA_ID)
E/FileUtils( 3654): Could not write to file /proc/touchpad/enable
E/FileUtils( 3654): java.io.FileNotFoundException: /proc/touchpad/enable: open failed: ENOENT (No such file or directory)
E/FileUtils( 3654): 	at libcore.io.IoBridge.open(IoBridge.java:456)
E/FileUtils( 3654): 	at java.io.FileOutputStream.<init>(FileOutputStream.java:87)
E/FileUtils( 3654): 	at java.io.FileOutputStream.<init>(FileOutputStream.java:127)
E/FileUtils( 3654): 	at java.io.FileOutputStream.<init>(FileOutputStream.java:116)
E/FileUtils( 3654): 	at com.cyanogenmod.settings.device.utils.FileUtils.writeLine(FileUtils.java:65)
E/FileUtils( 3654): 	at com.cyanogenmod.settings.device.Startup.onReceive(Startup.java:61)
E/FileUtils( 3654): 	at android.app.ActivityThread.handleReceiver(ActivityThread.java:2642)
E/FileUtils( 3654): 	at android.app.ActivityThread.access$1800(ActivityThread.java:154)
E/FileUtils( 3654): 	at android.app.ActivityThread$H.handleMessage(ActivityThread.java:1398)
E/FileUtils( 3654): 	at android.os.Handler.dispatchMessage(Handler.java:102)
E/FileUtils( 3654): 	at android.os.Looper.loop(Looper.java:135)
E/FileUtils( 3654): 	at android.app.ActivityThread.main(ActivityThread.java:5294)
E/FileUtils( 3654): 	at java.lang.reflect.Method.invoke(Native Method)
E/FileUtils( 3654): 	at java.lang.reflect.Method.invoke(Method.java:372)
E/FileUtils( 3654): 	at com.android.internal.os.ZygoteInit$MethodAndArgsCaller.run(ZygoteInit.java:904)
E/FileUtils( 3654): 	at com.android.internal.os.ZygoteInit.main(ZygoteInit.java:699)
E/FileUtils( 3654): Caused by: android.system.ErrnoException: open failed: ENOENT (No such file or directory)
E/FileUtils( 3654): 	at libcore.io.Posix.open(Native Method)
E/FileUtils( 3654): 	at libcore.io.BlockGuardOs.open(BlockGuardOs.java:186)
E/FileUtils( 3654): 	at libcore.io.IoBridge.open(IoBridge.java:442)
E/FileUtils( 3654): 	... 15 more
I/ActivityManager(  823): Start proc 4204:com.android.gallery3d/u0a44 for broadcast com.android.gallery3d/org.codeaurora.gallery3d.video.DmReceiver
W/ResourcesManager( 4204): Asset path '/system/framework/com.google.android.media.effects.jar' does not exist or contains no resources.
I/RlzPingService( 4170): Setting next ping for 1448844022881
I/ActivityManager(  823): Killing 3146:com.android.deskclock/u0a38 (adj 15): empty #17
I/ActivityManager(  823): Killing 2895:com.google.android.apps.plus/u0a116 (adj 15): empty #17
E/ELEVEN  ( 2163): calling refresh!
I/SystemBroadcastReceiver( 1650): Boot has been completed
I/LauncherIconVisibilityManager( 1650): Activity has already been disabled: ComponentInfo{com.android.inputmethod.latin/com.android.inputmethod.latin.setup.SetupActivity}
I/ActivityManager(  823): Start proc 4228:com.cyanogenmod.lockclock/u0a50 for broadcast com.cyanogenmod.lockclock/.ClockWidgetProvider
I/ActivityManager(  823): Start proc 4247:com.qualcomm.display/1000 for broadcast com.qualcomm.display/.PPReceiver
I/ActivityManager(  823): Killing 3846:com.cyanogenmod.account/u0a2 (adj 15): empty #17
W/ContextImpl( 4247): Calling a method in the system process without a qualified user: android.app.ContextImpl.startService:1723 android.content.ContextWrapper.startService:522 android.content.ContextWrapper.startService:522 com.qualcomm.display.PPReceiver.onReceive:33 android.app.ActivityThread.handleReceiver:2642 
D/PPDaemonConnector( 4247): Connected to the daemon socket
I/ActivityManager(  823): Start proc 4273:org.whispersystems.whisperpush/u0a65 for broadcast org.whispersystems.whisperpush/.service.DirectoryRefreshListener
I/ActivityManager(  823): Killing 3913:org.cyanogenmod.bugreport/2000 (adj 15): empty #17
I/ActivityManager(  823): Start proc 4295:com.qualcomm.qcrilmsgtunnel/1001 for broadcast com.qualcomm.qcrilmsgtunnel/.QcrilMsgTunnelAutoboot
I/ActivityManager(  823): Killing 3935:com.cyanogenmod.updater/u0a3 (adj 15): empty #17
W/BroadcastQueue(  823): Permission Denial: broadcasting Intent { act=android.net.conn.CONNECTIVITY_CHANGE flg=0x4000010 (has extras) } from null (pid=-1, uid=-1) requires com.facebook.permission.prod.FB_APP_COMMUNICATION due to registered receiver BroadcastFilter{3f73abd5 u0 ReceiverList{26c3f88c 3341 com.facebook.katana/10142/u0 remote:321d39bf}}
D/GCM     ( 2342): COMPAT: Multi user ser=0 current=0
D/QcrilMsgTunnelAutoboot( 4295): ComponentInfo{com.qualcomm.qcrilmsgtunnel/com.qualcomm.qcrilmsgtunnel.QcrilMsgTunnelService} started successfully
D/QcrilMsgTunnelService( 4295): onCreate method
D/QcrilMsgTunnelIfaceManager( 4295): :Instantiated
V/QcrilMsgTunnelSocket( 4295): Starting QcRil Sender & Receiver threads
I/QcrilMsgTunnelSocket( 4295): Connected to 'qmux_radio/rild_oem0' socket
D/QcrilMsgTunnelIfaceManager( 4295): Registered SUB0 for UNSOL OEM HOOK to deliver external apps
I/GlobalDismissManager( 3398): no sender configured
D/AlertService( 3398): Beginning updateAlertNotification
D/AlertService( 3398): No fired or scheduled alerts
D/AlertService( 3398): Scheduling next alarm with AlarmScheduler. sEventReminderReceived: null
I/WebViewFactory( 3341): Loading com.google.android.webview version 46.0.2490.76 (code 249007600)
D/AlarmScheduler( 3398): No events found starting within 1 week.
D/AlertService( 3398): 0 Action = android.intent.action.BOOT_COMPLETED
D/AlertService( 3398): Scheduling next alarm with AlarmScheduler. sEventReminderReceived: null
D/GCM     ( 1682): GcmService start Intent { act=com.google.android.c2dm.intent.REGISTER pkg=com.google.android.gms cmp=com.google.android.gms/.gcm.GcmService (has extras) } com.google.android.c2dm.intent.REGISTER
I/cr.library_loader( 3341): Time to load native libraries: 1 ms (timestamps 4628-4629)
I/cr.library_loader( 3341): Expected native library version number "46.0.2490.76", actual native library version number "46.0.2490.76"
D/AlarmScheduler( 3398): No events found starting within 1 week.
I/GoogleHttpClient( 1682): GMS http client unavailable, use old client
I/GCM     ( 1682): GCM config loaded
D/FileApkUtils( 2342): Spent 14ms computing apk sha1.
D/FileApkUtils( 2342): Module already staged or being staged:chimera-modules/MapsModule.apk
W/InstanceID/Rpc( 2342): Found 10022
I/ActivityManager(  823): Killing 2944:com.google.android.calendar/u0a69 (adj 15): empty #17
D/DexOptUtils( 2342): Module /data/data/com.google.android.gms/app_chimera/chimera-module-root/module-2707d05c501ef4bf821813f1789ad0e56682eb5a/MapsModule.apk is already optimized. Bailing.
D/FileApkUtils( 2342): Keeping up-to-date module: module-2707d05c501ef4bf821813f1789ad0e56682eb5a
D/GmsModuleFndr( 2342): Beginning GMS chimera module scan
D/GmsModuleFndr( 2342): Module pkg com.google.android.apps.kids.kidsetup not installed, skipping
D/ChimeraCfgMgr( 2342): Beginning module configuration check
D/ChimeraCfgMgr( 2342): Module APKs unchanged, check complete
I/GCoreUlr( 2342): Starting service, intent=Intent { act=com.google.android.location.reporting.ACTION_UPDATE_WORLD cmp=com.google.android.gms/com.google.android.location.reporting.service.DispatchingService (has extras) }, extras=Bundle[{receiverAction=android.intent.action.BOOT_COMPLETED}]
I/CheckinService( 2342): Checkin interval check for package: unspecified last checkin: 1447816628916 min interval config: 0 actual interval: 422595092
I/CheckinService( 2342): Disabling old GoogleServicesFramework version
D/SystemUpdateService( 2342): onCreate
D/SystemUpdateService( 2342): onStartCommand: intent: Intent { cmp=com.google.android.gms/.update.SystemUpdateService (has extras) }
V/AuthZen ( 2342): Handling intent: android.intent.action.BOOT_COMPLETED
D/AuthZenEventHandler( 2342): Handling event: android.intent.action.BOOT_COMPLETED
I/System.out( 3711): There is callback from service
W/BaseAppContext( 2342): Using Auth Proxy for data requests.
I/SystemUpdateService( 2342): cancelUpdate (empty URL)
I/SystemUpdateService( 2342): active receiver: disabled
V/GLSActivity( 1682): AuthDelegateWrapperCreated with selected intent: Intent { cmp=com.google.android.gms/.auth.DefaultAuthDelegateService }
V/GLSActivity( 1682): AuthDelegateWrapperCreated with selected intent: Intent { cmp=com.google.android.gms/.auth.DefaultAuthDelegateService }
D/PackageManager(  823): Ignoring attempt to set enabled state of disabled component com.google.android.gms/com.google.android.gms.update.SystemUpdateService$ActiveReceiver
D/ChimeraCfgMgr( 2342): Loading module com.google.android.gms.kids from APK com.google.android.gms
I/AuthZen ( 2342): Fetching signing key...
I/GCoreUlr( 2440): WorldUpdater received intent Intent { act=com.google.android.location.reporting.ACTION_UPDATE_WORLD cmp=com.google.android.gms/com.google.android.location.reporting.service.DispatchingService (has extras) } with receiverAction android.intent.action.BOOT_COMPLETED
I/CheckinService( 2342): Checking schedule, now: 1448239224168 next: 1448403285873
I/CheckinService( 2342): active receiver: disabled
I/AuthZen ( 2342): Signing key fetched successfully!
W/BaseAppContext( 2342): Using Auth Proxy for data requests.
D/a       ( 2342): Opening database auth.proximity.permit_store...
I/AuthZen ( 2342): Fetching signing key...
I/AuthZen ( 2342): Signing key fetched successfully!
W/BaseAppContext( 2342): Using Auth Proxy for data requests.
D/AuthZenTransactionCache( 2342): Initialized cache in: /data/data/com.google.android.gms/files
D/AuthZenTransactionCache( 2342): Clearing transaction cache
D/ChimeraCfgMgr( 2342): Loading module com.google.android.gms.kids from APK com.google.android.gms
D/SystemUpdateService( 2342): onDestroy
V/GLSActivity( 1682): AuthDelegateWrapperCreated with selected intent: Intent { cmp=com.google.android.gms/.auth.DefaultAuthDelegateService }
W/Auth    ( 1682): [FRP,FrpUpdateIntentService] Received invalid intent action: com.google.android.gms.auth.ACTION_INVALID
W/Kids    ( 2342): [AbstractKidsOperation] Invalid device state 3
V/GLSActivity( 1682): AuthDelegateWrapperCreated with selected intent: Intent { cmp=com.google.android.gms/.auth.DefaultAuthDelegateService }
I/System.out( 3711): There is callback from service
D/Ulp_jni (  823): Location CB invoked
D/GCM     ( 1682): GcmService start Intent { act=android.intent.action.BOOT_COMPLETED flg=0x8000010 cmp=com.google.android.gms/.gcm.GcmService (has extras) } android.intent.action.BOOT_COMPLETED
I/WhisperPush( 4273): GcmRecurringRegistration reregistered
V/GmsCoreStatsServiceLauncher( 2342): Received broadcast intent Intent { act=android.intent.action.BOOT_COMPLETED flg=0x8000010 cmp=com.google.android.gms/.common.stats.GmsCoreStatsServiceLauncher (has extras) }
I/GCoreUlr( 2440): WorldUpdater:android.intent.action.BOOT_COMPLETED: Ensuring that reporting is active for [account#-19#, account#9#]
I/GCoreUlr( 2440): GMS BLE scans enabled.
D/PersistentNotificationBroadcastReceiver( 1682): Received intent: Intent { act=android.intent.action.BOOT_COMPLETED flg=0x8000010 cmp=com.google.android.gms/.common.notification.PersistentNotificationBroadcastReceiver (has extras) }
E/SQLiteLog( 4124): (284) automatic index on sqlite_sq_B4B65510(STAT_DATA_ID)
E/SQLiteLog( 4124): (284) automatic index on sqlite_sq_B4B65330(STAT_DATA_ID)
I/ActivityManager(  823): Start proc 4411:com.google.android.googlequicksearchbox:search/u0a23 for broadcast com.google.android.googlequicksearchbox/com.google.android.apps.gsa.search.core.StartUpReceiver
V/GLSActivity( 1682): AuthDelegateWrapperCreated with selected intent: Intent { cmp=com.google.android.gms/.auth.DefaultAuthDelegateService }
V/GLSActivity( 1682): AuthDelegateWrapperCreated with selected intent: Intent { cmp=com.google.android.gms/.auth.DefaultAuthDelegateService }
V/ContactPhotoManager( 4059): Preloaded 25 photos.  Cached bytes: 131282
D/SyncManager(  823): failed sync operation colin@taplytics.com u0 (com.google), com.google.android.gms.auth.api.credentials, USER, currentRunTime 75317, EXPEDITED, reason: 10022, SyncResult: syncAlreadyInProgress: true stats []
D/CloudSync( 2440): enableCloudRoute: transitioning to connectedToCloud
I/GCM     ( 1682): GCM message GSYNC_TICKLE 0:1448239137647635%e7a71353318775cb
W/ResourcesManager( 2440): Asset path '/system/framework/com.google.android.media.effects.jar' does not exist or contains no resources.
W/ResourcesManager( 2440): Asset path '/system/framework/com.google.android.maps.jar' does not exist or contains no resources.
I/art     ( 3341): Explicit concurrent mark sweep GC freed 25146(1554KB) AllocSpace objects, 5(78KB) LOS objects, 20% free, 31MB/39MB, paused 3.028ms total 175.624ms
W/ActivityThread( 3953): ClassLoader.loadClass: The class loader returned by Thread.getContextClassLoader() may fail for processes that host multiple applications. You should explicitly specify a context class loader. For example: Thread.setContextClassLoader(getClass().getClassLoader());
D/MediaProvider( 1232): object removed 17467
D/MediaProvider( 1232): object removed 19804
D/MediaProvider( 1232): object removed 22265
D/MediaProvider( 1232): object removed 22281
D/MediaProvider( 1232): object removed 23698
D/MediaProvider( 1232): object removed 24478
D/MediaProvider( 1232): object removed 28550
D/MediaProvider( 1232): object removed 28551
W/ResourcesManager( 2440): Asset path '/system/framework/com.google.android.maps.jar' does not exist or contains no resources.
D/MediaProvider( 1232): object removed 28552
D/MediaProvider( 1232): object removed 28555
D/MediaProvider( 1232): object removed 28558
D/MediaProvider( 1232): object removed 28561
W/ResourcesManager( 2440): Asset path '/system/framework/com.google.android.maps.jar' does not exist or contains no resources.
W/ResourcesManager( 2440): Asset path '/system/framework/com.google.android.maps.jar' does not exist or contains no resources.
D/MediaProvider( 1232): object removed 28565
D/MediaProvider( 1232): object removed 28566
D/MediaProvider( 1232): object removed 28567
D/MediaProvider( 1232): object removed 28568
D/MediaProvider( 1232): object removed 28569
D/MediaProvider( 1232): object removed 28570
D/MediaProvider( 1232): object removed 28579
D/MediaProvider( 1232): object removed 28582
D/MediaProvider( 1232): object removed 28583
I/ActivityManager(  823): Start proc 4460:au.com.shiftyjelly.pocketcasts/u0a165 for service au.com.shiftyjelly.pocketcasts/.wear.WearListener
D/MediaProvider( 1232): object removed 28584
D/MediaProvider( 1232): object removed 28585
D/MediaProvider( 1232): object removed 28586
D/MediaProvider( 1232): object removed 28587
D/MediaProvider( 1232): object removed 28588
I/ActivityManager(  823): Start proc 4479:me.lyft.android/u0a174 for service me.lyft.android/.services.WatchListenerService
D/MediaProvider( 1232): object removed 28589
D/MediaProvider( 1232): object removed 28590
D/MediaProvider( 1232): object removed 28592
D/MediaProvider( 1232): object removed 28593
D/MediaProvider( 1232): object removed 28596
I/art     (  264): Explicit concurrent mark sweep GC freed 709(30KB) AllocSpace objects, 0(0B) LOS objects, 40% free, 16MB/26MB, paused 204us total 12.650ms
D/MediaProvider( 1232): object removed 28598
D/MediaProvider( 1232): object removed 28601
I/art     (  264): Explicit concurrent mark sweep GC freed 5(160B) AllocSpace objects, 0(0B) LOS objects, 40% free, 16MB/26MB, paused 195us total 8.716ms
I/art     (  264): Explicit concurrent mark sweep GC freed 5(160B) AllocSpace objects, 0(0B) LOS objects, 40% free, 16MB/26MB, paused 186us total 8.382ms
D/MediaProvider( 1232): object removed 28605
D/MediaProvider( 1232): object removed 28608
D/MediaProvider( 1232): object removed 28612
D/MediaProvider( 1232): object removed 28614
D/MediaProvider( 1232): object removed 50256
I/ActivityManager(  823): Start proc 4501:com.motorola.omni/u0a180 for service com.motorola.omni/.WatchListenerService
D/MediaProvider( 1232): object removed 50668
D/MediaProvider( 1232): object removed 60036
D/MediaProvider( 1232): object removed 71191
D/MediaProvider( 1232): object removed 71217
D/MediaProvider( 1232): object removed 71265
I/ActivityManager(  823): Start proc 4523:com.melodis.midomiMusicIdentifier.freemium/u0a181 for service com.melodis.midomiMusicIdentifier.freemium/com.soundhound.android.appcommon.wear.PhoneEventReceiver
D/MediaProvider( 1232): object removed 78160
D/MediaProvider( 1232): object removed 78312
D/MediaProvider( 1232): object removed 81297
I/ActivityManager(  823): Start proc 4541:com.android.vending/u0a27 for broadcast com.android.vending/com.google.android.finsky.receivers.BootCompletedReceiver
D/MediaProvider( 1232): object removed 81380
D/MediaProvider( 1232): object removed 81423
D/MediaProvider( 1232): object removed 81501
D/MediaProvider( 1232): object removed 81565
D/MediaProvider( 1232): object removed 81670
D/MediaProvider( 1232): object removed 81681
D/MediaProvider( 1232): object removed 81699
D/MediaProvider( 1232): object removed 81769
D/MediaProvider( 1232): object removed 81929
D/MediaProvider( 1232): object removed 81994
D/MediaProvider( 1232): object removed 82034
D/MediaProvider( 1232): object removed 82124
I/ActivityManager(  823): Start proc 4567:com.google.android.apps.fitness/u0a91 for service com.google.android.apps.fitness/.wearable.WearableWatcher
I/MultiDex( 4479): VM with version 2.1.0 has multidex support
I/MultiDex( 4479): install
I/MultiDex( 4479): VM has multidex support, MultiDex support library is disabled.
W/ResourcesManager( 4523): Asset path '/system/framework/com.google.android.maps.jar' does not exist or contains no resources.
I/CommandHandlerService( 3711): Successfully connect to Google API Client
D/MediaProvider( 1232): object removed 82160
D/MediaProvider( 1232): object removed 82193
D/MediaProvider( 1232): object removed 82194
D/MediaProvider( 1232): object removed 82195
D/MediaProvider( 1232): object removed 82196
D/MediaProvider( 1232): object removed 82217
I/MediaRouter( 4460): Found default route: MediaRouter.RouteInfo{ uniqueId=android/.support.v7.media.bq:DEFAULT_ROUTE, name=Phone, description=null, enabled=true, connecting=false, canDisconnect=false, playbackType=0, playbackStream=3, volumeHandling=1, volume=10, volumeMax=15, presentationDisplayId=-1, extras=null, settingsIntent=null, providerPackageName=android }
I/ActivityManager(  823): Start proc 4593:com.airbnb.android/u0a123 for service com.airbnb.android/.wearable.WearableUpdateService
D/MediaProvider( 1232): object removed 82282
D/MediaProvider( 1232): object removed 82364
D/MediaProvider( 1232): object removed 82489
D/MediaProvider( 1232): object removed 82491
D/MediaProvider( 1232): object removed 82753
I/Fabric  ( 4479): Initializing Crashlytics 2.2.4.42
I/ActivityManager(  823): Start proc 4613:com.google.android.keep/u0a152 for service com.google.android.keep/.microapp.WearableService
D/MediaProvider( 1232): object removed 82884
D/MediaProvider( 1232): object removed 84575
I/ActivityManager(  823): Start proc 4635:com.google.android.music:main/u0a131 for service com.google.android.music/.wear.MusicWearableListenerService
D/MediaProvider( 1232): object removed 84858
D/MediaProvider( 1232): object removed 84927
D/MediaProvider( 1232): object removed 85084
D/MediaProvider( 1232): object removed 85145
D/MediaProvider( 1232): object removed 85307
D/MediaProvider( 1232): object removed 85317
D/MediaProvider( 1232): object removed 85609
D/MediaProvider( 1232): object removed 85643
D/MediaProvider( 1232): object removed 85666
I/CWCheckin( 4501): EventInsertThread started
D/MediaProvider( 1232): object removed 85672
D/MediaProvider( 1232): object removed 85742
D/MediaProvider( 1232): object removed 86630
I/ActivityManager(  823): Start proc 4658:com.google.android.gm/u0a111 for service com.google.android.gm/.wearable.AppWearableListenerService
D/HeadsetStateMachine( 3494): Disconnected process message: 10, size: 0
I/sh.SoundHoundApplicatio( 4523): ****** SoundHoundApplication constructor called *************
I/MultiDex( 4523): VM with version 2.1.0 has multidex support
I/MultiDex( 4523): install
I/MultiDex( 4523): VM has multidex support, MultiDex support library is disabled.
D/MediaProvider( 1232): object removed 86631
D/MediaProvider( 1232): object removed 86632
D/MediaProvider( 1232): object removed 86633
D/MediaProvider( 1232): object removed 86634
D/MediaProvider( 1232): object removed 86635
D/MediaProvider( 1232): object removed 86636
D/MediaProvider( 1232): object removed 86637
I/ActivityManager(  823): Start proc 4680:com.mapmyride.android2/u0a170 for service com.mapmyride.android2/com.mapmyfitness.android.remote.WearRemoteControlHostService
D/MediaProvider( 1232): object removed 86638
D/MediaProvider( 1232): object removed 86639
D/MediaProvider( 1232): object removed 86640
D/MediaProvider( 1232): object removed 86641
D/MediaProvider( 1232): object removed 86642
D/MediaProvider( 1232): object removed 86643
I/ActivityManager(  823): Start proc 4702:com.paypal.android.p2pmobile/u0a117 for service com.paypal.android.p2pmobile/com.paypal.android.lib.fusio.FusioListenerService
D/MediaProvider( 1232): object removed 86644
D/MediaProvider( 1232): object removed 86786
D/ChimeraCfgMgr( 2342): Loading module com.google.android.gms.cast from APK com.google.android.gms
W/ActivityManager(  823): Permission Denial: Accessing service ComponentInfo{com.google.android.music/com.google.android.music.dial.DialMediaRouteProviderService} from pid=4460, uid=10165 that is not exported from uid 10131
W/ResourcesManager( 4680): Asset path '/system/framework/com.google.android.maps.jar' does not exist or contains no resources.
D/MediaProvider( 1232): object removed 86787
D/MediaProvider( 1232): object removed 86788
D/MediaProvider( 1232): object removed 86789
W/art     ( 4411): Long monitor contention event with owner method=void com.google.android.apps.gsa.sidekick.main.entry.j.<clinit>() from EntryProvider.java:2659 waiters=0 for 450ms
W/ResourcesManager( 4702): Asset path '/system/framework/com.google.android.maps.jar' does not exist or contains no resources.
I/Fabric  ( 4523): Initializing Crashlytics 2.3.3.61
I/ActivityManager(  823): Start proc 4738:com.google.android.talk/u0a139 for service com.google.android.talk/com.google.android.apps.hangouts.wearable.WearableService
I/art     (  264): Explicit concurrent mark sweep GC freed 707(30KB) AllocSpace objects, 0(0B) LOS objects, 40% free, 16MB/26MB, paused 207us total 18.578ms
I/art     (  264): Explicit concurrent mark sweep GC freed 7(240B) AllocSpace objects, 0(0B) LOS objects, 40% free, 16MB/26MB, paused 205us total 11.135ms
I/art     (  264): Explicit concurrent mark sweep GC freed 5(160B) AllocSpace objects, 0(0B) LOS objects, 40% free, 16MB/26MB, paused 744us total 9.572ms
D/WifiService(  823): New client listening to asynchronous messages
W/art     ( 4411): Verification of com.google.android.apps.gsa.extradex.kato.a.i com.google.android.apps.gsa.extradex.kato.a.q.c(com.google.android.apps.gsa.extradex.kato.a.v) took 141.443ms
I/ActivityManager(  823): Start proc 4761:rocketstartups.wearcalculator/u0a127 for service rocketstartups.wearcalculator/.WearableService
I/MultiDex( 4635): VM with version 2.1.0 has multidex support
I/MultiDex( 4635): install
I/MultiDex( 4635): VM has multidex support, MultiDex support library is disabled.
I/MultiDex( 4593): VM with version 2.1.0 has multidex support
I/MultiDex( 4593): install
I/MultiDex( 4593): VM has multidex support, MultiDex support library is disabled.
W/ResourcesManager( 4738): Asset path '/system/framework/com.google.android.media.effects.jar' does not exist or contains no resources.
I/sh:Config( 4523): Initializing
V/ContactPhotoManager( 4059): Preloaded 25 photos.  Cached bytes: 241083
D/sh.SoundHoundApplicatio( 4523): Setting LL App Key: 3335904327
W/ActivityManager(  823): getRunningAppProcesses: caller 10131 does not hold REAL_GET_TASKS; limiting output
I/BaseStore( 4635): Store database version: 123
V/NQFileLogger( 1682): [119] e.a: about to write to file
V/ProcessReports( 1682): [119] ProcessReportsService.a: If not already scheduled, schedule for 3600 to 14400 seconds from now (but might be processed inline after 900 seconds instead)
I/SHPERF  ( 4523): SoundHoundApplication.initiateApp() started, 639
D/ActivityThread( 4658): Loading provider com.google.android.gmail.provider;com.android.mail.notifier;com.google.android.gm.email.provider;com.google.android.gm.email.notifier: com.android.email.provider.EmailProvider
I/Gmail   ( 4658): getAccountsCursor
V/GLSActivity( 1682): AuthDelegateWrapperCreated with selected intent: Intent { cmp=com.google.android.gms/.auth.DefaultAuthDelegateService }
D/ChimeraCfgMgr( 2342): Loading module com.google.android.gms.cast from APK com.google.android.gms
I/MultiDex( 4680): VM with version 2.1.0 has multidex support
I/MultiDex( 4680): install
I/MultiDex( 4680): VM has multidex support, MultiDex support library is disabled.
W/bt-l2cap( 3494): L2CAP - st: CLOSED evt: 1
W/bt-sdp  ( 3494): SDP - Rcvd conn cnf with error: 0x4  CID 0x40
E/bt-btif ( 3494): bta_av_a2d_sdp_cback, SDP record not found
W/bt-btif ( 3494): bta_dm_rm_cback:0, status:1
W/bt-l2cap( 3494): L2CA_SetDesireRole() new:x0, disallow_switch:0
D/bt-btif ( 3494): AV Sevent(0x41)=0x1215(SDP_DISC_FAIL) state=2(OPENING)
W/bt-l2cap( 3494): L2CA_SetDesireRole() new:x80, disallow_switch:0
W/bt-btif ( 3494): bta_dm_rm_cback:0, status:1
W/bt-l2cap( 3494): L2CA_SetDesireRole() new:x0, disallow_switch:0
W/bt-btif ( 3494): bta_dm_act no entry for connected service cbs
D/bt-btif ( 3494): btif_av_state_opening_handler event:BTA_AV_OPEN_EVT flags 0
W/bt-btif ( 3494): BTA_AV_OPEN_EVT::FAILED status: 3
I/BluetoothA2dpServiceJni( 3494): bta2dp_connection_state_callback
D/bt-btif ( 3494): btif_av_state_opening_handler event:BTIF_SM_EXIT_EVT flags 0
D/bt-btif ( 3494): btif_av_state_idle_handler event:BTIF_SM_ENTER_EVT flags 0
D/A2dpStateMachine( 3494): Pending process message: 101
D/bt-btif ( 3494): AV Sevent(0x41)=0x1210(API_RC_OPEN) state=0(INIT)
D/A2dpStateMachine( 3494): Enter Disconnected: 101
D/A2dpStateMachine( 3494): Connection state 00:0C:8A:DB:48:CA: 1->0
I/HeadsetService( 1739): Headset=false; Bluetooth=false ; USB=false
D/BluetoothAdapterProperties( 3494): CONNECTION_STATE_CHANGE: 00:0C:8A:DB:48:CA: 1 -> 0
V/HeadsetService( 3494): Received BluetoothA2dp Conn State changed
D/HeadsetStateMachine( 3494): Disconnected process message: 19, size: 0
D/HeadsetStateMachine( 3494): A2dp State Changed: Current State: 0Prev State: 1A2pSuspend: false
W/LocalBluetoothProfileManager( 3450): StateChangedHandler mProfile = A2DP new state = 0
I/LocalBluetoothProfileManager( 3450): Failed to connect A2DP device
D/CachedBluetoothDevice( 3450): onProfileStateChanged: profile A2DP newProfileState 0
