D/BluetoothMapService( 3494): masId 0
D/BluetoothMapService( 3494): inside BluetoothMapObexConnection
D/BluetoothMapService( 3494): supportedMessageTypes 1
D/BluetoothMapService( 3494): masId 1
D/BluetoothMapService( 3494): Inside initBinder
D/BluetoothAdapterService( 3494): getAdapterService() - returning com.android.bluetooth.btservice.AdapterService@1adc7d2e
D/BluetoothMapService( 3494): Received start request. Starting profile...
D/BluetoothMapService( 3494): start()
D/BluetoothMapService( 3494): Registering observer
D/HeadsetStateMachine( 3494): Disconnected process message: 10, size: 0
D/HeadsetPhoneState( 3494): sendDeviceStateChanged. mService=0 mSignal=0 mRoam=0 mBatteryCharge=2
D/HeadsetStateMachine( 3494): Disconnected process message: 11, size: 0
D/HeadsetPhoneState( 3494): sendDeviceStateChanged. mService=1 mSignal=5 mRoam=0 mBatteryCharge=2
D/HeadsetStateMachine( 3494): Disconnected process message: 11, size: 0
V/BluetoothMapService( 3494): Handler(): got msg=1
D/BluetoothMap( 1250): Proxy object connected
D/BluetoothAdapterState( 3494): CURRENT_STATE=PENDING, MESSAGE = STARTED, isTurningOn=true, isTurningOff=false
I/bluedroid( 3494): enable
I/bt_hci_bdroid( 3494): init
I/GKI_LINUX( 3494): gki_task_entry task_id=0 [BTU] starting
I/bt-btu  ( 3494): btu_task pending for preload complete event
I/bt_vendor( 3494): bt-vendor : init
I/bt_vendor( 3494): bt-vendor : get_bt_soc_type
I/bt_vendor( 3494): qcom.bluetooth.soc set to 
I/bt_vendor( 3494): qcom.bluetooth.soc not set, so using default.
I/bt_vendor( 3494): init: Local BD Address : f7:9e:20:fb:ee:c0
D/bt_userial_mct( 3494): userial_init
I/bt_vendor( 3494): bt-vendor : BT_VND_OP_POWER_CTRL: On
I/bt_vendor( 3494): Starting hciattach daemon
I/bt_vendor( 3494): try to set true
I/LoopUI.AppConstants( 3544): false, false
I/qcom-bluetooth( 3596): /system/etc/init.qcom.bt.sh: init.qcom.bt.sh config =  
W/BroadcastQueue(  823): Permission Denial: receiving Intent { act=android.intent.action.BOOT_COMPLETED flg=0x8000010 (has extras) } to com.facebook.groups/com.facebook.push.mqtt.receiver.BootCompleteBroadcastReceiver requires android.permission.RECEIVE_BOOT_COMPLETED due to sender null (uid 1000)
D/BluetoothManagerService(  823): Message: 20
D/BluetoothManagerService(  823): Added callback: android.bluetooth.IBluetoothManagerCallback$Stub$Proxy@3f7cfef9:true
I/CCEUtils( 3544): device type: NONMOTO
I/qcom-bluetooth( 3612): /system/etc/init.qcom.bt.sh: Transport : smd 
I/qcom-bluetooth( 3613): /system/etc/init.qcom.bt.sh: ** Bluedroid stack ** 
D/SuperSU][APK( 3569): [SuperSU][APK][Installer] detect(245)
I/qcom-bluetooth( 3619): /system/etc/init.qcom.bt.sh: Power Class: Ignored. Default(1) used (1-CLASS1/2-CLASS2/3-CUSTOM) 
I/qcom-bluetooth( 3620): /system/etc/init.qcom.bt.sh: Power Class: To override, Before turning BT ON; setprop qcom.bt.dev_power_class <1 or 2 or 3> 
I/ActivityManager(  823): Start proc 3624:com.android.dialer/u0a8 for broadcast com.android.dialer/.calllog.CallLogReceiver
I/qcom-bluetooth( 3626): /system/etc/init.qcom.bt.sh: LE Power Class: Ignored. Default(2) used (1-CLASS1/2-CLASS2/3-CUSTOM) 
I/AppMotAcct( 3544): restored: c*****m
I/qcom-bluetooth( 3637): /system/etc/init.qcom.bt.sh: LE Power Class: To override, Before turning BT ON; setprop qcom.bt.le_dev_pwr_class <1 or 2 or 3> 
D/WifiService(  823): New client listening to asynchronous messages
E/BTEventHandler( 3494): A4WP is not supported
I/libmdmdetect( 3643): ESOC framework not supported
E/libmdmdetect( 3643): Found internal modem: modem
W/ResourcesManager( 3494): Asset path '/system/framework/javax.obex.jar' does not exist or contains no resources.
E/        ( 3643): qmi_dms_get_bt_address: Succesfully Read BT address
I/ActivityManager(  823): Start proc 3654:com.cyanogenmod.settings.device/1000 for broadcast com.cyanogenmod.settings.device/.Startup
V/OtaStartupReceiver( 1790): onOtaspChanged: mOtaspMode=3
I/art     (  264): Explicit concurrent mark sweep GC freed 709(30KB) AllocSpace objects, 0(0B) LOS objects, 40% free, 16MB/26MB, paused 202us total 13.446ms
E/QC-QMI  ( 3643): qmi_client [3643] 13: failed to locate client data
E/QC-QMI  (  257): qmuxd: RX on fd=30 returned error=0 errno[2:No such file or directory]
E/QC-QMI  (  257): QMUX qmux_client_id=13 not found in qmux client list, unable to remove
I/art     (  264): Explicit concurrent mark sweep GC freed 5(160B) AllocSpace objects, 0(0B) LOS objects, 40% free, 16MB/26MB, paused 240us total 13.254ms
I/art     (  264): Explicit concurrent mark sweep GC freed 5(160B) AllocSpace objects, 0(0B) LOS objects, 40% free, 16MB/26MB, paused 183us total 8.310ms
I/qcom-bluetooth( 3674): /system/etc/init.qcom.bt.sh: Bluetooth QSoC firmware download succeeded, /dev/ttyHS0 qualcomm 3000000 c0:ee:fb:20:9e:f7 
I/qcom-bluetooth( 3675): /system/etc/init.qcom.bt.sh: ** Bluedroid stack ** 
I/ActivityManager(  823): Start proc 3677:com.eolwral.osmonitor/u0a121 for broadcast com.eolwral.osmonitor/.BootUpReceiver
I/bt_vendor( 3494): bluetooth satus is on
D/bt_userial_mct( 3494): userial_open(port:0)
I/bt_vendor( 3494): bt-vendor : BT_VND_OP_USERIAL_OPEN
I/bt_vendor( 3494): Done intiailizing UART
I/bt_vendor( 3494): Done intiailizing UART
I/bt_userial_mct( 3494): CMD=58, EVT=58, ACL_Out=59, ACL_In=59
I/bt_vendor( 3494): Bluetooth FW and transport layer are initialized
I/bt-btu  ( 3494): btu_task received preload complete event
W/bt-l2cap( 3494): L2CAP - L2CA_Register() called for PSM: 0x0001
D/bt_userial_mct( 3494): Entering userial_read_thread()
W/bt-l2cap( 3494): L2CAP - L2CA_Register() called for PSM: 0x001f
W/bt-l2cap( 3494): L2CAP - L2CA_Register() called for PSM: 0x0003
W/bt-l2cap( 3494): L2CAP - L2CA_Register() called for PSM: 0x1487
I/        ( 3494): BTE_InitTraceLevels -- TRC_HCI
I/        ( 3494): BTE_InitTraceLevels -- TRC_L2CAP
I/        ( 3494): BTE_InitTraceLevels -- TRC_RFCOMM
I/        ( 3494): BTE_InitTraceLevels -- TRC_AVDT
I/        ( 3494): BTE_InitTraceLevels -- TRC_AVRC
I/        ( 3494): BTE_InitTraceLevels -- TRC_A2D
I/        ( 3494): BTE_InitTraceLevels -- TRC_BNEP
I/        ( 3494): BTE_InitTraceLevels -- TRC_BTM
I/        ( 3494): BTE_InitTraceLevels -- TRC_HID_HOST
I/        ( 3494): BTE_InitTraceLevels -- TRC_GAP
I/        ( 3494): BTE_InitTraceLevels -- TRC_PAN
I/        ( 3494): BTE_InitTraceLevels -- TRC_SDP
I/        ( 3494): BTE_InitTraceLevels -- TRC_GATT
I/        ( 3494): BTE_InitTraceLevels -- TRC_SMP
I/        ( 3494): BTE_InitTraceLevels -- TRC_HID_DEV
I/        ( 3494): BTE_InitTraceLevels -- TRC_BTAPP
I/        ( 3494): BTE_InitTraceLevels -- TRC_BTIF
I/        ( 3494): BTE_InitTraceLevels -- TRC_LATENCY_AUDIO
D/SuperSU][APK( 3569): [SuperSU][APK][Installer] su --> 245
D/AuthorizationBluetoothService( 1682): Received Bluetooth event: Intent { act=android.bluetooth.adapter.action.STATE_CHANGED flg=0x14000010 cmp=com.google.android.gms/.auth.be.proximity.authorization.bt.AuthorizationBluetoothService$BluetoothStateChangeReceiver (has extras) }.
W/bt-btm  ( 3494): btm_decode_ext_features_page Secure conn Controller support Enabled
E/bt-btm  ( 3494): BTM_SecRegister:p_cb_info->p_le_callback == 0xaf1e2545 
E/bt-btm  ( 3494): BTM_SecRegister: btm_cb.api.p_le_callback = 0xaf1e2545 
I/ActivityManager(  823): Start proc 3711:com.skype.raider/u0a158 for broadcast com.skype.raider/com.skype.android.audio.BluetoothReceiver
D/SuperSU][APK( 3569): [SuperSU][APK][Installer] su backup --> 245
I/ActivityManager(  823): Killing 2774:com.google.android.apps.walletnfcrel/u0a168 (adj 15): empty #17
E/bt-btif ( 3494): Calling BTA_HhEnable
E/bt-btif ( 3494): btif_storage_get_adapter_property service_mask:0x2140040
D/BluetoothAdapterProperties( 3494): Address is:C0:EE:FB:20:9E:F7
D/bt-btif ( 3494): AG evt (hdl 0x0001): State 0, Event 0x0500
W/bt-l2cap( 3494): L2CAP - L2CA_Register() called for PSM: 0x0019
W/bt-l2cap( 3494): L2CAP - L2CA_Register() called for PSM: 0x0017
D/bt-btif ( 3494):  AVRC_Open AVRC_Open role: 1, control:3 status:0, handle:0
W/bt-l2cap( 3494): L2CAP - L2CA_Register() called for PSM: 0x0011
W/bt-l2cap( 3494): L2CAP - L2CA_Register() called for PSM: 0x0013
W/bt-btm  ( 3494): Stopping oneshot timer
I/ActivityManager(  823): Killing 2825:com.android.chrome/u0a80 (adj 15): empty #17
D/SuperSU][APK( 3569): [SuperSU][APK][Installer] su daemon --> 245
D/BluetoothAdapterProperties( 3494): Name is: OnePlus One
I/ActivityManager(  823): Killing 2864:com.google.android.apps.photos/u0a95 (adj 15): empty #17
D/BluetoothAdapterProperties( 3494): Scan Mode:21
D/BluetoothAdapterProperties( 3494): Discoverable Timeout:120
D/BluetoothManagerService(  823): Bluetooth Adapter name changed to OnePlus One
D/BluetoothManagerService(  823): Stored Bluetooth name: OnePlus One
D/BluetoothAdapterProperties( 3494): Adding bonded device:54:4A:16:10:2A:D9
D/BluetoothAdapterProperties( 3494): Adding bonded device:00:0C:8A:DB:48:CA
E/BluetoothRemoteDevices( 3494): devicePropertyChangedCallback: bdDevice: 54:4A:16:10:2A:D9, value is empty for type: 10
D/A2dpService( 3494): getA2DPService(): returning com.android.bluetooth.a2dp.A2dpService@55f8b78
D/A2dpSinkService( 3494): getA2dpSinkService(): service is NULL
D/BluetoothRemoteDevices( 3494): VendorID: 15 VendorIdSrc: 1 ProductID: 4608 ProductVersion: 5174 SpecificationId: 259
E/BluetoothRemoteDevices( 3494): devicePropertyChangedCallback: bdDevice: 00:0C:8A:DB:48:CA, value is empty for type: 10
D/A2dpService( 3494): getA2DPService(): returning com.android.bluetooth.a2dp.A2dpService@55f8b78
D/A2dpSinkService( 3494): getA2dpSinkService(): service is NULL
E/BluetoothRemoteDevices( 3494): devicePropertyChangedCallback: bdDevice: 00:0C:8A:DB:48:CA, value is empty for type: 254
W/bt-l2cap( 3494): L2CAP - L2CA_Register() called for PSM: 0x000f
E/bt_mct  ( 3494): hci lib postload completed
D/bte_conf( 3494): Device ID record 1 : primary
D/bte_conf( 3494):   vendorId            = 001d
D/bte_conf( 3494):   vendorIdSource      = 0001
D/bte_conf( 3494):   product             = 1200
D/bte_conf( 3494):   version             = 1436
D/bte_conf( 3494):   clientExecutableURL = 
D/bte_conf( 3494):   serviceDescription  = 
D/bte_conf( 3494):   documentationURL    = 
D/bte_conf( 3494): bte_load_did_conf no section named DID2.
D/bt-btif ( 3494): btif_hf_upstreams_evt: event=BTA_AG_ENABLE_EVT
E/bt-btif ( 3494): btif_hf_upstreams_evt: Invalid index 46260
D/bt-btif ( 3494): btif_hf_upstreams_evt: event=BTA_AG_REGISTER_EVT
D/bt-btif ( 3494): btif_av_state_idle_handler event:BTA_AV_ENABLE_EVT flags 0
D/BluetoothAdapterState( 3494): CURRENT_STATE=PENDING, MESSAGE = ENABLE_READY, isTurningOn=true, isTurningOff=false
D/bt-btif ( 3494): btif_av_state_idle_handler event:BTA_AV_REGISTER_EVT flags 0
D/BluetoothAdapterProperties( 3494): ScanMode =  21
D/BluetoothAdapterProperties( 3494): State =  11
D/BluetoothAdapterProperties( 3494): Setting state to 12
I/BluetoothAdapterState( 3494): Bluetooth adapter state changed: 11-> 12
I/BluetoothAdapterState( 3494): Entering On State
D/BluetoothManagerService(  823): Message: 60
D/BluetoothManagerService(  823): MESSAGE_BLUETOOTH_STATE_CHANGE: prevState = 11, newState=12
D/BluetoothManagerService(  823): Broadcasting onBluetoothStateChange(true) to 13 receivers.
D/BluetoothHeadset(  823): onBluetoothStateChange: up=true
D/BluetoothManagerService(  823): Creating new ProfileServiceConnections object for profile: 1
I/MultiDex( 3711): VM with version 2.1.0 has multidex support
I/MultiDex( 3711): install
I/MultiDex( 3711): VM has multidex support, MultiDex support library is disabled.
D/BluetoothPanServiceJni( 3494): control_state_callback(L61): state:0, local_role:3, ifname:bt-pan
D/BluetoothAdapterProperties( 3494): Discoverable Timeout:120
I/ActivityManager(  823): Start proc 3765:com.stmp.minimalface/u0a71 for broadcast com.stmp.minimalface/.BootReceiver
I/ActivityManager(  823): Killing 1838:android.process.acore/u0a6 (adj 15): empty #17
D/CountryDetector(  823): No listener is left
W/ActivityManager(  823): getRunningAppProcesses: caller 10142 does not hold REAL_GET_TASKS; limiting output
D/SuperSU][APK( 3569): [SuperSU][APK][Installer] sugote --> 245 / 1 / 1
D/BluetoothA2dp(  823): onBluetoothStateChange: up=true
I/SkypePerf( 3711): startup start
D/BluetoothInputDevice( 1250): onBluetoothStateChange: up=true
D/BluetoothHeadsetClient( 1250): onBluetoothStateChange: up=true
E/BluetoothHeadsetClient( 1250): Could not bind to Bluetooth Headset Client Service with Intent { act=android.bluetooth.IBluetoothHeadsetClient }
D/BluetoothHeadset(  823): onBluetoothStateChange: up=true
D/BluetoothA2dpSink( 1250): onBluetoothStateChange: up=true
E/BluetoothA2dpSink( 1250): Could not bind to Bluetooth A2DP Service with Intent { act=android.bluetooth.IBluetoothA2dpSink }
D/BluetoothMap( 1250): onBluetoothStateChange: up=true
D/BluetoothHeadset(  823): onBluetoothStateChange: up=true
D/BluetoothA2dp( 1250): onBluetoothStateChange: up=true
D/BluetoothHeadset( 1250): onBluetoothStateChange: up=true
D/BluetoothPan( 1250): onBluetoothStateChange on: true
D/BluetoothAvrcpController( 1250): onBluetoothStateChange: up=true
E/BluetoothAvrcpController( 1250): Could not bind to Bluetooth AVRCP Controller Service with Intent { act=android.bluetooth.IBluetoothAvrcpController }
D/BluetoothHeadset( 1790): onBluetoothStateChange: up=true
I/ActivityManager(  823): Killing 2923:com.guxiu.dreamdays_l/u0a148 (adj 15): empty #17
D/SuperSU][APK( 3569): [SuperSU][APK][Installer] supolicy --> 245
D/SuperSU][APK( 3569): [SuperSU][APK][Installer] su old --> -2
D/SuperSU][APK( 3569): [SuperSU][APK][Installer] app_process --> 1
D/BluetoothManagerService(  823): Bluetooth State Change Intent: 11 -> 12
I/Telecom (  823): BluetoothPhoneService: handleMessage: request is null
I/GCoreUlr( 2440): Caught bluetooth enabled event; re-enabling ULR BLE scanner
I/QBluetoothAdapterService( 3494): REFCOUNT: CREATED. INSTANCE_COUNT1
I/bluedroid( 3494): initq
D/BluetoothManagerService(  823): BluetoothServiceConnection: com.android.bluetooth.gatt.GattService
D/BluetoothManagerService(  823): Message: 40
D/BluetoothManagerService(  823): MESSAGE_BLUETOOTH_SERVICE_CONNECTED: 2
D/BluetoothManagerService(  823): BluetoothServiceConnection: com.android.bluetooth.btservice.QAdapterService
D/BluetoothMapService( 3494): onReceive
D/BluetoothMapService( 3494): onReceive, action android.bluetooth.adapter.action.STATE_CHANGED
D/BluetoothMapService( 3494): STATE_ON
V/BluetoothMapService( 3494): Handler(): got msg=1
E/BluetoothManagerService(  823): Bluetooth Q service connected: com.android.bluetooth.btservice.QAdapterService
D/BluetoothManagerService(  823): Message: 40
D/BluetoothManagerService(  823): checkIfCallerIsForegroundUser: valid=true callingUser=0 parentUser=-10000 foregroundUser=0
D/BluetoothManagerService(  823): MESSAGE_BLUETOOTH_SERVICE_CONNECTED: 3
D/BluetoothManagerService(  823): mQBluetooth: android.bluetooth.IQBluetooth$Stub$Proxy@3074fcb4
D/BluetoothManagerService(  823): Calling onQBluetoothServiceUp callbacks
D/BluetoothManagerService(  823): Broadcasting onQBluetoothServiceUp() to 0 receivers.
W/BluetoothAdapter( 3494): getBluetoothService() called with no BluetoothManagerCallback
D/BluetoothMapService( 3494): inside SocketAcceptThread
D/BluetoothAdapterProperties( 3494): Scan Mode:21
E/ActivityThread( 3494): Failed to find provider info for com.android.email.provider
D/SuperSU][APK( 3569): [SuperSU][APK][Installer] sdk == 22
D/SuperSU][APK( 3569): [SuperSU][APK][Installer] xbin_only == 0
D/SuperSU][APK( 3569): [SuperSU][APK][Installer] selinux_enforcing == 1
D/SuperSU][APK( 3569): [SuperSU][APK][Installer] is_daemon_mode == 1
D/SuperSU][APK( 3569): [SuperSU][APK][Installer] is_sugote_needed == 1
D/SuperSU][APK( 3569): [SuperSU][APK][Installer] is_supolicy_needed == 1
D/SuperSU][APK( 3569): [SuperSU][APK][Installer] context_toolbox == u:object_r:system_file:s0
D/SuperSU][APK( 3569): [SuperSU][APK][Installer] want_install == 0
D/SuperSU][APK( 3569): [SuperSU][APK][Installer] want_backup == 0
D/SuperSU][APK( 3569): [SuperSU][APK][Installer] want_daemon == 0
D/SuperSU][APK( 3569): [SuperSU][APK][Installer] want_sugote == 0
D/SuperSU][APK( 3569): [SuperSU][APK][Installer] want_supolicy == 0
D/SuperSU][APK( 3569): [SuperSU][APK][Installer] want_app_process == 0
D/SuperSU][APK( 3569): [SuperSU][APK][Installer] have_recovery_context == 1
D/SuperSU][APK( 3569): [SuperSU][APK][Installer] wantInstall() == 0
D/SuperSU][APK( 3569): [SuperSU][APK][Installer] canInstall() == 1
D/BluetoothMapService( 3494): Removing from the list, masid 0
D/BluetoothMapService( 3494): Accepting socket connection...
D/BluetoothManagerService(  823): Message: 400
D/BluetoothHeadset(  823): Proxy object connected
D/BluetoothManagerService(  823): Message: 400
D/BluetoothHeadset(  823): Proxy object connected
D/BluetoothManagerService(  823): Message: 400
D/BluetoothHeadset(  823): Proxy object connected
D/BluetoothManagerService(  823): Message: 400
D/BluetoothHeadset( 1250): Proxy object connected
D/BluetoothManagerService(  823): Message: 400
D/BluetoothHeadset( 1790): Proxy object connected
D/BluetoothMap( 1250): getConnectionState(54:4A:16:10:2A:D9)
D/BluetoothMap( 1250): getConnectionState(00:0C:8A:DB:48:CA)
D/BluetoothMap( 1250): getConnectionState(54:4A:16:10:2A:D9)
D/BluetoothMap( 1250): getConnectionState(00:0C:8A:DB:48:CA)
V/skype_jni( 3711): jni_CallDevice::jni_CallDevice()
V/skype_jni( 3711): jni_CallDevice::Init()
E/skype_jni( 3711): g_jniCallback == 0
E/skype_jni( 3711): g_pcmInit == 0
E/art     ( 3711): dlopen("/data/app/com.skype.raider-1/lib/arm/libcodecs.so", RTLD_LAZY) failed: dlopen failed: cannot locate symbol "_ZN7android12MemoryDealerC1EjPKc" referenced by "libcodecs.so"...
D/WifiService(  823): New client listening to asynchronous messages
V/skype_jni( 3711): JNI Init
V/skype_jni( 3711): jniSetup
V/skype_jni( 3711): jniSetup_HwOffload
W/AudioCapabilities( 3711): Unsupported mime audio/evrc
W/AudioCapabilities( 3711): Unsupported mime audio/qcelp
W/VideoCapabilities( 3711): Unrecognized profile 2130706433 for video/avc
W/AudioCapabilities( 3711): Unsupported mime audio/x-ms-wma
W/AudioCapabilities( 3711): Unsupported mime audio/x-ms-wma
W/AudioCapabilities( 3711): Unsupported mime audio/x-ms-wma
W/AudioCapabilities( 3711): Unsupported mime audio/amr-wb-plus
V/MinimalWatchFaceTools( 3765): OnBoot Received: ACTION_BOOT_COMPLETED
W/AudioCapabilities( 3711): Unsupported mime audio/qcelp
W/AudioCapabilities( 3711): Unsupported mime audio/evrc
W/VideoCapabilities( 3711): Unsupported mime video/mpeg2
V/MinimalWatchFaceTools( 3765): startRequestFromWatchAlarms
W/VideoCapabilities( 3711): Unsupported mime video/x-ms-wmv
W/VideoCapabilities( 3711): Unsupported mime video/divx
W/VideoCapabilities( 3711): Unsupported mime video/divx311
W/VideoCapabilities( 3711): Unsupported mime video/divx4
W/VideoCapabilities( 3711): Unsupported mime video/mp4v-esdp
I/HeadsetService( 1739): Starting service.
I/VideoCapabilities( 3711): Unsupported profile 4 for video/mp4v-es
W/AudioCapabilities( 3711): Unsupported mime audio/x-ape
W/AudioCapabilities( 3711): Unsupported mime audio/ffmpeg
W/AudioCapabilities( 3711): Unsupported mime audio/vnd.dts
W/AudioCapabilities( 3711): Unsupported mime audio/mpeg-L2
W/AudioCapabilities( 3711): Unsupported mime audio/vnd.rn-realaudio
W/AudioCapabilities( 3711): Unsupported mime audio/x-ms-wma
W/VideoCapabilities( 3711): Unsupported mime video/divx
W/VideoCapabilities( 3711): Unsupported mime video/x-flv
W/VideoCapabilities( 3711): Unsupported mime video/mpeg2
W/VideoCapabilities( 3711): Unsupported mime video/vnd.rn-realvideo
W/VideoCapabilities( 3711): Unsupported mime video/vc1
W/VideoCapabilities( 3711): Unsupported mime video/ffmpeg
I/ActivityManager(  823): Start proc 3846:com.cyanogenmod.account/u0a2 for broadcast com.cyanogenmod.account/.receiver.BootReceiver
W/VideoCapabilities( 3711): Unsupported mime video/x-ms-wmv
V/MinimalWatchFaceTools( 3765): AfterBootCheck - ONE TIME BAT - REGISTERED
V/MinimalWatchFaceService( 3765): BatteryInfo onReceive prev = 0 curr = 52 prevPrefs = -2
W/VideoCapabilities( 3711): Unrecognized profile 2130706433 for video/avc
W/SLIQ    ( 3711): Could not find getCapabilitiesInfoFormat
V/offload_effect_bundle(  254): effect_lib_create: sessionId: 0, ioId: 4
V/offload_effect_equalizer(  254): equalizer_init: ctxt 0xb1839080
V/offload_effect_bundle(  254): effect_lib_create created context 0xb1839080
V/offload_effect_bundle(  254): effect_command: ctxt 0xb1839080, cmd 0
V/offload_effect_equalizer(  254): equalizer_init: ctxt 0xb1839080
V/offload_effect_bundle(  254): effect_command: ctxt 0xb1839080, cmd 20
V/offload_effect_bundle(  254): effect_command EFFECT_CMD_OFFLOAD offload 0 output 4
V/offload_effect_bundle(  254): effect_command: ctxt 0xb1839080, cmd 1
W/Equalizer( 1739): WARNING: attaching an Equalizer to global output mix is deprecated!
V/offload_effect_bundle(  254): effect_command: ctxt 0xb1839080, cmd 8
V/offload_effect_bundle(  254): effect_command: ctxt 0xb1839080, cmd 8
V/offload_effect_bundle(  254): effect_command: ctxt 0xb1839080, cmd 8
V/offload_effect_bundle(  254): effect_command: ctxt 0xb1839080, cmd 8
V/offload_effect_bundle(  254): effect_command: ctxt 0xb1839080, cmd 8
V/offload_effect_bundle(  254): effect_command: ctxt 0xb1839080, cmd 8
V/offload_effect_bundle(  254): effect_command: ctxt 0xb1839080, cmd 8
V/offload_effect_bundle(  254): effect_command: ctxt 0xb1839080, cmd 8
V/offload_effect_bundle(  254): effect_command: ctxt 0xb1839080, cmd 8
V/offload_effect_bundle(  254): effect_command: ctxt 0xb1839080, cmd 8
V/offload_effect_bundle(  254): effect_command: ctxt 0xb1839080, cmd 8
V/offload_effect_bundle(  254): effect_command: ctxt 0xb1839080, cmd 8
I/SLIQ    ( 3711): OMX H.264 profile 2130706433 is not supported
I/SLIQ    ( 3711): OMX color format 2135033992 is not supported
I/SLIQ    ( 3711): video/avc encoder detected: Capabilities [codecName=OMX.qcom.video.encoder.avc, profiles=[BASELINE, MAIN, HIGH], levels=[L51], colorFormats=[NV12, OMX_QCOM_COLOR_FormatYUV420PackedSemiPlanar32m, SURFACE], widthRange=[96, 4096], heightRange=[64, 2160], bitrateRange=[1, 100000000], supportQCExtensions=false]
V/qcbassboost(  254): 
V/qcbassboost(  254): 	EffectCreate start session 0
V/qcbassboost(  254): 	GlobalSession_init start
W/SLIQ    ( 3711): Could not find getCapabilitiesInfoFormat
I/SLIQ    ( 3711): OMX color format 2135033992 is not supported
I/SLIQ    ( 3711): OMX color format 2141391877 is not supported
E/qcbassboost(  254): 	EffectCreate: Allocating SessionNo 0 for SessionId 0
V/qcbassboost(  254): 
V/qcbassboost(  254): 	EffectCreate created ctxt 0xb5871400 for session 0
V/offload_effect_bundle(  254): effect_lib_create: sessionId: 0, ioId: 4
V/offload_effect_bass_boost(  254): bassboost_init: ctxt 0xb5895b80
V/offload_effect_bundle(  254): effect_lib_create created context 0xb5895b80
V/qcbassboost(  254): 	Effect_command: ctxt 0xb5871400, cmd 0
V/qcbassboost(  254): 	BassBoost_init start, ctxt 0xb5871400
V/offload_effect_bundle(  254): effect_command: ctxt 0xb5895b80, cmd 0
V/offload_effect_bass_boost(  254): bassboost_init: ctxt 0xb5895b80
V/offload_effect_bundle(  254): effect_command: ctxt 0xb5895b80, cmd 20
V/offload_effect_bundle(  254): effect_command EFFECT_CMD_OFFLOAD offload 0 output 4
V/offload_effect_bundle(  254): effect_command: ctxt 0xb1839080, cmd 1
V/qcbassboost(  254): 	Effect_command: ctxt 0xb5871400, cmd 1
V/qcbassboost(  254): 	BassBoost_setConfig: ctxt 0xb5871400
V/qcbassboost(  254): 	BassBoost_init start, ctxt 0xb5871400
V/offload_effect_bundle(  254): effect_command: ctxt 0xb5895b80, cmd 1
V/qcbassboost(  254): 	Effect_command: ctxt 0xb5871400, cmd 9
I/qcbassboost(  254): 	EFFECT_CMD_SET_DEVICE device(0x2) is invalid for BASS_BOOST
I/qcbassboost(  254): 	EFFECT_CMD_SET_DEVICE disable BASS_BOOST
V/offload_effect_bundle(  254): effect_command: ctxt 0xb5895b80, cmd 9
V/offload_effect_bundle(  254): 	 EFFECT_CMD_SET_DEVICE start
V/offload_effect_bass_boost(  254): bassboost_set_device: ctxt 0xb5895b80, device 0x2
I/offload_effect_bass_boost(  254): bassboost_set_device: ctxt 0xb5895b80, disabled based on device
W/BassBoost( 1739): WARNING: attaching a BassBoost to global output mix is deprecated!
V/qcbassboost(  254): 	Effect_command: ctxt 0xb5871400, cmd 8
V/qcbassboost(  254): 	BassBoost_getParameter(): ctxt 0xb5871400, param 0, 
V/offload_effect_bundle(  254): effect_command: ctxt 0xb5895b80, cmd 8
I/SLIQ    ( 3711): video/avc decoder detected: Capabilities [codecName=OMX.qcom.video.decoder.avc, profiles=[BASELINE, MAIN, HIGH], levels=[L4], colorFormats=[I420, NV12, OMX_QCOM_COLOR_FormatYUV420PackedSemiPlanar32m], widthRange=[64, 4096], heightRange=[64, 2160], bitrateRange=[1, 25000000], supportQCExtensions=false]
V/qcvirt  (  254): 
V/qcvirt  (  254): 	EffectCreate start session 0
V/qcvirt  (  254): 	GlobalSession_init start
E/qcvirt  (  254): 	EffectCreate: Allocating SessionNo 0 for SessionId 0
V/qcvirt  (  254): 
V/qcvirt  (  254): 	EffectCreate created ctxt 0xb587a100 for session 0
V/offload_effect_bundle(  254): effect_lib_create: sessionId: 0, ioId: 4
V/offload_effect_virtualizer(  254): virtualizer_init: ctxt 0xaf803180
V/offload_effect_bundle(  254): effect_lib_create created context 0xaf803180
V/qcvirt  (  254): 	Effect_command, ctxt 0xb587a100, cmd 0
V/qcvirt  (  254): 	Virtualizer_init start ctxt 0xb587a100
V/offload_effect_bundle(  254): effect_command: ctxt 0xaf803180, cmd 0
V/offload_effect_virtualizer(  254): virtualizer_init: ctxt 0xaf803180
V/offload_effect_bundle(  254): effect_command: ctxt 0xaf803180, cmd 20
V/offload_effect_bundle(  254): effect_command EFFECT_CMD_OFFLOAD offload 0 output 4
V/qcvirt  (  254): 	Effect_command, ctxt 0xb587a100, cmd 1
V/qcvirt  (  254): 	Virtualizer_setConfig, ctxt 0xb587a100
V/qcvirt  (  254): 	Virtualizer_init start ctxt 0xb587a100
V/offload_effect_bundle(  254): effect_command: ctxt 0xaf803180, cmd 1
V/qcvirt  (  254): 	Effect_command, ctxt 0xb587a100, cmd 9
I/qcvirt  (  254): 	EFFECT_CMD_SET_DEVICE device(0x2) is invalid for VIRTUALIZER
I/qcvirt  (  254): 	EFFECT_CMD_SET_DEVICE disable VIRTUALIZER
V/offload_effect_bundle(  254): effect_command: ctxt 0xaf803180, cmd 9
V/offload_effect_bundle(  254): 	 EFFECT_CMD_SET_DEVICE start
V/offload_effect_virtualizer(  254): virtualizer_set_device: ctxt 0xaf803180, device: 0x2
I/offload_effect_virtualizer(  254): virtualizer_set_device: ctxt 0xaf803180, disabled based on device
W/Virtualizer( 1739): WARNING: attaching a Virtualizer to global output mix is deprecated!
V/qcvirt  (  254): 	Effect_command, ctxt 0xb587a100, cmd 8
V/qcvirt  (  254): 	Virtualizer_getParameter, ctxt 0xb587a100, param 0
V/offload_effect_bundle(  254): effect_command: ctxt 0xaf803180, cmd 8
V/qcreverb(  254): 
V/qcreverb(  254): 	EffectCreate start session 0
V/qcreverb(  254): 	EffectCreate - Initializing all global memory
V/qcreverb(  254): 	GlobalSession_init start
E/qcreverb(  254): 	EffectCreate: Allocating SessionNo 0 for SessionId 0
V/qcreverb(  254): 	EffectCreate - UUID matched Reverb type 2, UUID = 53ef1db5
V/qcreverb(  254): 	EffectCreate - PRESET
V/qcreverb(  254): 	EffectCreate - AUX
V/qcreverb(  254): 
V/qcreverb(  254): 	EffectCreate created ctxt 0xb587a180 for session 0
V/offload_effect_bundle(  254): effect_lib_create: sessionId: 0, ioId: 4
V/offload_effect_reverb(  254): reverb_init: ctxt 0xb5898500
V/offload_effect_bundle(  254): effect_lib_create created context 0xb5898500
V/qcreverb(  254): 	Effect_command, ctxt 0xb587a180, cmd 0
V/qcreverb(  254): 	Reverb_init start, ctxt 0xb587a180
V/offload_effect_bundle(  254): effect_command: ctxt 0xb5898500, cmd 0
V/offload_effect_reverb(  254): reverb_init: ctxt 0xb5898500
V/offload_effect_bundle(  254): effect_command: ctxt 0xb5898500, cmd 20
V/offload_effect_bundle(  254): effect_command EFFECT_CMD_OFFLOAD offload 0 output 4
V/qcreverb(  254): 	Effect_command, ctxt 0xb587a180, cmd 1
V/qcreverb(  254): 	Reverb_setConfig, ctxt 0xb587a180
V/qcreverb(  254): 	Reverb_init start, ctxt 0xb587a180
V/offload_effect_bundle(  254): effect_command: ctxt 0xb5898500, cmd 1
V/offload_effect_bundle(  254): effect_command: ctxt 0xb1839080, cmd 8
V/offload_effect_bundle(  254): effect_command: ctxt 0xb1839080, cmd 8
V/offload_effect_bundle(  254): effect_command: ctxt 0xb1839080, cmd 8
V/offload_effect_bundle(  254): effect_command: ctxt 0xb1839080, cmd 8
V/offload_effect_bundle(  254): effect_command: ctxt 0xb1839080, cmd 8
V/offload_effect_bundle(  254): effect_command: ctxt 0xb1839080, cmd 8
V/offload_effect_bundle(  254): effect_command: ctxt 0xb1839080, cmd 8
V/offload_effect_bundle(  254): effect_command: ctxt 0xb1839080, cmd 5
V/offload_effect_equalizer(  254): equalizer_set_parameter: ctxt 0xb1839080, param 6
V/offload_effect_equalizer(  254): equalizer_get_num_presets: ctxt 0xb1839080, presets_num: 10
V/offload_effect_equalizer(  254): equalizer_set_preset: ctxt 0xb1839080, preset: 0
V/offload_effect_bundle(  254): effect_command: ctxt 0xb1839080, cmd 8
V/offload_effect_bundle(  254): effect_command: ctxt 0xb1839080, cmd 8
V/offload_effect_bundle(  254): effect_command: ctxt 0xb1839080, cmd 8
V/offload_effect_bundle(  254): effect_command: ctxt 0xb1839080, cmd 8
V/offload_effect_bundle(  254): effect_command: ctxt 0xb1839080, cmd 8
V/offload_effect_bundle(  254): effect_command: ctxt 0xb1839080, cmd 5
V/offload_effect_equalizer(  254): equalizer_set_parameter: ctxt 0xb1839080, param 6
V/offload_effect_equalizer(  254): equalizer_get_num_presets: ctxt 0xb1839080, presets_num: 10
V/offload_effect_equalizer(  254): equalizer_set_preset: ctxt 0xb1839080, preset: 1
V/offload_effect_bundle(  254): effect_command: ctxt 0xb1839080, cmd 8
V/offload_effect_bundle(  254): effect_command: ctxt 0xb1839080, cmd 8
V/offload_effect_bundle(  254): effect_command: ctxt 0xb1839080, cmd 8
V/offload_effect_bundle(  254): effect_command: ctxt 0xb1839080, cmd 8
V/offload_effect_bundle(  254): effect_command: ctxt 0xb1839080, cmd 8
V/offload_effect_bundle(  254): effect_command: ctxt 0xb1839080, cmd 5
V/offload_effect_equalizer(  254): equalizer_set_parameter: ctxt 0xb1839080, param 6
V/offload_effect_equalizer(  254): equalizer_get_num_presets: ctxt 0xb1839080, presets_num: 10
V/offload_effect_equalizer(  254): equalizer_set_preset: ctxt 0xb1839080, preset: 2
V/offload_effect_bundle(  254): effect_command: ctxt 0xb1839080, cmd 8
V/offload_effect_bundle(  254): effect_command: ctxt 0xb1839080, cmd 8
V/offload_effect_bundle(  254): effect_command: ctxt 0xb1839080, cmd 8
V/offload_effect_bundle(  254): effect_command: ctxt 0xb1839080, cmd 8
V/offload_effect_bundle(  254): effect_command: ctxt 0xb1839080, cmd 8
V/offload_effect_bundle(  254): effect_command: ctxt 0xb1839080, cmd 5
V/offload_effect_equalizer(  254): equalizer_set_parameter: ctxt 0xb1839080, param 6
V/offload_effect_equalizer(  254): equalizer_get_num_presets: ctxt 0xb1839080, presets_num: 10
V/offload_effect_equalizer(  254): equalizer_set_preset: ctxt 0xb1839080, preset: 3
V/offload_effect_bundle(  254): effect_command: ctxt 0xb1839080, cmd 8
V/offload_effect_bundle(  254): effect_command: ctxt 0xb1839080, cmd 8
V/offload_effect_bundle(  254): effect_command: ctxt 0xb1839080, cmd 8
V/offload_effect_bundle(  254): effect_command: ctxt 0xb1839080, cmd 8
V/offload_effect_bundle(  254): effect_command: ctxt 0xb1839080, cmd 8
V/offload_effect_bundle(  254): effect_command: ctxt 0xb1839080, cmd 5
V/offload_effect_equalizer(  254): equalizer_set_parameter: ctxt 0xb1839080, param 6
V/offload_effect_equalizer(  254): equalizer_get_num_presets: ctxt 0xb1839080, presets_num: 10
V/offload_effect_equalizer(  254): equalizer_set_preset: ctxt 0xb1839080, preset: 4
V/offload_effect_bundle(  254): effect_command: ctxt 0xb1839080, cmd 8
V/offload_effect_bundle(  254): effect_command: ctxt 0xb1839080, cmd 8
V/offload_effect_bundle(  254): effect_command: ctxt 0xb1839080, cmd 8
V/offload_effect_bundle(  254): effect_command: ctxt 0xb1839080, cmd 8
V/offload_effect_bundle(  254): effect_command: ctxt 0xb1839080, cmd 8
V/offload_effect_bundle(  254): effect_command: ctxt 0xb1839080, cmd 5
V/offload_effect_equalizer(  254): equalizer_set_parameter: ctxt 0xb1839080, param 6
V/offload_effect_equalizer(  254): equalizer_get_num_presets: ctxt 0xb1839080, presets_num: 10
V/offload_effect_equalizer(  254): equalizer_set_preset: ctxt 0xb1839080, preset: 5
V/offload_effect_bundle(  254): effect_command: ctxt 0xb1839080, cmd 8
V/offload_effect_bundle(  254): effect_command: ctxt 0xb1839080, cmd 8
V/offload_effect_bundle(  254): effect_command: ctxt 0xb1839080, cmd 8
V/offload_effect_bundle(  254): effect_command: ctxt 0xb1839080, cmd 8
V/offload_effect_bundle(  254): effect_command: ctxt 0xb1839080, cmd 8
V/offload_effect_bundle(  254): effect_command: ctxt 0xb1839080, cmd 5
V/offload_effect_equalizer(  254): equalizer_set_parameter: ctxt 0xb1839080, param 6
V/offload_effect_equalizer(  254): equalizer_get_num_presets: ctxt 0xb1839080, presets_num: 10
V/offload_effect_equalizer(  254): equalizer_set_preset: ctxt 0xb1839080, preset: 6
V/offload_effect_bundle(  254): effect_command: ctxt 0xb1839080, cmd 8
V/offload_effect_bundle(  254): effect_command: ctxt 0xb1839080, cmd 8
V/offload_effect_bundle(  254): effect_command: ctxt 0xb1839080, cmd 8
V/offload_effect_bundle(  254): effect_command: ctxt 0xb1839080, cmd 8
V/offload_effect_bundle(  254): effect_command: ctxt 0xb1839080, cmd 8
V/offload_effect_bundle(  254): effect_command: ctxt 0xb1839080, cmd 5
V/offload_effect_equalizer(  254): equalizer_set_parameter: ctxt 0xb1839080, param 6
V/offload_effect_equalizer(  254): equalizer_get_num_presets: ctxt 0xb1839080, presets_num: 10
V/offload_effect_equalizer(  254): equalizer_set_preset: ctxt 0xb1839080, preset: 7
V/offload_effect_bundle(  254): effect_command: ctxt 0xb1839080, cmd 8
V/offload_effect_bundle(  254): effect_command: ctxt 0xb1839080, cmd 8
V/offload_effect_bundle(  254): effect_command: ctxt 0xb1839080, cmd 8
V/offload_effect_bundle(  254): effect_command: ctxt 0xb1839080, cmd 8
V/offload_effect_bundle(  254): effect_command: ctxt 0xb1839080, cmd 8
V/offload_effect_bundle(  254): effect_command: ctxt 0xb1839080, cmd 5
V/offload_effect_equalizer(  254): equalizer_set_parameter: ctxt 0xb1839080, param 6
V/offload_effect_equalizer(  254): equalizer_get_num_presets: ctxt 0xb1839080, presets_num: 10
V/offload_effect_equalizer(  254): equalizer_set_preset: ctxt 0xb1839080, preset: 8
V/offload_effect_bundle(  254): effect_command: ctxt 0xb1839080, cmd 8
V/offload_effect_bundle(  254): effect_command: ctxt 0xb1839080, cmd 8
V/offload_effect_bundle(  254): effect_command: ctxt 0xb1839080, cmd 8
V/offload_effect_bundle(  254): effect_command: ctxt 0xb1839080, cmd 8
V/offload_effect_bundle(  254): effect_command: ctxt 0xb1839080, cmd 8
V/offload_effect_bundle(  254): effect_command: ctxt 0xb1839080, cmd 5
V/offload_effect_equalizer(  254): equalizer_set_parameter: ctxt 0xb1839080, param 6
V/offload_effect_equalizer(  254): equalizer_get_num_presets: ctxt 0xb1839080, presets_num: 10
V/offload_effect_equalizer(  254): equalizer_set_preset: ctxt 0xb1839080, preset: 9
V/offload_effect_bundle(  254): effect_command: ctxt 0xb1839080, cmd 8
V/offload_effect_bundle(  254): effect_command: ctxt 0xb1839080, cmd 8
V/offload_effect_bundle(  254): effect_command: ctxt 0xb1839080, cmd 8
V/offload_effect_bundle(  254): effect_command: ctxt 0xb1839080, cmd 8
V/offload_effect_bundle(  254): effect_command: ctxt 0xb1839080, cmd 8
V/offload_effect_bundle(  254): effect_lib_release context 0xb1839080
V/qcvirt  (  254): 	Effect_command, ctxt 0xb587a100, cmd 1
V/qcvirt  (  254): 	Virtualizer_setConfig, ctxt 0xb587a100
V/offload_effect_bundle(  254): effect_command: ctxt 0xaf803180, cmd 1
V/qcbassboost(  254): 	EffectRelease: Releasing Effect 0xb5871400 for SessionId 0
V/offload_effect_bundle(  254): effect_lib_release context 0xb5895b80
V/qcreverb(  254): 	Effect_command, ctxt 0xb587a180, cmd 1
V/qcreverb(  254): 	Reverb_setConfig, ctxt 0xb587a180
V/offload_effect_bundle(  254): effect_command: ctxt 0xb5898500, cmd 1
V/qcvirt  (  254): 	EffectRelease: Releasing Effect 0xb587a100 for SessionId 0
V/offload_effect_bundle(  254): effect_lib_release context 0xaf803180
V/qcreverb(  254): 	EffectRelease: Releasing Effect 0xb587a180 for SessionId 0
V/offload_effect_bundle(  254): effect_lib_release context 0xb5898500
I/HeadsetService( 1739): Headset=false; Bluetooth=false ; USB=false
D/        ( 3341): NEON supported and enabled
D/A2dpService( 3494): getA2DPService(): returning com.android.bluetooth.a2dp.A2dpService@55f8b78
D/A2dpSinkService( 3494): getA2dpSinkService(): service is NULL
D/A2dpStateMachine( 3494): Disconnected process message: 1
I/BluetoothA2dpServiceJni( 3494): connectA2dpNative: sBluetoothA2dpInterface: 0xaf2baae8
D/bt-btif ( 3494): btif_av_state_idle_handler event:BTIF_AV_CONNECT_REQ_EVT flags 0
D/bt-btif ( 3494): btif_av_state_idle_handler event:BTIF_SM_EXIT_EVT flags 0
D/bt-btif ( 3494): btif_av_state_opening_handler event:BTIF_SM_ENTER_EVT flags 0
I/BluetoothA2dpServiceJni( 3494): bta2dp_connection_state_callback
D/bt-btif ( 3494): AV Sevent(0x41)=0x1209(API_OPEN) state=0(INIT)
E/bt-btif ( 3494): reset flags
W/bt-btif ( 3494): bta_dm_rm_cback:0, status:0
W/bt-l2cap( 3494): L2CA_SetDesireRole() new:x0, disallow_switch:0
W/bt-btif ( 3494): new conn_srvc id:18, app_id:0
W/bt-btif ( 3494): new conn_srvc id:18, app_id:0 count:1
W/bt-l2cap( 3494): L2CA_ErtmConnectReq()  PSM: 0x0001  BDA: 000c8adb48ca  p_ertm_info: 0x00000000 allowed:0x0 preferred:0
D/A2dpStateMachine( 3494): Connection state 00:0C:8A:DB:48:CA: 0->1
D/A2dpStateMachine( 3494): Exit Disconnected: 1
D/A2dpStateMachine( 3494): Enter Pending: 1
D/A2dpStateMachine( 3494): Pending process message: 101
D/A2dpStateMachine( 3494): Stack and target device are connecting
D/BluetoothAdapterProperties( 3494): CONNECTION_STATE_CHANGE: 00:0C:8A:DB:48:CA: 0 -> 1
V/HeadsetService( 3494): Received BluetoothA2dp Conn State changed
D/HeadsetStateMachine( 3494): Disconnected process message: 19, size: 0
D/HeadsetStateMachine( 3494): A2dp State Changed: Current State: 1Prev State: 0A2pSuspend: false
D/BluetoothManagerService(  823): Message: 20
D/BluetoothManagerService(  823): Added callback: android.bluetooth.IBluetoothManagerCallback$Stub$Proxy@8bc5d98:true
I/HeadsetService( 1739): Headset=false; Bluetooth=false ; USB=false
W/linker  ( 3711): libtelemetryclient.so: unused DT entry: type 0xf arg 0x31cb
D/MinimalWatchFaceService( 3765): onConnected: null
I/ActivityManager(  823): Start proc 3913:org.cyanogenmod.bugreport/2000 for broadcast org.cyanogenmod.bugreport/.PackageChangeReceiver
I/ActivityManager(  823): Killing 3306:com.facebook.groups/u0a72 (adj 15): empty #17
I/ActivityManager(  823): Start proc 3935:com.cyanogenmod.updater/u0a3 for broadcast com.cyanogenmod.updater/.receiver.UpdateCheckReceiver
I/ActivityManager(  823): Killing 3169:com.android.cellbroadcastreceiver/u0a5 (adj 15): empty #17
I/ActivityManager(  823): Start proc 3953:com.google.android.apps.maps/u0a101 for broadcast com.google.android.apps.maps/com.google.android.apps.gmm.iamhere.ble.StartBleServiceReceiver
I/ActivityManager(  823): Killing 3192:com.google.android.wearable.app:ui/u0a251 (adj 15): empty #17
I/UpdateCheckReceiver( 3935): Scheduling future, repeating update checks.
I/ActivityManager(  823): Killing 2014:com.google.android.googlequicksearchbox:search/u0a23 (adj 15): empty #17
D/WifiService(  823): Client connection lost with reason: 4
W/com.google.a.a.b.d.a( 3953): Application name is not set. Call Builder#setApplicationName.
I/ActivityManager(  823): Start proc 3997:com.spotify.music/u0a157 for broadcast com.spotify.music/com.spotify.mobile.android.service.BluetoothServiceManager
I/ActivityManager(  823): Killing 3424:com.cyanogenmod.lockclock/u0a50 (adj 15): empty #17
D/BluetoothManagerService(  823): Message: 20
D/BluetoothManagerService(  823): Added callback: android.bluetooth.IBluetoothManagerCallback$Stub$Proxy@3bfea6ba:true
I/ActivityManager(  823): Start proc 4017:com.android.managedprovisioning/u0a11 for broadcast com.android.managedprovisioning/.BootReminder
I/MultiDex( 3997): VM with version 2.1.0 has multidex support
I/MultiDex( 3997): install
I/MultiDex( 3997): VM has multidex support, MultiDex support library is disabled.
I/ActivityManager(  823): Killing 2143:com.google.android.partnersetup/u0a26 (adj 15): empty #17
I/Spotify ( 3997): [main@gig:21] Registering activity monitor.
D/libcrashlytics( 3997): Initializing libcrashlytics version 1.1.1
D/libcrashlytics( 3997): Attempting to load unwinder...
D/libcrashlytics( 3997): Done; using libunwind
D/libcrashlytics( 3997): Attempting to register signal handler...
D/libcrashlytics( 3997): Signal handler registered.
D/libcrashlytics( 3997): Initializing native crash handling successful.
I/CrashlyticsCore( 3997): Initializing Crashlytics 2.3.4.74
W/ContextImpl( 3450): Calling a method in the system process without a qualified user: android.app.ContextImpl.startService:1723 android.content.ContextWrapper.startService:522 android.content.ContextWrapper.startService:522 com.android.settings.bluetooth.DockEventReceiver.beginStartingService:134 com.android.settings.bluetooth.DockEventReceiver.onReceive:115 
D/BluetoothManagerService(  823): Message: 20
D/BluetoothManagerService(  823): Added callback: android.bluetooth.IBluetoothManagerCallback$Stub$Proxy@92e5e10:true
D/LocalBluetoothProfileManager( 3450): Adding local A2DP SRC profile
D/BluetoothManagerService(  823): Message: 30
D/LocalBluetoothProfileManager( 3450): Adding local HEADSET profile
D/BluetoothManagerService(  823): Message: 30
D/BluetoothManagerService(  823): checkIfCallerIsForegroundUser: valid=true callingUser=0 parentUser=-10000 foregroundUser=0
W/BluetoothAdapter( 3494): getBluetoothService() called with no BluetoothManagerCallback
D/BluetoothManagerService(  823): Message: 30
D/BluetoothManagerService(  823): Message: 30
D/LocalBluetoothProfileManager( 3450): Adding local MAP profile
D/BluetoothMap( 3450): Create BluetoothMap proxy object
D/BluetoothManagerService(  823): Message: 30
D/BluetoothManagerService(  823): Message: 30
D/LocalBluetoothProfileManager( 3450): LocalBluetoothProfileManager construction complete
D/BluetoothManagerService(  823): Message: 30
D/BluetoothManagerService(  823): Message: 30
I/ActivityManager(  823): Start proc 4059:com.android.mms/u0a12 for broadcast com.android.mms/.transaction.MmsSystemEventReceiver
D/DockEventReceiver( 3450): finishStartingService: stopping service
D/BluetoothA2dp( 3544): Proxy object connected
D/MtpService( 1232): updating state; isCurrentUser=true, mMtpLocked=true
D/BluetoothManagerService(  823): checkIfCallerIsForegroundUser: valid=true callingUser=0 parentUser=-10000 foregroundUser=0
E/SQLiteLog( 1232): (283) recovered 50 frames from WAL file /data/data/com.android.providers.media/databases/internal.db-wal
D/BluetoothA2dp( 3450): Proxy object connected
D/A2dpProfile( 3450): Bluetooth service connected
D/BluetoothInputDevice( 3450): Proxy object connected
D/HidProfile( 3450): Bluetooth service connected
D/BluetoothManagerService(  823): Message: 400
D/BluetoothPan( 3450): BluetoothPAN Proxy object connected
D/PanProfile( 3450): Bluetooth service connected
D/BluetoothHeadset( 3450): Proxy object connected
D/BluetoothMap( 3450): Proxy object connected
D/MapProfile( 3450): Bluetooth service connected
D/BluetoothMap( 3450): getConnectedDevices()
D/BluetoothPbap( 3450): Proxy object connected
D/PbapServerProfile( 3450): Bluetooth service connected
D/HeadsetProfile( 3450): Bluetooth service connected
D/BluetoothManagerService(  823): Message: 400
D/BluetoothHeadset( 3544): Proxy object connected
D/CountryDetector(  823): The first listener is added
E/BTEventHandler( 3494): A4WP is not supported
D/BluetoothManagerService(  823): checkIfCallerIsForegroundUser: valid=true callingUser=0 parentUser=-10000 foregroundUser=0
W/BluetoothAdapter( 3494): getBluetoothService() called with no BluetoothManagerCallback
V/BtOppL2CapListener( 3494): Starting L2cap listener....
I/BtOppRfcommListener( 3494): Accept thread started.
D/BluetoothManagerService(  823): checkIfCallerIsForegroundUser: valid=true callingUser=0 parentUser=-10000 foregroundUser=0
W/BluetoothAdapter( 3494): getBluetoothService() called with no BluetoothManagerCallback
V/BtOppL2CapListener( 3494): Started L2Cap listener....
I/BtOppL2CapListener( 3494): Accept thread started 
V/BtOppL2CapListener( 3494): Accepting connection...
V/BluetoothFtpService( 3494): Ftp Service onCreate
V/BluetoothFtpService( 3494): FTP service not started Adapter STATE: 12
V/BluetoothFtpService( 3494): FTP service start listener
V/BluetoothFtpService( 3494): Ftp Service onStartCommand
V/BluetoothFtpService( 3494): PARSE INTENT action: android.bluetooth.adapter.action.STATE_CHANGED
D/BluetoothFtpService( 3494): ACTION_STATE_CHANGED: state: 12 mHasStarted: true
V/BluetoothFtpService( 3494): Handler(): got msg=1
V/BluetoothFtpService( 3494): Ftp Service startRfcommSocketListener
V/BluetoothFtpService( 3494): Ftp Service initSocket
D/BluetoothManagerService(  823): checkIfCallerIsForegroundUser: valid=true callingUser=0 parentUser=-10000 foregroundUser=0
W/BluetoothAdapter( 3494): getBluetoothService() called with no BluetoothManagerCallback
V/BluetoothFtpService( 3494): Succeed to create listening socket on channel 20
V/BluetoothFtpService:RfcommSocketAcceptThread( 3494): Run Accept thread
D/AuthorizationBluetoothService( 1682): Received Bluetooth event: Intent { act=android.bluetooth.adapter.action.STATE_CHANGED flg=0x14000010 cmp=com.google.android.gms/.auth.be.proximity.authorization.bt.AuthorizationBluetoothService$BluetoothStateChangeReceiver (has extras) }.
V/Mms     ( 4059): mnc/mcc: 302370
V/Mms     ( 4059): tag: int value: maxMessageSize - 1048576
V/Mms     ( 4059): tag: int value: maxImageHeight - 1944
V/Mms     ( 4059): tag: int value: maxImageWidth - 2592
V/Mms     ( 4059): tag: string value: uaProfUrl - http://www.google.com/oha/rdf/ua-profile-kila.xml
I/ContactPhotoManager( 4059): Cache adj: 1.0
D/BluetoothManagerService(  823): checkIfCallerIsForegroundUser: valid=true callingUser=0 parentUser=-10000 foregroundUser=0
D/a       ( 1682): Opening database auth.proximity.permit_store...
W/ResourcesManager( 4059): Asset path '/system/framework/com.google.android.media.effects.jar' does not exist or contains no resources.
W/ResourcesManager( 4059): Asset path '/system/framework/com.google.android.media.effects.jar' does not exist or contains no resources.
D/Mms     ( 4059): cancelNotification
D/Mms     ( 4059): SmsReceiverService: is not the default sms app
I/ActivityManager(  823): Start proc 4106:com.android.onetimeinitializer/u0a13 for broadcast com.android.onetimeinitializer/.OneTimeInitializerReceiver
D/Mms     ( 4059): TransactionService: is not the default sms app
D/Mms     ( 4059): TransactionService: is not the default sms app
I/ActivityManager(  823): Killing 3473:com.android.keychain/1000 (adj 15): empty #17
I/art     (  264): Explicit concurrent mark sweep GC freed 706(30KB) AllocSpace objects, 0(0B) LOS objects, 40% free, 16MB/26MB, paused 221us total 12.649ms
I/art     (  264): Explicit concurrent mark sweep GC freed 5(160B) AllocSpace objects, 0(0B) LOS objects, 40% free, 16MB/26MB, paused 201us total 8.915ms
I/art     (  264): Explicit concurrent mark sweep GC freed 5(160B) AllocSpace objects, 0(0B) LOS objects, 40% free, 16MB/26MB, paused 197us total 8.655ms
I/ActivityManager(  823): Start proc 4124:android.process.acore/u0a6 for content provider com.android.providers.contacts/.ContactsProvider2
W/MediaScanner( 1232): Error opening directory '/oem/media/', skipping: No such file or directory.
I/ActivityManager(  823): Killing 3569:eu.chainfire.supersu/u0a77 (adj 15): empty #17
V/OneTimeInitializerRece( 4106): OneTimeInitializerReceiver.onReceive
D/ReportingServiceManager( 3450): Next sync attempt in : 14 hours
I/ActivityManager(  823): Killing 3624:com.android.dialer/u0a8 (adj 15): empty #17
I/ContactLocale( 4124): AddressBook Labels [en-CA;pt-BR]: [, A, B, C, D, E, F, G, H, I, J, K, L, M, N, O, P, Q, R, S, T, U, V, W, X, Y, Z, , , , , , , , , , , , , , , , , , , , , , , , , , , , , , , , , , , , , , , , , , , , , , , , , , , , , , , , , , , , , , , , , , , , , , , , , , , , , , , , , , , , , , , , , , , , , , , , , , , , , , , , , , , , , , , , , , , , , , , , , , , , , , , , , , , , , , , , , , , , , , , , , , , , , , , , , , , , , , , , , , , , , , , , , , , , , , , , , , , , , , , , , , , , #, ]
I/ActivityManager(  823): Start proc 4148:com.google.android.onetimeinitializer/u0a25 for broadcast com.google.android.onetimeinitializer/.OneTimeInitializerReceiver
E/LAlarm  (  823): Service started flags 0 startId 3
E/SQLiteLog( 4124): (284) automatic index on sqlite_sq_B4B30BA0(STAT_DATA_ID)
E/SQLiteLog( 4124): (284) automatic index on sqlite_sq_B4B30B00(STAT_DATA_ID)
V/OneTimeInitializerReceiver( 4148): OneTimeInitializerReceiver.onReceive
V/OneTimeService( 4148): OneTimeService.onHandleIntent
I/ActivityManager(  823): Start proc 4170:com.google.android.partnersetup/u0a26 for broadcast com.google.android.partnersetup/.GooglePartnerSetup
I/ActivityManager(  823): Killing 3677:com.eolwral.osmonitor/u0a121 (adj 15): empty #17
