E/LocSvc_LBSApiV02(  823): E/virtual void lbs_core::LBSApiV02::injectFeatureConfig(lbs_core::e_premium_mode, lbs_core::e_premium_mode):612]: Error : st = 11, ind.status = -1357820647
D/NuPlayerDriver(  254): notifyResetComplete(0xb5bc61c0)
E/FlpHardwareProvider(  823): Attempted to associate callback in 'SetThreadEvent'. Callback already associated.
I/libmdmdetect(  823): ESOC framework not supported
E/libmdmdetect(  823): Found internal modem: modem
I/ActivityManager(  823): Start proc 1739:org.cyanogenmod.audiofx/u0a0 for added application org.cyanogenmod.audiofx
E/QC-QMI  (  257): qmi_qmux_open_connection: connection is disabled for conn_id=29
E/QC-QMI  (  257): qmi_qmux_tx_msg: failed to open inactive connd_id=29
E/QC-QMI  (  257): qmi_qmux: TX failed, connection inactive or in reset, conn_id=29, status_flags=4
E/QC-QMI  (  257): qmi_ctl_tx_msg: qmi_qmux_tx_msg failed
E/QC-QMI  (  257): qmi_ctl_handle_request: qmi_ctl_tx_msg call failed
E/QC-QMI  (  257): qmi_qmux_open_connection: connection is disabled for conn_id=29
E/QC-QMI  (  257): qmi_qmux_tx_msg: failed to open inactive connd_id=29
E/QC-QMI  (  257): qmi_qmux: TX failed, connection inactive or in reset, conn_id=29, status_flags=4
E/QC-QMI  (  257): qmi_ctl_tx_msg: qmi_qmux_tx_msg failed
E/QC-QMI  (  257): qmi_ctl_handle_request: qmi_ctl_tx_msg call failed
E/QC-QMI  (  257): qmi_qmux_open_connection: connection is disabled for conn_id=48
E/QC-QMI  (  257): qmi_qmux_tx_msg: failed to open inactive connd_id=48
E/QC-QMI  (  257): qmi_qmux: TX failed, connection inactive or in reset, conn_id=48, status_flags=4
E/QC-QMI  (  257): qmi_ctl_tx_msg: qmi_qmux_tx_msg failed
E/QC-QMI  (  257): qmi_ctl_handle_request: qmi_ctl_tx_msg call failed
E/QC-QMI  (  257): qmi_qmux_open_connection: connection is disabled for conn_id=48
E/QC-QMI  (  257): qmi_qmux_tx_msg: failed to open inactive connd_id=48
E/QC-QMI  (  257): qmi_qmux: TX failed, connection inactive or in reset, conn_id=48, status_flags=4
E/QC-QMI  (  257): qmi_ctl_tx_msg: qmi_qmux_tx_msg failed
E/QC-QMI  (  257): qmi_ctl_handle_request: qmi_ctl_tx_msg call failed
E/QC-QMI  (  257): qmi_qmux_open_connection: connection is disabled for conn_id=57
E/QC-QMI  (  257): qmi_qmux_tx_msg: failed to open inactive connd_id=57
E/QC-QMI  (  257): qmi_qmux: TX failed, connection inactive or in reset, conn_id=57, status_flags=4
E/QC-QMI  (  257): qmi_ctl_tx_msg: qmi_qmux_tx_msg failed
E/QC-QMI  (  257): qmi_ctl_handle_request: qmi_ctl_tx_msg call failed
E/QC-QMI  (  257): qmi_qmux_open_connection: connection is disabled for conn_id=57
E/QC-QMI  (  257): qmi_qmux_tx_msg: failed to open inactive connd_id=57
E/QC-QMI  (  257): qmi_qmux: TX failed, connection inactive or in reset, conn_id=57, status_flags=4
E/QC-QMI  (  257): qmi_ctl_tx_msg: qmi_qmux_tx_msg failed
E/QC-QMI  (  257): qmi_ctl_handle_request: qmi_ctl_tx_msg call failed
E/QC-QMI  (  257): qmi_qmux_open_connection: connection is disabled for conn_id=29
E/QC-QMI  (  257): qmi_qmux_tx_msg: failed to open inactive connd_id=29
E/QC-QMI  (  257): qmi_qmux: TX failed, connection inactive or in reset, conn_id=29, status_flags=4
E/QC-QMI  (  257): qmi_ctl_tx_msg: qmi_qmux_tx_msg failed
E/QC-QMI  (  257): qmi_ctl_handle_request: qmi_ctl_tx_msg call failed
E/QC-QMI  (  257): qmi_qmux_open_connection: connection is disabled for conn_id=29
E/QC-QMI  (  257): qmi_qmux_tx_msg: failed to open inactive connd_id=29
E/QC-QMI  (  257): qmi_qmux: TX failed, connection inactive or in reset, conn_id=29, status_flags=4
E/QC-QMI  (  257): qmi_ctl_tx_msg: qmi_qmux_tx_msg failed
E/QC-QMI  (  257): qmi_ctl_handle_request: qmi_ctl_tx_msg call failed
E/QC-QMI  (  257): qmi_qmux_open_connection: connection is disabled for conn_id=48
E/QC-QMI  (  257): qmi_qmux_tx_msg: failed to open inactive connd_id=48
E/QC-QMI  (  257): qmi_qmux: TX failed, connection inactive or in reset, conn_id=48, status_flags=4
E/QC-QMI  (  257): qmi_ctl_tx_msg: qmi_qmux_tx_msg failed
E/QC-QMI  (  257): qmi_ctl_handle_request: qmi_ctl_tx_msg call failed
I/FFmpegExtractor(  254): android-source:0xb58e3880
E/QC-QMI  (  257): qmi_qmux_open_connection: connection is disabled for conn_id=48
E/QC-QMI  (  257): qmi_qmux_tx_msg: failed to open inactive connd_id=48
E/QC-QMI  (  257): qmi_qmux: TX failed, connection inactive or in reset, conn_id=48, status_flags=4
E/QC-QMI  (  257): qmi_ctl_tx_msg: qmi_qmux_tx_msg failed
E/QC-QMI  (  257): qmi_ctl_handle_request: qmi_ctl_tx_msg call failed
E/QC-QMI  (  257): qmi_qmux_open_connection: connection is disabled for conn_id=57
E/QC-QMI  (  257): qmi_qmux_tx_msg: failed to open inactive connd_id=57
E/QC-QMI  (  257): qmi_qmux: TX failed, connection inactive or in reset, conn_id=57, status_flags=4
E/QC-QMI  (  257): qmi_ctl_tx_msg: qmi_qmux_tx_msg failed
E/QC-QMI  (  257): qmi_ctl_handle_request: qmi_ctl_tx_msg call failed
E/QC-QMI  (  257): qmi_qmux_open_connection: connection is disabled for conn_id=57
E/QC-QMI  (  257): qmi_qmux_tx_msg: failed to open inactive connd_id=57
E/QC-QMI  (  257): qmi_qmux: TX failed, connection inactive or in reset, conn_id=57, status_flags=4
E/QC-QMI  (  257): qmi_ctl_tx_msg: qmi_qmux_tx_msg failed
E/QC-QMI  (  257): qmi_ctl_handle_request: qmi_ctl_tx_msg call failed
E/QC-QMI  (  257): qmi_qmux_open_connection: connection is disabled for conn_id=29
E/QC-QMI  (  257): qmi_qmux_tx_msg: failed to open inactive connd_id=29
E/QC-QMI  (  257): qmi_qmux: TX failed, connection inactive or in reset, conn_id=29, status_flags=4
E/QC-QMI  (  257): qmi_ctl_tx_msg: qmi_qmux_tx_msg failed
E/QC-QMI  (  257): qmi_ctl_handle_request: qmi_ctl_tx_msg call failed
E/QC-QMI  (  257): qmi_qmux_open_connection: connection is disabled for conn_id=29
E/QC-QMI  (  257): qmi_qmux_tx_msg: failed to open inactive connd_id=29
E/QC-QMI  (  257): qmi_qmux: TX failed, connection inactive or in reset, conn_id=29, status_flags=4
E/QC-QMI  (  257): qmi_ctl_tx_msg: qmi_qmux_tx_msg failed
E/QC-QMI  (  257): qmi_ctl_handle_request: qmi_ctl_tx_msg call failed
E/QC-QMI  (  257): qmi_qmux_open_connection: connection is disabled for conn_id=48
E/QC-QMI  (  257): qmi_qmux_tx_msg: failed to open inactive connd_id=48
E/QC-QMI  (  257): qmi_qmux: TX failed, connection inactive or in reset, conn_id=48, status_flags=4
E/QC-QMI  (  257): qmi_ctl_tx_msg: qmi_qmux_tx_msg failed
E/QC-QMI  (  257): qmi_ctl_handle_request: qmi_ctl_tx_msg call failed
E/QC-QMI  (  257): qmi_qmux_open_connection: connection is disabled for conn_id=48
E/QC-QMI  (  257): qmi_qmux_tx_msg: failed to open inactive connd_id=48
E/QC-QMI  (  257): qmi_qmux: TX failed, connection inactive or in reset, conn_id=48, status_flags=4
E/QC-QMI  (  257): qmi_ctl_tx_msg: qmi_qmux_tx_msg failed
E/QC-QMI  (  257): qmi_ctl_handle_request: qmi_ctl_tx_msg call failed
E/QC-QMI  (  257): qmi_qmux_open_connection: connection is disabled for conn_id=57
E/QC-QMI  (  257): qmi_qmux_tx_msg: failed to open inactive connd_id=57
E/QC-QMI  (  257): qmi_qmux: TX failed, connection inactive or in reset, conn_id=57, status_flags=4
E/QC-QMI  (  257): qmi_ctl_tx_msg: qmi_qmux_tx_msg failed
E/QC-QMI  (  257): qmi_ctl_handle_request: qmi_ctl_tx_msg call failed
E/QC-QMI  (  257): qmi_qmux_open_connection: connection is disabled for conn_id=57
E/QC-QMI  (  257): qmi_qmux_tx_msg: failed to open inactive connd_id=57
E/QC-QMI  (  257): qmi_qmux: TX failed, connection inactive or in reset, conn_id=57, status_flags=4
E/QC-QMI  (  257): qmi_ctl_tx_msg: qmi_qmux_tx_msg failed
E/QC-QMI  (  257): qmi_ctl_handle_request: qmi_ctl_tx_msg call failed
E/QC-QMI  (  257): qmi_qmux_open_connection: connection is disabled for conn_id=29
E/QC-QMI  (  257): qmi_qmux_tx_msg: failed to open inactive connd_id=29
E/QC-QMI  (  257): qmi_qmux: TX failed, connection inactive or in reset, conn_id=29, status_flags=4
E/QC-QMI  (  257): qmi_ctl_tx_msg: qmi_qmux_tx_msg failed
E/QC-QMI  (  257): qmi_ctl_handle_request: qmi_ctl_tx_msg call failed
E/QC-QMI  (  257): qmi_qmux_open_connection: connection is disabled for conn_id=29
E/QC-QMI  (  257): qmi_qmux_tx_msg: failed to open inactive connd_id=29
E/QC-QMI  (  257): qmi_qmux: TX failed, connection inactive or in reset, conn_id=29, status_flags=4
E/QC-QMI  (  257): qmi_ctl_tx_msg: qmi_qmux_tx_msg failed
E/QC-QMI  (  257): qmi_ctl_handle_request: qmi_ctl_tx_msg call failed
E/QC-QMI  (  257): qmi_qmux_open_connection: connection is disabled for conn_id=48
E/QC-QMI  (  257): qmi_qmux_tx_msg: failed to open inactive connd_id=48
E/QC-QMI  (  257): qmi_qmux: TX failed, connection inactive or in reset, conn_id=48, status_flags=4
E/QC-QMI  (  257): qmi_ctl_tx_msg: qmi_qmux_tx_msg failed
E/QC-QMI  (  257): qmi_ctl_handle_request: qmi_ctl_tx_msg call failed
I/FFMPEG  (  254): Input #0, ogg, from 'android-source:0xb58e3880':
I/FFMPEG  (  254):   Duration: 00:00:00.11, start: 0.000000, bitrate: 462 kb/s
I/FFMPEG  (  254):     Stream #0:0: Audio: vorbis, 48000 Hz, mono, fltp, 140 kb/s
D/FFmpegExtractor(  254): FFmpegExtrator, url: android-source:0xb58e3880, format_name: ogg, format_long_name: Ogg
I/FFmpegExtractor(  254): adjust mime(application/ogg -> audio/vorbis)
E/QC-QMI  (  257): qmi_qmux_open_connection: connection is disabled for conn_id=48
D/FFmpegExtractor(  254): suppoted codec(vorbis) by official Stagefright
E/QC-QMI  (  257): qmi_qmux_tx_msg: failed to open inactive connd_id=48
E/QC-QMI  (  257): qmi_qmux: TX failed, connection inactive or in reset, conn_id=48, status_flags=4
E/QC-QMI  (  257): qmi_ctl_tx_msg: qmi_qmux_tx_msg failed
D/FFmpegExtractor(  254): ffmpeg detected media content as 'audio/vorbis' with confidence 0.08
E/QC-QMI  (  257): qmi_ctl_handle_request: qmi_ctl_tx_msg call failed
E/QC-QMI  (  257): qmi_qmux_open_connection: connection is disabled for conn_id=57
E/QC-QMI  (  257): qmi_qmux_tx_msg: failed to open inactive connd_id=57
E/QC-QMI  (  257): qmi_qmux: TX failed, connection inactive or in reset, conn_id=57, status_flags=4
E/QC-QMI  (  257): qmi_ctl_tx_msg: qmi_qmux_tx_msg failed
E/QC-QMI  (  257): qmi_ctl_handle_request: qmi_ctl_tx_msg call failed
E/QC-QMI  (  257): qmi_qmux_open_connection: connection is disabled for conn_id=57
E/QC-QMI  (  257): qmi_qmux_tx_msg: failed to open inactive connd_id=57
E/QC-QMI  (  257): qmi_qmux: TX failed, connection inactive or in reset, conn_id=57, status_flags=4
E/QC-QMI  (  257): qmi_ctl_tx_msg: qmi_qmux_tx_msg failed
E/QC-QMI  (  257): qmi_ctl_handle_request: qmi_ctl_tx_msg call failed
W/SubtypeLocaleUtils( 1650): KeyboardLayoutSet not found, use QWERTY: locale=en_AU extraValue=TrySuppressingImeSwitcher,AsciiCapable,SupportTouchPositionCorrection,EmojiCapable
D/ExtendedUtils(  254): extended extractor not needed, return default
D/NuPlayerDriver(  254): start(0xb5bc6040)
I/GenericSource(  254): start
W/InputAttributes( 1650): No editor info for this field. Bug?
I/ActivityManager(  823): Start proc 1758:com.android.incallui/u0a8 for added application com.android.incallui
W/Utils   (  254): bool android::canOffloadStream(const android::sp<android::MetaData>&, bool, const android::sp<android::MetaData>&, bool, audio_stream_type_t) No sample bit depth info in meta data
E/AudioPolicyManager(  254): isOffloadSupported: stream_type != MUSIC, returning false
I/ExtendedUtils(  254): No channel mask, try channel count
W/ExtendedUtils(  254): No bitrate info
I/ExtendedUtils(  254): decision 0 mime audio/vorbis
E/AudioPolicyManager(  254): isOffloadSupported: stream_type != MUSIC, returning false
I/NuPlayer(  254): Could not offload audio decode, pcm offload decided :0
W/Utils   (  254): bool android::canOffloadStream(const android::sp<android::MetaData>&, bool, const android::sp<android::MetaData>&, bool, audio_stream_type_t) No sample bit depth info in meta data
E/AudioPolicyManager(  254): isOffloadSupported: stream_type != MUSIC, returning false
D/NuPlayerDriver(  254): reset(0xb5bc6040)
D/NuPlayerDriver(  254): notifyResetComplete(0xb5bc6040)
I/LatinIME:LogUtils( 1650): Dictionary info: dictionary = UserHistoryDictionary.en_AU ; version = 35659174 ; date = 1448228921
I/FFmpegExtractor(  254): android-source:0xb58e3880
E/QC-QMI  (  823): qmi_client [823] 11: failed to locate client data
I/FFMPEG  (  254): Input #0, ogg, from 'android-source:0xb58e3880':
E/QC-QMI  (  257): qmuxd: RX on fd=29 returned error=0 errno[2:No such file or directory]
E/QC-QMI  (  257): QMUX qmux_client_id=11 not found in qmux client list, unable to remove
I/FFMPEG  (  254):   Duration: 00:00:00.18, start: 0.000000, bitrate: 431 kb/s
I/FFMPEG  (  254):     Stream #0:0: Audio: vorbis, 44100 Hz, mono, fltp, 239 kb/s
I/FFMPEG  (  254):     Metadata:
I/FFMPEG  (  254):       ARTIST          : Copyright 2013 Android Open Source Project
D/FFmpegExtractor(  254): FFmpegExtrator, url: android-source:0xb58e3880, format_name: ogg, format_long_name: Ogg
I/FFmpegExtractor(  254): adjust mime(application/ogg -> audio/vorbis)
D/FFmpegExtractor(  254): suppoted codec(vorbis) by official Stagefright
D/FFmpegExtractor(  254): ffmpeg detected media content as 'audio/vorbis' with confidence 0.08
I/LatinIME:LogUtils( 1650): Dictionary info: dictionary = PersonalizationDictionary.en_AU ; version = 1448239202 ; date = ?
I/LatinIME:LogUtils( 1650): Dictionary info: dictionary = userunigram.en_AU ; version = 1448239202 ; date = ?
I/LatinIME:LogUtils( 1650): Dictionary info: dictionary = ContextualDictionary.en_AU ; version = 1448239202 ; date = ?
I/ActivityManager(  823): Start proc 1790:com.android.phone/1001 for added application com.android.phone
I/LatinIME:LogUtils( 1650): Dictionary info: dictionary = contacts.en_AU ; version = 1448050972 ; date = 1448050972
I/ActivityManager(  823): START u0 {act=android.intent.action.MAIN cat=[android.intent.category.HOME] flg=0x10000000 cmp=com.cyanogenmod.trebuchet/com.android.launcher3.Launcher} from uid 0 on display 0
E/LocSvc_ApiV02(  823): E/virtual loc_api_adapter_err LocApiV02::setXtraVersionCheck(loc_core::xtra_version_check):2922]: Set xtra version check failed. status: eLOC_CLIENT_FAILURE_INTERNAL, ind status:eQMI_LOC_SUCCESS_V02
D/ExtendedUtils(  254): extended extractor not needed, return default
D/NuPlayerDriver(  254): start(0xb1831400)
I/GenericSource(  254): start
W/Utils   (  254): bool android::canOffloadStream(const android::sp<android::MetaData>&, bool, const android::sp<android::MetaData>&, bool, audio_stream_type_t) No sample bit depth info in meta data
E/AudioPolicyManager(  254): isOffloadSupported: stream_type != MUSIC, returning false
I/ExtendedUtils(  254): No channel mask, try channel count
W/ExtendedUtils(  254): No bitrate info
I/ExtendedUtils(  254): decision 0 mime audio/vorbis
E/AudioPolicyManager(  254): isOffloadSupported: stream_type != MUSIC, returning false
I/NuPlayer(  254): Could not offload audio decode, pcm offload decided :0
W/Utils   (  254): bool android::canOffloadStream(const android::sp<android::MetaData>&, bool, const android::sp<android::MetaData>&, bool, audio_stream_type_t) No sample bit depth info in meta data
E/AudioPolicyManager(  254): isOffloadSupported: stream_type != MUSIC, returning false
D/NuPlayerDriver(  254): reset(0xb1831400)
D/NuPlayerDriver(  254): notifyResetComplete(0xb1831400)
W/CursorWrapperInner(  823): Cursor finalized without prior close()
I/InputReader(  823): Reconfiguring input devices.  changes=0x00000020
V/WindowManager(  823): addAppToken: AppWindowToken{343aee55 token=Token{31ecb50c ActivityRecord{36b9183f u0 com.cyanogenmod.trebuchet/com.android.launcher3.Launcher t5411}}} to stack=0 task=5411 at 0
I/ActivityManager(  823): Start proc 1818:com.cyanogenmod.trebuchet/u0a19 for activity com.cyanogenmod.trebuchet/com.android.launcher3.Launcher
I/SystemServer(  823): Enabled StrictMode for system server main thread.
W/art     (  823): Long monitor contention event with owner method=void com.android.server.am.ActivityManagerService.systemReady(java.lang.Runnable) from ActivityManagerService.java:11558 waiters=0 for 263ms
W/art     (  823): Long monitor contention event with owner method=void com.android.server.am.ActivityManagerService.systemReady(java.lang.Runnable) from ActivityManagerService.java:11558 waiters=2 for 174ms
W/ResourcesManager(  823): Asset path '/system/framework/com.google.android.media.effects.jar' does not exist or contains no resources.
W/art     (  823): Long monitor contention event with owner method=void com.android.server.am.ActivityManagerService.systemReady(java.lang.Runnable) from ActivityManagerService.java:11558 waiters=1 for 234ms
W/art     (  823): Long monitor contention event with owner method=void com.android.server.am.ActivityManagerService.systemReady(java.lang.Runnable) from ActivityManagerService.java:11558 waiters=4 for 141ms
W/art     (  823): Long monitor contention event with owner method=void com.android.server.am.ActivityManagerService.systemReady(java.lang.Runnable) from ActivityManagerService.java:11558 waiters=5 for 134ms
I/GoogleHttpClient( 1682): GMS http client unavailable, use old client
I/ActivityManager(  823): Start proc 1838:android.process.acore/u0a6 for content provider com.android.providers.userdictionary/.UserDictionaryProvider
I/GoogleHttpClient( 1682): GMS http client unavailable, use old client
I/ActivityManager(  823): Start proc 1860:com.android.printspooler/u0a58 for service com.android.printspooler/.model.PrintSpoolerService
V/ActivityManager(  823): Display changed displayId=0
V/ActivityManager(  823): Display changed displayId=0
D/WifiScanningService(  823): SCAN_AVAILABLE : 1
D/RttService(  823): SCAN_AVAILABLE : 1
D/WifiScanningService(  823): DefaultState got{ when=0 what=160007 target=com.android.internal.util.StateMachine$SmHandler }
D/RttService(  823): DefaultState got{ when=0 what=160513 target=com.android.internal.util.StateMachine$SmHandler }
E/CardEmulation( 1287): AID 3250415592E5359532E4444463031 is not a valid AID.
E/ApduServiceInfo( 1287): Ignoring invalid or duplicate aid: 3250415592E5359532E4444463031
D/LiveDisplay(  823): Adjust display temperature to 6499K [r=1.0 g=0.9999448 b=0.9998899]
I/ActivityManager(  823): Start proc 1885:com.cyanogenmod.lockclock/u0a50 for content provider com.cyanogenmod.lockclock/.weather.WeatherContentProvider
D/LiveDisplay(  823): Adjust display temperature to 6469K [r=1.0 g=0.9982892 b=0.99658746]
D/LiveDisplay(  823): Adjust display temperature to 6438K [r=1.0 g=0.99657845 b=0.9931749]
D/LiveDisplay(  823): Adjust display temperature to 6419K [r=1.0 g=0.99552995 b=0.9910834]
D/LiveDisplay(  823): Adjust display temperature to 6399K [r=1.0 g=0.9944249 b=0.9888798]
D/LiveDisplay(  823): Adjust display temperature to 6375K [r=1.0 g=0.99306935 b=0.9861926]
W/ResourceType(  823): Failure getting entry for 0x7f070047 (t=6 e=71) (error -75)
D/LiveDisplay(  823): Adjust display temperature to 6350K [r=1.0 g=0.9916573 b=0.9833933]
W/ActivityManager(  823): getRunningAppProcesses: caller 10106 does not hold REAL_GET_TASKS; limiting output
I/PrintSpoolerService( 1860): No existing print spooler state.
D/LiveDisplay(  823): Adjust display temperature to 6322K [r=1.0 g=0.9900758 b=0.9802582]
D/LiveDisplay(  823): Adjust display temperature to 6293K [r=1.0 g=0.98842853 b=0.9769978]
W/ResourcesManager(  823): Asset path '/system/framework/com.google.android.maps.jar' does not exist or contains no resources.
I/CameraManagerGlobal( 1250): getCameraService: Reconnecting to camera service
I/CameraService(  254): getCameraCharacteristics: Switching to HAL1 shim implementation...
I/CameraService(  254): getCameraCharacteristics: Switching to HAL1 shim implementation...
D/LiveDisplay(  823): Adjust display temperature to 6261K [r=1.0 g=0.9865785 b=0.973354]
D/Launcher.LauncherProvider( 1818): 11683562 - initializeMaxScreenId(): 5
V/Launcher( 1818): LauncherAppState inited
D/LiveDisplay(  823): Adjust display temperature to 6225K [r=1.0 g=0.98449725 b=0.9692547]
D/LiveDisplay(  823): Adjust display temperature to 6190K [r=1.0 g=0.9824601 b=0.96525013]
D/Launcher.Model( 1818): Old launcher provider: content://com.android.launcher2.settings/favorites?notify=true
D/Launcher.Model( 1818): Old launcher provider does not exist.
D/LiveDisplay(  823): Adjust display temperature to 6152K [r=1.0 g=0.9802111 b=0.9608505]
I/LatinIME:LogUtils( 1650): Dictionary info: dictionary = PersonalizationDictionary.en_AU ; version = 1448239203 ; date = ?
I/LatinIME:LogUtils( 1650): Dictionary info: dictionary = PersonalizationDictionary.en_AU ; version = 1448239203 ; date = ?
D/LiveDisplay(  823): Adjust display temperature to 6113K [r=1.0 g=0.9779029 b=0.95633507]
D/LiveDisplay(  823): Adjust display temperature to 6073K [r=1.0 g=0.97549754 b=0.951652]
W/Launcher( 1818): setApplicationContext called twice! old=com.android.launcher3.LauncherApplication@369c43a9 new=com.android.launcher3.LauncherApplication@369c43a9
D/LiveDisplay(  823): Adjust display temperature to 6031K [r=1.0 g=0.9729527 b=0.94670856]
W/ResourcesManager(  823): Asset path '/system/framework/com.google.android.maps.jar' does not exist or contains no resources.
D/LiveDisplay(  823): Adjust display temperature to 5988K [r=1.0 g=0.97033 b=0.9416243]
D/LiveDisplay(  823): Adjust display temperature to 5943K [r=1.0 g=0.96753836 b=0.936241]
D/LiveDisplay(  823): Adjust display temperature to 5895K [r=1.0 g=0.96455324 b=0.93048906]
D/LiveDisplay(  823): Adjust display temperature to 5848K [r=1.0 g=0.9615679 b=0.92477554]
W/ResourcesManager(  823): Asset path '/system/framework/com.google.android.media.effects.jar' does not exist or contains no resources.
D/LiveDisplay(  823): Adjust display temperature to 5801K [r=1.0 g=0.9585826 b=0.919062]
D/BluetoothAdapter( 1250): 390074118: getState() :  mService = null. Returning STATE_OFF
D/BluetoothAdapter( 1250): 390074118: getState() :  mService = null. Returning STATE_OFF
D/BluetoothAdapter( 1250): 390074118: getState() :  mService = null. Returning STATE_OFF
D/BluetoothAdapter( 1250): 390074118: getState() :  mService = null. Returning STATE_OFF
D/TelephonyProvider( 1790): dbh.onOpen: ok, queried table=siminfo
D/TelephonyProvider( 1790): dbh.onOpen: ok, queried table=carriers
W/CustomTileListenerService[]( 1250): CustomTile listener service not yet bound.
D/LiveDisplay(  823): Adjust display temperature to 5752K [r=1.0 g=0.95539737 b=0.91301215]
W/ResourcesManager(  823): Asset path '/system/framework/com.google.android.maps.jar' does not exist or contains no resources.
D/LiveDisplay(  823): Adjust display temperature to 5703K [r=1.0 g=0.95221066 b=0.9069603]
D/PermissionCache(  244): checking android.permission.ACCESS_SURFACE_FLINGER for uid=10016 => granted (3763 us)
D/LiveDisplay(  823): Adjust display temperature to 5654K [r=1.0 g=0.9489526 b=0.90081906]
W/art     (  823): Long monitor contention event with owner method=java.lang.String android.content.res.AssetManager.getBasePackageName(int) from AssetManager.java:4294967294 waiters=0 for 463ms
D/OpenGLRenderer( 1250): Use EGL_SWAP_BEHAVIOR_PRESERVED: true
D/LiveDisplay(  823): Adjust display temperature to 5604K [r=1.0 g=0.94562334 b=0.8945465]
D/Atlas   ( 1250): Validating map...
I/ActivityManager(  823): Start proc 1929:com.android.smspush/u0a64 for service com.android.smspush/.WapPushManager
D/PhoneStatusBar( 1250): disable: < expand icons alerts system_info back home recent clock search >
D/LiveDisplay(  823): Adjust display temperature to 5504K [r=1.0 g=0.93881255 b=0.8818142]
I/art     (  264): Explicit concurrent mark sweep GC freed 703(30KB) AllocSpace objects, 0(0B) LOS objects, 40% free, 16MB/26MB, paused 196us total 20.318ms
I/art     (  264): Explicit concurrent mark sweep GC freed 5(160B) AllocSpace objects, 0(0B) LOS objects, 40% free, 16MB/26MB, paused 198us total 15.030ms
W/art     (  823): Long monitor contention event with owner method=java.lang.String android.content.res.AssetManager.getBasePackageName(int) from AssetManager.java:4294967294 waiters=1 for 355ms
D/LiveDisplay(  823): Adjust display temperature to 5350K [r=1.0 g=0.92798984 b=0.86180323]
D/BluetoothAdapter( 1250): 390074118: getState() :  mService = null. Returning STATE_OFF
D/BluetoothAdapter( 1250): 390074118: getState() :  mService = null. Returning STATE_OFF
D/LiveDisplay(  823): Adjust display temperature to 5301K [r=1.0 g=0.92448986 b=0.85536873]
I/Choreographer(  823): Skipped 144 frames!  The application may be doing too much work on its main thread.
I/art     (  264): Explicit concurrent mark sweep GC freed 5(160B) AllocSpace objects, 0(0B) LOS objects, 40% free, 16MB/26MB, paused 198us total 39.067ms
V/ActivityManager(  823): Display changed displayId=0
V/ActivityManager(  823): Display changed displayId=0
D/LiveDisplay(  823): Adjust display temperature to 5252K [r=1.0 g=0.9209099 b=0.8488397]
E/DcSwitchStateMachine-0( 1790): DctController is not ready
D/PhoneStatusBar( 1250): heads up is enabled
E/ConnectivityService(  823): Failed to find Messenger in unregisterNetworkFactory
D/ConnectivityService(  823): Got NetworkFactory Messenger for Telephony
D/LiveDisplay(  823): Adjust display temperature to 5156K [r=1.0 g=0.9138185 b=0.8359571]
D/LiveDisplay(  823): Adjust display temperature to 5109K [r=1.0 g=0.9103038 b=0.8295995]
I/ActivityManager(  823): Start proc 1964:com.google.android.keep/u0a152 for broadcast com.google.android.keep/.notification.AlertReceiver
I/LatinIME:LogUtils( 1650): Dictionary info: dictionary = main:en_au ; version = 47 ; date = 1402373154
I/art     (  823): Background sticky concurrent mark sweep GC freed 130231(14MB) AllocSpace objects, 7(237KB) LOS objects, 18% free, 34MB/42MB, paused 3.378ms total 143.833ms
D/LiveDisplay(  823): Adjust display temperature to 5016K [r=1.0 g=0.90320605 b=0.8168513]
I/Telecom (  823): TelecomGlobals: TelecomGlobals initializing
W/ResourceType( 1818): Attempt to retrieve bag 0x7f0f0009 which is invalid or in a cycle.
D/LiveDisplay(  823): Adjust display temperature to 4973K [r=1.0 g=0.9003048 b=0.8106701]
D/LiveDisplay(  823): Adjust display temperature to 4931K [r=1.0 g=0.89769536 b=0.8044713]
W/ResourcesManager( 1790): Asset path '/system/framework/com.google.android.media.effects.jar' does not exist or contains no resources.
D/LiveDisplay(  823): Adjust display temperature to 4890K [r=1.0 g=0.895126 b=0.7983817]
D/BluetoothManagerService(  823): Trying to bind to profile: 1, while Bluetooth was disabled
D/BluetoothManagerService(  823): Message: 30
E/AppsCustomizePagedView( 1818): Create Res Apk Failed
D/LiveDisplay(  823): Adjust display temperature to 4851K [r=1.0 g=0.892617 b=0.79247564]
I/Choreographer( 1250): Skipped 111 frames!  The application may be doing too much work on its main thread.
D/ViewRootImpl( 1250): changeCanvasOpacity: opaque=true
D/LiveDisplay(  823): Adjust display temperature to 4814K [r=1.0 g=0.8902366 b=0.7868725]
D/LiveDisplay(  823): Adjust display temperature to 4778K [r=1.0 g=0.88786983 b=0.78133345]
W/Settings( 1250): Setting airplane_mode_on has moved from android.provider.Settings.System to android.provider.Settings.Global, returning read-only value.
D/LiveDisplay(  823): Adjust display temperature to 4744K [r=1.0 g=0.8856041 b=0.7760496]
D/PhoneApp( 1790): startImsService
W/ActivityManager(  823): Unable to start service Intent { cmp=org.codeaurora.ims/.ImsService } U=0: not found
I/Telecom (  823): TelecomGlobals: CallsManager initialized
W/ContextImpl(  823): Calling a method in the system process without a qualified user: android.app.ContextImpl.startService:1723 android.content.ContextWrapper.startService:522 com.android.server.telecom.BluetoothPhoneService.start:468 com.android.server.telecom.TelecomGlobals.initialize:104 com.android.server.telecom.TelecomService.onCreate:164 
I/ValidateNoPeople(  823): skipping global notification
W/Settings( 1250): Setting airplane_mode_on has moved from android.provider.Settings.System to android.provider.Settings.Global, returning read-only value.
D/LiveDisplay(  823): Adjust display temperature to 4712K [r=1.0 g=0.88347155 b=0.77107656]
W/Settings( 1250): Setting airplane_mode_on has moved from android.provider.Settings.System to android.provider.Settings.Global, returning read-only value.
W/ContentService(  823): Observer android.database.IContentObserver$Stub$Proxy@127dc383 is already registered.
W/ContentService(  823): Observer android.database.IContentObserver$Stub$Proxy@13cf14df is already registered.
W/Settings( 1250): Setting airplane_mode_on has moved from android.provider.Settings.System to android.provider.Settings.Global, returning read-only value.
D/BluetoothManagerService(  823): Message: 20
D/BluetoothManagerService(  823): Added callback: android.bluetooth.IBluetoothManagerCallback$Stub$Proxy@1380c0d7:true
W/Settings( 1250): Setting airplane_mode_on has moved from android.provider.Settings.System to android.provider.Settings.Global, returning read-only value.
D/LiveDisplay(  823): Adjust display temperature to 4681K [r=1.0 g=0.8813598 b=0.7661811]
D/ZenLog  (  823): downtime: Autotrigger skipped: not in downtime
D/CommandListener(  250): Setting iface cfg
D/CommandListener(  250): Trying to bring up p2p0
D/WifiMonitor(  823): startMonitoring(p2p0) with mConnected = true
D/BluetoothManagerService(  823): Message: 30
W/ResourcesManager(  823): Asset path '/system/framework/com.android.location.provider.jar' does not exist or contains no resources.
D/BluetoothManagerService(  823): Trying to bind to profile: 1, while Bluetooth was disabled
D/WifiNative-HAL(  823): p2pGetDeviceAddress
D/WifiNative-HAL(  823): p2pGetDeviceAddress returning c2:ee:fb:20:9e:f7
D/LiveDisplay(  823): Adjust display temperature to 4653K [r=1.0 g=0.8794262 b=0.76171505]
I/wpa_supplicant( 1214): p2p0: CTRL-EVENT-REGDOM-CHANGE init=USER type=COUNTRY alpha2=CA
I/wpa_supplicant( 1214): wlan0: CTRL-EVENT-REGDOM-CHANGE init=USER type=COUNTRY alpha2=CA
D/LocaleSetManager( 1818): Locale Changed from: null to en-CA
I/wpa_supplicant( 1214): wlan0: CTRL-EVENT-REGDOM-CHANGE init=USER type=UNKNOWN
D/LiveDisplay(  823): Adjust display temperature to 4627K [r=1.0 g=0.87763065 b=0.75756794]
D/RttService(  823): SCAN_AVAILABLE : 3
D/WifiScanningService(  823): SCAN_AVAILABLE : 3
D/RttService(  823): DefaultState got{ when=0 what=160512 target=com.android.internal.util.StateMachine$SmHandler }
D/WifiScanningService(  823): DefaultState got{ when=0 what=160006 target=com.android.internal.util.StateMachine$SmHandler }
I/WifiNative-HAL(  823): startHal
D/wifi    (  823): getting scan capabilities on interface[0] = 0xaed7a2e0
E/WifiHAL (  823): wifi_error wifi_get_gscan_capabilities(wifi_interface_handle, wifi_gscan_capabilities*): GSCAN is not supported by driver
D/wifi    (  823): failed to get capabilities : -3
E/WifiScanningService(  823): could not get scan capabilities
W/ContentService(  823): Observer android.database.IContentObserver$Stub$Proxy@8cb098e is already registered.
W/ContentService(  823): Observer android.database.IContentObserver$Stub$Proxy@22f2309a is already registered.
V/UlpService(  823): +startAdditionalServices
W/ActivityManager(  823): Unable to start service Intent { act=com.android.location.XT.IXTSrv pkg=com.qualcomm.location.XT } U=0: not found
V/UlpService(  823): -startAdditionalServices
D/LiveDisplay(  823): Adjust display temperature to 4604K [r=1.0 g=0.8760423 b=0.75389934]
W/TelecomManager( 1790): Telecom Service not found.
I/Telephony( 1790): TtyManager: updateUiTtyMode -1 -> 0
I/LauncherLocale( 1818): AddressBook Labels [en-CA]: [, A, B, C, D, E, F, G, H, I, J, K, L, M, N, O, P, Q, R, S, T, U, V, W, X, Y, Z, , , , , , , , , , , , , , , , , , , , , , , , , , , , , , , , , , , , , , , , , , , , , , , , , , , , , , , , , , , , , , , , , , , , , , , , , , , , , , , , , , , , , , , , , , , , , , , , , , , , , , , , , , , , , , , , , , , , , , , , , , , , , , , , , , , , , , , , , , , , , , , , , , , , , , , , , , , , , , , , , , , , , , , , , , , , , , , , , , , , , , , , , , , , #, ]
I/Adreno-EGL( 1250): <qeglDrvAPI_eglInitialize:410>: EGL 1.4 QUALCOMM build: AU_LINUX_ANDROID_LA.BF.1.1.1_RB1.05.01.00.042.030_msm8974_LA.BF.1.1.1_RB1__release_AU ()
I/Adreno-EGL( 1250): OpenGL ES Shader Compiler Version: E031.25.03.06
I/Adreno-EGL( 1250): Build Date: 04/15/15 Wed
I/Adreno-EGL( 1250): Local Branch: mybranch9068252
I/Adreno-EGL( 1250): Remote Branch: quic/LA.BF.1.1.1_rb1.19
I/Adreno-EGL( 1250): Local Patches: NONE
I/Adreno-EGL( 1250): Reconstruct Branch: AU_LINUX_ANDROID_LA.BF.1.1.1_RB1.05.01.00.042.030 +  NOTHING
D/Ulp_jni (  823): classInit invoked
I/OpenGLRenderer( 1250): Initialized EGL, version 1.4
D/Ulp_jni (  823): instanceInit invoked
E/LocSvc_libulp(  823): E/int ulp_data_init():94]: GTP WiFi is disabled.
E/LocSvc_libulp(  823): E/int ulp_data_init():116]: GTP AP cell is disabled
D/GeoFenceService(  823): onCreate
D/LiveDisplay(  823): Adjust display temperature to 4583K [r=1.0 g=0.87454903 b=0.75047785]
D/WIFI    (  823): Registering NetworkFactory
D/ConnectivityService(  823): Got NetworkFactory Messenger for WIFI
D/WIFI_UT (  823): Registering NetworkFactory
D/ConnectivityService(  823): Got NetworkFactory Messenger for WIFI_UT
I/WifiHAL (  823): mVendor_id = 4980, Subcmd = 15 in  virtual int LLStatsCommand::create():50
E/WifiHAL (  823): virtual int WifiVendorCommand::set_iface_id(const char*) ifindex obtained:22
E/WifiHAL (  823): wifi_error wifi_get_link_stats(wifi_request_id, wifi_interface_handle, wifi_stats_result_handler): requestResponse Error:-22
E/wifi    (  823): android_net_wifi_getLinkLayerStats: failed to get link statistics
D/OpenGLRenderer( 1250): Enabling debug mode 0
D/GeoFenceService(  823): onBind
D/GpsNetInitiatedHandler(  823): location enabled :true
V/WiredAccessoryManager(  823): notifyWiredAccessoryChanged: when=0 bits= mask=54
V/WiredAccessoryManager(  823): newName=h2w newState=0 headsetState=0 prev headsetState=0
E/WiredAccessoryManager(  823): No state change.
V/WiredAccessoryManager(  823): init()
D/LiveDisplay(  823): Adjust display temperature to 4548K [r=1.0 g=0.8720434 b=0.7447472]
I/ContactLocale( 1838): AddressBook Labels [en-CA;pt-BR]: [, A, B, C, D, E, F, G, H, I, J, K, L, M, N, O, P, Q, R, S, T, U, V, W, X, Y, Z, , , , , , , , , , , , , , , , , , , , , , , , , , , , , , , , , , , , , , , , , , , , , , , , , , , , , , , , , , , , , , , , , , , , , , , , , , , , , , , , , , , , , , , , , , , , , , , , , , , , , , , , , , , , , , , , , , , , , , , , , , , , , , , , , , , , , , , , , , , , , , , , , , , , , , , , , , , , , , , , , , , , , , , , , , , , , , , , , , , , , , , , , , , , #, ]
I/MediaRemoteController( 1470): registering MediaRemoteController21
D/LiveDisplay(  823): Adjust display temperature to 4533K [r=1.0 g=0.87096953 b=0.7422912]
I/GsaVoiceInteractionSrv( 1592): onReady
D/LiveDisplay(  823): Adjust display temperature to 4512K [r=1.0 g=0.8694661 b=0.7388528]
I/ActivityManager(  823): Start proc 2014:com.google.android.googlequicksearchbox:search/u0a23 for service com.google.android.googlequicksearchbox/com.google.android.hotword.service.HotwordService
D/LiveDisplay(  823): Adjust display temperature to 4506K [r=1.0 g=0.8690366 b=0.7378704]
D/Launcher.Model( 1818): 11683562 - loadWorkspace()
D/WIFI    (  823): got request NetworkRequest [ id=1, legacyType=-1, [ Capabilities: INTERNET&NOT_RESTRICTED&TRUSTED&NOT_VPN] ] with score 0
D/WIFI_UT (  823): got request NetworkRequest [ id=1, legacyType=-1, [ Capabilities: INTERNET&NOT_RESTRICTED&TRUSTED&NOT_VPN] ] with score 0
D/Launcher.Model( 1818): 11683562 -   loadedOldDb: false
W/Launcher( 1818): setApplicationContext called twice! old=com.android.launcher3.LauncherApplication@369c43a9 new=com.android.launcher3.LauncherApplication@369c43a9
D/WifiService(  823): New client listening to asynchronous messages
D/LiveDisplay(  823): Adjust display temperature to 4502K [r=1.0 g=0.8687502 b=0.73721546]
D/BluetoothManagerService(  823): Message: 300
D/BluetoothManagerService(  823): MESSAGE_USER_SWITCHED
D/LiveDisplay(  823): Adjust display temperature to 4500K [r=1.0 g=0.86860704 b=0.736888]
D/audio_hw_primary(  254): adev_set_mic_mute state 0
W/ResourcesManager( 1818): Asset path '/system/framework/com.google.android.media.effects.jar' does not exist or contains no resources.
I/art     (  823): Background partial concurrent mark sweep GC freed 101323(11MB) AllocSpace objects, 13(872KB) LOS objects, 32% free, 33MB/49MB, paused 4.900ms total 157.021ms
D/OpenGLRenderer( 1818): Use EGL_SWAP_BEHAVIOR_PRESERVED: true
D/Atlas   ( 1818): Validating map...
V/WindowManager(  823): Based on layer: Adding window Window{15bcc76 u0 com.cyanogenmod.trebuchet/com.android.launcher3.Launcher} at 0 of 3
I/WearablePkgInstaller( 1470): Syncing all apps on first start.
V/BackupManagerService(  823): Connected to transport ComponentInfo{android/com.android.internal.backup.LocalTransportService}
V/BackupManagerService(  823): Registering transport android/com.android.internal.backup.LocalTransportService::android/com.android.internal.backup.LocalTransport = android.app.backup.BackupTransport$TransportImpl@95cd914
I/Choreographer(  823): Skipped 34 frames!  The application may be doing too much work on its main thread.
I/Adreno-EGL( 1818): <qeglDrvAPI_eglInitialize:410>: EGL 1.4 QUALCOMM build: AU_LINUX_ANDROID_LA.BF.1.1.1_RB1.05.01.00.042.030_msm8974_LA.BF.1.1.1_RB1__release_AU ()
I/Adreno-EGL( 1818): OpenGL ES Shader Compiler Version: E031.25.03.06
I/Adreno-EGL( 1818): Build Date: 04/15/15 Wed
I/Adreno-EGL( 1818): Local Branch: mybranch9068252
I/Adreno-EGL( 1818): Remote Branch: quic/LA.BF.1.1.1_rb1.19
I/Adreno-EGL( 1818): Local Patches: NONE
I/Adreno-EGL( 1818): Reconstruct Branch: AU_LINUX_ANDROID_LA.BF.1.1.1_RB1.05.01.00.042.030 +  NOTHING
D/BluetoothManagerService(  823): Trying to bind to profile: 1, while Bluetooth was disabled
D/BluetoothManagerService(  823): Message: 30
I/OpenGLRenderer( 1818): Initialized EGL, version 1.4
D/PhoneStatusBar( 1250): disable: < EXPAND* icons alerts system_info BACK* HOME* RECENT* clock SEARCH* >
D/PhoneStatusBarPolicy( 1250): updateSimState for subId :2147483643
D/PhoneStatusBarPolicy( 1250): updateSimState for phoneId :0
D/PhoneStatusBarPolicy( 1250): updateSimState for Slot :0
D/LBSSystemMonitorService(  823): SUPL_ES is: 1
D/LBSSystemMonitorService(  823): handleMessage what - 1
D/OpenGLRenderer( 1250): setting property extraRasterBucket to 0.95
D/OpenGLRenderer( 1250):     failed
D/OpenGLRenderer( 1250): setting property extraRasterBucket to 0.0
D/OpenGLRenderer( 1250):     failed
D/LBSSystemMonitorService(  823): nonSGLTE device with ES SUPL
D/OpenGLRenderer( 1818): Enabling debug mode 0
D/Wiper_jni(  823): Inform wiper status.
D/LBSSystemMonitorService(  823): handleMessage what - 10
D/RilInfoMonitor(  823): handleMessage what - 0
D/RilInfoMonitor(  823): nonSGLTE device with ES SUPL
D/LBSSystemMonitorService(  823): handleMessage what - 15
D/DeviceContext(  823): handleMessage what - 0
D/LBSSystemMonitorService(  823): handleMessage what - 16
D/DeviceContext(  823): handleMessage what - 1
W/XTWiFiOS(  823): Constructor enter
W/XTWiFiOS(  823): Constructor exit
W/XTWiFiOS(  823): onCreate enter
E/StatsUtil( 1818): stats not found!
E/StatsUtil( 1818): stats not found!
E/StatsUtil( 1818): stats not found!
E/StatsUtil( 1818): stats not found!
E/StatsUtil( 1818): stats not found!
E/PackageNameComparator( 1470): Couldn't find package ranking in gservices.
E/StatsUtil( 1818): stats not found!
E/StatsUtil( 1818): stats not found!
E/StatsUtil( 1818): stats not found!
E/StatsUtil( 1818): stats not found!
E/PackageNameComparator( 1470): Couldn't find package ranking in gservices.
E/StatsUtil( 1818): stats not found!
E/StatsUtil( 1818): stats not found!
E/StatsUtil( 1818): stats not found!
E/StatsUtil( 1818): stats not found!
E/StatsUtil( 1818): stats not found!
E/StatsUtil( 1818): stats not found!
E/StatsUtil( 1818): stats not found!
E/StatsUtil( 1818): stats not found!
E/StatsUtil( 1818): stats not found!
I/Timeline( 1818): Timeline: Activity_idle id: android.os.BinderProxy@3f460811 time:54915
E/StatsUtil( 1818): stats not found!
E/StatsUtil( 1818): stats not found!
V/XTWiFiOS(  823): GTP CELL PROC: MODEM GTP CELL AP mode: BASIC GTP WIFI mode: DISABLED PIP mode: DISABLED
V/XTWiFiOS(  823): GTP AP CELL Disabled
V/XTWiFiOS(  823): Setting GTP WIFI mode to DISABLED
V/XTWiFiOS(  823): Setting PIP mode to DISABLED
V/XTWiFiOS(  823): Setting GTP WAA mode to DISABLED
V/XTWiFiOS(  823): iZat enabled: false, GTP WIFI feature: false, GTP CELL AP feature: false, PIP feature: false, GTP WAA feature: false
V/XTWiFiOS(  823): iZat enabled is false, abort initialization
W/XTWiFiOS(  823): onCreate exit
E/StatsUtil( 1818): stats not found!
E/StatsUtil( 1818): stats not found!
E/StatsUtil( 1818): stats not found!
E/StatsUtil( 1818): stats not found!
E/StatsUtil( 1818): stats not found!
E/StatsUtil( 1818): stats not found!
E/StatsUtil( 1818): stats not found!
I/ActivityManager(  823): Displayed com.cyanogenmod.trebuchet/com.android.launcher3.Launcher: +1s374ms
E/StatsUtil( 1818): stats not found!
I/Timeline(  823): Timeline: Activity_windows_visible id: ActivityRecord{36b9183f u0 com.cyanogenmod.trebuchet/com.android.launcher3.Launcher t5411} time:54934
E/StatsUtil( 1818): stats not found!
E/StatsUtil( 1818): stats not found!
E/StatsUtil( 1818): stats not found!
E/StatsUtil( 1818): stats not found!
E/StatsUtil( 1818): stats not found!
E/StatsUtil( 1818): stats not found!
E/StatsUtil( 1818): stats not found!
E/StatsUtil( 1818): stats not found!
E/StatsUtil( 1818): stats not found!
V/KeyguardServiceDelegate(  823): *** Keyguard started
W/KeyguardServiceDelegate(  823): onScreenTurnedOn(): no keyguard service!
E/StatsUtil( 1818): stats not found!
E/StatsUtil( 1818): stats not found!
E/StatsUtil( 1818): stats not found!
E/StatsUtil( 1818): stats not found!
E/StatsUtil( 1818): stats not found!
E/StatsUtil( 1818): stats not found!
E/StatsUtil( 1818): stats not found!
E/StatsUtil( 1818): stats not found!
E/StatsUtil( 1818): stats not found!
E/StatsUtil( 1818): stats not found!
E/StatsUtil( 1818): stats not found!
E/StatsUtil( 1818): stats not found!
E/StatsUtil( 1818): stats not found!
E/StatsUtil( 1818): stats not found!
E/StatsUtil( 1818): stats not found!
E/StatsUtil( 1818): stats not found!
E/StatsUtil( 1818): stats not found!
E/StatsUtil( 1818): stats not found!
E/StatsUtil( 1818): stats not found!
D/        (  823): Native Location Alarm Services JNI Onload 
E/LAlarm  (  823): Service created.
E/LAlarm  (  823): Service started flags 0 startId 1
V/GeoFencerProxy(  823): onServiceConnected: mGeoFencer - com.qualcomm.location.GeoFenceService$1@256ddf36
E/LAlarm  (  823): Thread created.
D/        (  823): jboolean locAlarmSvc::native_register(JNIEnv*, jobject)]62
D/OSAL    (  823): socket_server_setup:87] succeeded. Return Val 236
D/OSAL    (  823): alarm_service_register: result of socket_server_setup was 236!
D/        (  823): jboolean locAlarmSvc::native_register(JNIEnv*, jobject)]67 alarm_register succeeded
D/        (  823): jint locAlarmSvc::native_wait_for_alarm()]42
E/StatsUtil( 1818): stats not found!
E/StatsUtil( 1818): stats not found!
E/StatsUtil( 1818): stats not found!
E/StatsUtil( 1818): stats not found!
I/wpa_supplicant( 1214): p2p0: CTRL-EVENT-AVOID-FREQ ranges=
E/StatsUtil( 1818): stats not found!
E/StatsUtil( 1818): stats not found!
D/CountryDetector(  823): The first listener is added
I/ActivityManager(  823): Start proc 2083:com.cyanogenmod.eleven/u0a40 for broadcast com.cyanogenmod.eleven/.MediaButtonIntentReceiver
I/ActivityManager(  823): Start proc 2109:com.android.providers.calendar/u0a4 for content provider com.android.providers.calendar/.CalendarProvider2
D/LBSSystemMonitorService(  823): handleMessage what - 9
D/Wiper_jni(  823): Send Wifi Status info
D/RilInfoMonitor(  823): onCallStateChanged(): state is 0
D/RilInfoMonitor(  823): state == TelephonyManager.CALL_STATE_IDLE
D/RilInfoMonitor(  823): calling GpsNetInitiatedHandler.obj.updateEmergencySUPLStatus(false)
D/LocSvc_NiH(  823): public boolean updateEmergencySUPLStatus():mIsInEmergency is false
D/LocSvc_jni(  823): set_capabilities_callback: 49
E/LocSvc_LBSApiV02(  823): E/virtual int lbs_core::LBSApiV02::wifiEnabledStatusInject(int):670]: Error : st = 11, ind.status = -1357801596
I/libmdmdetect(  823): ESOC framework not supported
E/libmdmdetect(  823): Found internal modem: modem
I/libmdmdetect(  823): ESOC framework not supported
E/libmdmdetect(  823): Found internal modem: modem
I/libmdmdetect(  823): ESOC framework not supported
E/libmdmdetect(  823): Found internal modem: modem
I/libmdmdetect(  823): ESOC framework not supported
E/libmdmdetect(  823): Found internal modem: modem
I/libmdmdetect(  823): ESOC framework not supported
E/libmdmdetect(  823): Found internal modem: modem
I/libmdmdetect(  823): ESOC framework not supported
E/libmdmdetect(  823): Found internal modem: modem
I/libmdmdetect(  823): ESOC framework not supported
E/libmdmdetect(  823): Found internal modem: modem
I/libmdmdetect(  823): ESOC framework not supported
E/libmdmdetect(  823): Found internal modem: modem
I/libmdmdetect(  823): ESOC framework not supported
E/libmdmdetect(  823): Found internal modem: modem
I/libmdmdetect(  823): ESOC framework not supported
E/libmdmdetect(  823): Found internal modem: modem
V/KeyguardServiceDelegate(  823): *** Keyguard connected (yay!)
I/libmdmdetect(  823): ESOC framework not supported
E/libmdmdetect(  823): Found internal modem: modem
I/libmdmdetect(  823): ESOC framework not supported
E/libmdmdetect(  823): Found internal modem: modem
I/libmdmdetect(  823): ESOC framework not supported
E/libmdmdetect(  823): Found internal modem: modem
I/libmdmdetect(  823): ESOC framework not supported
E/libmdmdetect(  823): Found internal modem: modem
I/libmdmdetect(  823): ESOC framework not supported
E/libmdmdetect(  823): Found internal modem: modem
I/libmdmdetect(  823): ESOC framework not supported
E/libmdmdetect(  823): Found internal modem: modem
V/KeyguardViewMediator( 1250): Ignoring state: UNKNOWN
W/Settings( 1250): Setting airplane_mode_on has moved from android.provider.Settings.System to android.provider.Settings.Global, returning read-only value.
I/libmdmdetect(  823): ESOC framework not supported
E/libmdmdetect(  823): Found internal modem: modem
I/libmdmdetect(  823): ESOC framework not supported
E/libmdmdetect(  823): Found internal modem: modem
I/libmdmdetect(  823): ESOC framework not supported
E/libmdmdetect(  823): Found internal modem: modem
I/libmdmdetect(  823): ESOC framework not supported
E/libmdmdetect(  823): Found internal modem: modem
I/libmdmdetect(  823): ESOC framework not supported
E/libmdmdetect(  823): Found internal modem: modem
I/libmdmdetect(  823): ESOC framework not supported
E/libmdmdetect(  823): Found internal modem: modem
V/UlpService(  823): +startAdditionalServices
W/ActivityManager(  823): Unable to start service Intent { act=com.android.location.XT.IXTSrv pkg=com.qualcomm.location.XT } U=0: not found
V/UlpService(  823): -startAdditionalServices
I/libmdmdetect(  823): ESOC framework not supported
E/libmdmdetect(  823): Found internal modem: modem
I/libmdmdetect(  823): ESOC framework not supported
E/libmdmdetect(  823): Found internal modem: modem
I/libmdmdetect(  823): ESOC framework not supported
E/libmdmdetect(  823): Found internal modem: modem
I/libmdmdetect(  823): ESOC framework not supported
E/libmdmdetect(  823): Found internal modem: modem
E/LAlarm  (  823): Service started flags 0 startId 2
I/libmdmdetect(  823): ESOC framework not supported
E/libmdmdetect(  823): Found internal modem: modem
I/libmdmdetect(  823): ESOC framework not supported
E/libmdmdetect(  823): Found internal modem: modem
D/VoldCmdListener(  243): cryptfs getpw
D/TelephonyDebugService( 1790): TelephonyDebugService()
D/VoldCmdListener(  243): cryptfs clearpw
I/libmdmdetect(  823): ESOC framework not supported
E/libmdmdetect(  823): Found internal modem: modem
I/libmdmdetect(  823): ESOC framework not supported
E/libmdmdetect(  823): Found internal modem: modem
I/libmdmdetect(  823): ESOC framework not supported
E/libmdmdetect(  823): Found internal modem: modem
I/libmdmdetect(  823): ESOC framework not supported
E/libmdmdetect(  823): Found internal modem: modem
I/libmdmdetect(  823): ESOC framework not supported
E/libmdmdetect(  823): Found internal modem: modem
I/libmdmdetect(  823): ESOC framework not supported
E/libmdmdetect(  823): Found internal modem: modem
I/libmdmdetect(  823): ESOC framework not supported
E/libmdmdetect(  823): Found internal modem: modem
I/libmdmdetect(  823): ESOC framework not supported
E/libmdmdetect(  823): Found internal modem: modem
E/QC-QMI  (  257): qmi_qmux_open_connection: connection is disabled for conn_id=21
E/QC-QMI  (  257): qmi_qmux_tx_msg: failed to open inactive connd_id=21
E/QC-QMI  (  257): qmi_qmux: TX failed, connection inactive or in reset, conn_id=21, status_flags=4
E/QC-QMI  (  257): qmi_ctl_tx_msg: qmi_qmux_tx_msg failed
E/QC-QMI  (  257): qmi_ctl_handle_request: qmi_ctl_tx_msg call failed
I/libmdmdetect(  823): ESOC framework not supported
E/libmdmdetect(  823): Found internal modem: modem
E/QC-QMI  (  257): qmi_qmux_open_connection: connection is disabled for conn_id=21
E/QC-QMI  (  257): qmi_qmux_tx_msg: failed to open inactive connd_id=21
E/QC-QMI  (  257): qmi_qmux: TX failed, connection inactive or in reset, conn_id=21, status_flags=4
E/QC-QMI  (  257): qmi_ctl_tx_msg: qmi_qmux_tx_msg failed
