W/j       ( 2440): Could not get resources package for package "com.android.vpndialogs". Falling back to app package name.
W/ResourcesManager( 2440): Asset path '/system/framework/com.google.android.media.effects.jar' does not exist or contains no resources.
W/j       ( 2440): Could not get resources package for package "com.android.shell". Falling back to app package name.
W/ResourcesManager( 2440): Asset path '/system/framework/com.google.android.maps.jar' does not exist or contains no resources.
W/j       ( 2440): Could not get resources package for package "com.android.providers.userdictionary". Falling back to app package name.
W/ResourcesManager( 2440): Asset path '/system/framework/com.android.location.provider.jar' does not exist or contains no resources.
W/j       ( 2440): Could not get resources package for package "com.android.location.fused". Falling back to app package name.
W/j       ( 2440): Could not get resources package for package "com.android.exchange". Falling back to app package name.
W/ResourcesManager( 2440): Asset path '/system/framework/javax.btobex.jar' does not exist or contains no resources.
W/j       ( 2440): Could not get resources package for package "com.android.bluetooth". Falling back to app package name.
W/ResourceType( 2440): No known package when getting name for resource number 0x7f010000
W/j       ( 2440): Could not get resources package for package "com.qualcomm.timeservice". Falling back to app package name.
W/ResourcesManager( 2440): Asset path '/system/framework/android.test.runner.jar' does not exist or contains no resources.
W/j       ( 2440): Could not get resources package for package "com.android.development". Falling back to app package name.
W/j       ( 2440): Could not get resources package for package "com.android.providers.contacts". Falling back to app package name.
W/j       ( 2440): Could not get resources package for package "com.android.captiveportallogin". Falling back to app package name.
W/asset   ( 2440): Asset path /system/framework/com.google.android.camera2.jar is neither a directory nor file (type=1).
W/ResourcesManager( 2440): Asset path '/system/framework/com.google.android.camera2.jar' does not exist or contains no resources.
W/j       ( 2440): Could not get resources package for package "com.blizzard.wtcg.hearthstone". Falling back to app package name.
W/art     ( 2440): Long monitor contention event with owner method=java.lang.String android.os.Parcel.nativeReadString(long) from Parcel.java:4294967294 waiters=0 for 891ms
W/ResourcesManager( 1818): Asset path '/system/framework/com.google.android.media.effects.jar' does not exist or contains no resources.
I/DynRingVolController( 1470): reverting to original ringer.
I/WearablePkgInstaller( 1470): Fingerprint & Status matches, not requesting installs for com.google.android.apps.fitness
W/msgr(:<default>):bb( 2682): Dropping app 174829003346 which does not support compose flow
E/WearablePkgInstaller( 1470): Failed to load checksum for wearable package in com.android.vending
E/WearablePkgInstaller( 1470): java.io.IOException: Failed to locate raw resource wearsky for wearable apk in package com.google.android.wearable.app
E/WearablePkgInstaller( 1470): 	at com.google.android.clockwork.companion.packagemanager.PackageUpdateService$WearableDataFromRawLoader.getInputStream(PackageUpdateService.java:694)
E/WearablePkgInstaller( 1470): 	at com.google.android.clockwork.companion.packagemanager.PackageUpdateService$WearableDataFromRawLoader.loadApkChecksum(PackageUpdateService.java:679)
E/WearablePkgInstaller( 1470): 	at com.google.android.clockwork.companion.packagemanager.CompanionPackageData$WearableData.ensureChecksumLoaded(CompanionPackageData.java:262)
E/WearablePkgInstaller( 1470): 	at com.google.android.clockwork.companion.packagemanager.CompanionPackageData.ensureChecksumsLoaded(CompanionPackageData.java:218)
E/WearablePkgInstaller( 1470): 	at com.google.android.clockwork.companion.packagemanager.PackageUpdateService.addPackage(PackageUpdateService.java:391)
E/WearablePkgInstaller( 1470): 	at com.google.android.clockwork.companion.packagemanager.PackageUpdateService.handleAllPackages(PackageUpdateService.java:266)
E/WearablePkgInstaller( 1470): 	at com.google.android.clockwork.companion.packagemanager.PackageUpdateService.onHandleIntent(PackageUpdateService.java:156)
E/WearablePkgInstaller( 1470): 	at android.app.IntentService$ServiceHandler.handleMessage(IntentService.java:65)
E/WearablePkgInstaller( 1470): 	at android.os.Handler.dispatchMessage(Handler.java:102)
E/WearablePkgInstaller( 1470): 	at android.os.Looper.loop(Looper.java:135)
E/WearablePkgInstaller( 1470): 	at android.os.HandlerThread.run(HandlerThread.java:61)
D/BluetoothAdapter( 1383): 916210601: getState() :  mService = null. Returning STATE_OFF
D/BluetoothAdapter( 1383): 916210601: getState() :  mService = null. Returning STATE_OFF
I/GCoreNlp( 2440): !shouldConfirmNlp, ensuring user opted into NLP
I/GCoreUlr( 2440): Starting service, intent=Intent { act=com.google.android.location.reporting.ACTION_UPDATE_WORLD cmp=com.google.android.gms/com.google.android.location.reporting.service.DispatchingService (has extras) }, extras=Bundle[{receiverAction=android.location.PROVIDERS_CHANGED}]
I/GCoreUlr( 2440): DispatchingService.onCreate()
I/ActivityManager(  823): Start proc 2723:com.google.android.apps.maps/u0a101 for broadcast com.google.android.apps.maps/com.google.android.apps.gmm.iamhere.ble.StartBleServiceReceiver
I/GCoreUlr( 2440): WorldUpdater received intent Intent { act=com.google.android.location.reporting.ACTION_UPDATE_WORLD cmp=com.google.android.gms/com.google.android.location.reporting.service.DispatchingService (has extras) } with receiverAction android.location.PROVIDERS_CHANGED
E/WearablePkgInstaller( 1470): Failed to load checksum for wearable package in com.google.android.wearable.app
E/WearablePkgInstaller( 1470): java.io.IOException: Failed to locate raw resource clockwork_home for wearable apk in package com.google.android.wearable.app
E/WearablePkgInstaller( 1470): 	at com.google.android.clockwork.companion.packagemanager.PackageUpdateService$WearableDataFromRawLoader.getInputStream(PackageUpdateService.java:694)
E/WearablePkgInstaller( 1470): 	at com.google.android.clockwork.companion.packagemanager.PackageUpdateService$WearableDataFromRawLoader.loadApkChecksum(PackageUpdateService.java:679)
E/WearablePkgInstaller( 1470): 	at com.google.android.clockwork.companion.packagemanager.CompanionPackageData$WearableData.ensureChecksumLoaded(CompanionPackageData.java:262)
E/WearablePkgInstaller( 1470): 	at com.google.android.clockwork.companion.packagemanager.CompanionPackageData.ensureChecksumsLoaded(CompanionPackageData.java:218)
E/WearablePkgInstaller( 1470): 	at com.google.android.clockwork.companion.packagemanager.PackageUpdateService.addPackage(PackageUpdateService.java:391)
E/WearablePkgInstaller( 1470): 	at com.google.android.clockwork.companion.packagemanager.PackageUpdateService.handleAllPackages(PackageUpdateService.java:266)
E/WearablePkgInstaller( 1470): 	at com.google.android.clockwork.companion.packagemanager.PackageUpdateService.onHandleIntent(PackageUpdateService.java:156)
E/WearablePkgInstaller( 1470): 	at android.app.IntentService$ServiceHandler.handleMessage(IntentService.java:65)
E/WearablePkgInstaller( 1470): 	at android.os.Handler.dispatchMessage(Handler.java:102)
E/WearablePkgInstaller( 1470): 	at android.os.Looper.loop(Looper.java:135)
E/WearablePkgInstaller( 1470): 	at android.os.HandlerThread.run(HandlerThread.java:61)
E/WearablePkgInstaller( 1470): Failed to load checksum for wearable package com.android.vending : no loader for checksum available
E/WearablePkgInstaller( 1470): Failed to load checksum for wearable package com.google.android.wearable.app : no loader for checksum available
I/WearablePkgInstaller( 1470): Companion package metadata matches, not requesting installs for com.google.android.wearable.app
I/GAV3    ( 1964): Thread[GAThread,5,main]: No campaign data found.
I/GAv4-SVC( 2342): Google Analytics 8.3.01 is starting up.
I/GCoreUlr( 2440): WorldUpdater:android.location.PROVIDERS_CHANGED: Ensuring that reporting is active for [account#-19#, account#9#]
I/GCoreUlr( 2440): Registered for wifi state change updates
I/GCoreUlr( 2440): Wifi connected, attempting upload
I/GCoreUlr( 2440): Starting service, intent=Intent { act=com.google.android.location.reporting.WIFI_TRIGGERED_FLUSH_AND_UPLOAD cmp=com.google.android.gms/com.google.android.location.reporting.service.DispatchingService }, extras=null
I/WearablePkgInstaller( 1470): Fingerprint & Status matches, not requesting installs for com.google.android.apps.maps
W/ResourcesManager( 1470): Asset path '/system/framework/com.google.android.maps.jar' does not exist or contains no resources.
W/GCoreFlp( 2440): No location to return for getLastLocation()
I/GCoreUlr( 2440): GMS FLP location and AR updates requested: {"description":"default","newRequest":true,"samplePeriodMs":120000,"sampleReason":"default","sampleSource":"internal","timestampMs":1448239209812}
I/art     ( 1682): Rejecting re-init on previously-failed class java.lang.Class<com.google.android.gms.common.h.c>
I/art     ( 1682): Rejecting re-init on previously-failed class java.lang.Class<com.google.android.gms.common.h.c>
I/GCoreUlr( 2440): GMS BLE building event-driven scanner
D/BluetoothAdapter( 1383): 916210601: getState() :  mService = null. Returning STATE_OFF
E/SQLiteLog( 1682): (283) recovered 3 frames from WAL file /data/data/com.google.android.gms/databases/playlog.db-wal
I/ActivityManager(  823): Start proc 2774:com.google.android.apps.walletnfcrel/u0a168 for broadcast com.google.android.apps.walletnfcrel/com.google.commerce.tapandpay.android.geofencing.LocationModeChangedReceiver
D/BluetoothAdapter( 2440): 999483851: getState() :  mService = null. Returning STATE_OFF
I/BleScanCompatLib( 2440): Building BLE scanner compat:  'L/M' hardware access layer is not available: BluetoothAdapter.getBluetoothLeScanner() is null.
I/BleScanCompatLib( 2440): BLE 'JB+' software access layer enabled
I/Scheduler( 1682): Use legacy PeriodicScheduler
I/GCoreUlr( 2440): GMS BLE scans enabled.
W/InstanceID/Rpc( 1682): Found 10022
W/com.google.a.a.b.d.a( 2723): Application name is not set. Call Builder#setApplicationName.
D/BluetoothManagerService(  823): Message: 20
D/BluetoothManagerService(  823): Added callback: android.bluetooth.IBluetoothManagerCallback$Stub$Proxy@256d962d:true
W/ResourcesManager( 2774): Asset path '/system/framework/com.android.media.remotedisplay.jar' does not exist or contains no resources.
W/ResourcesManager( 2774): Asset path '/system/framework/com.android.location.provider.jar' does not exist or contains no resources.
I/WearablePkgInstaller( 1470): Fingerprint & Status matches, not requesting installs for rocketstartups.wearcalculator
V/JNIHelp ( 2774): Registering com/google/android/gms/org/conscrypt/NativeCrypto's 241 native methods...
W/GCoreFlp( 2440): No location to return for getLastLocation()
I/ProviderInstaller( 2774): Installed default security provider GmsCore_OpenSSL
D/LBSSystemMonitorService(  823): handleMessage what - 7
D/Wiper_jni(  823): Send Passive Location.
I/GCoreUlr( 2440): Starting service, intent=Intent { act=com.google.android.location.reporting.WIFI_TRIGGERED_UPLOAD cmp=com.google.android.gms/com.google.android.location.reporting.service.DispatchingService }, extras=null
W/InstanceID/Rpc( 2774): Found 10022
I/GunsAppRegManager( 2774): GCM Project Id: 144105662513, View Id: tapandpay
I/GCoreUlr( 2440): Successfully inserted 1 locations
I/GCoreUlr( 2440): Not uploading first location since start (in case we're in restart loop)
E/LauncherActivityInfo( 1818): Unable to create badged icon for ActivityInfo{6a34de6 com.taplytics.test2app.MainActivity}
I/WearablePkgInstaller( 1470): Fingerprint & Status matches, not requesting installs for com.motorola.omni
I/GCoreUlr( 2440): Not uploading first location since start (in case we're in restart loop)
I/GCoreUlr( 2440): Not uploading first location since start (in case we're in restart loop)
I/WearablePkgInstaller( 1470): Fingerprint & Status matches, not requesting installs for com.google.android.keep
I/WearablePkgInstaller( 1470): Fingerprint & Status matches, not requesting installs for com.google.android.GoogleCamera
W/ResourceType(  823): Failure getting entry for 0x7f070047 (t=6 e=71) (error -75)
I/iu.SyncManager( 2342): SYNC; picasa accounts
D/LBSSystemMonitorService(  823): handleMessage what - 4
D/Wiper_jni(  823): Send Network Location.
D/NetworkLogImpl( 2342): Loaded NetworkSpeedPredictor
I/iu.Environment( 2342): update connectivity state; isNetworkMetered? false, isRoaming? false, isBackgroundDataAllowed? true*
I/iu.Environment( 2342): update battery state; isPlugged? false*
I/GCoreUlr( 2440): Starting service, intent=Intent { act=com.google.android.location.reporting.ACTION_UPDATE_WORLD cmp=com.google.android.gms/com.google.android.location.reporting.service.DispatchingService (has extras) }, extras=Bundle[{receiverAction=android.intent.action.ACTION_POWER_DISCONNECTED}]
I/ActivityManager(  823): Start proc 2825:com.android.chrome/u0a80 for broadcast com.android.chrome/org.chromium.chrome.browser.precache.PrecacheServiceLauncher
I/art     ( 2440): Background sticky concurrent mark sweep GC freed 163766(11MB) AllocSpace objects, 23(661KB) LOS objects, 24% free, 25MB/33MB, paused 6.963ms total 61.395ms
I/SearchBackgroundTaskFac( 2014): Checking for language pack updates
D/WifiService(  823): releaseWifiLockLocked: WifiLock{NlpWifiLock type=2 binder=android.os.BinderProxy@f1faa69}
D/LBSSystemMonitorService(  823): handleMessage what - 7
D/Wiper_jni(  823): Send Passive Location.
I/WearablePkgInstaller( 1470): Fingerprint & Status matches, not requesting installs for au.com.shiftyjelly.pocketcasts
I/GCoreUlr( 2440): WorldUpdater received intent Intent { act=com.google.android.location.reporting.ACTION_UPDATE_WORLD cmp=com.google.android.gms/com.google.android.location.reporting.service.DispatchingService (has extras) } with receiverAction android.intent.action.ACTION_POWER_DISCONNECTED
I/iu.UploadsManager( 2342): num queued entries: 0
I/iu.UploadsManager( 2342): num updated entries: 0
I/WebViewFactory( 2014): Loading com.google.android.webview version 46.0.2490.76 (code 249007600)
I/iu.SyncManager( 2342): NEXT; no task
I/ActivityManager(  823): Start proc 2864:com.google.android.apps.photos/u0a95 for broadcast com.google.android.apps.photos/.scheduler.PowerReceiver
W/ResourcesManager( 1818): Asset path '/system/framework/com.google.android.media.effects.jar' does not exist or contains no resources.
W/ResourcesManager( 1818): Asset path '/system/framework/com.google.android.maps.jar' does not exist or contains no resources.
W/ResourcesManager( 1818): Asset path '/system/framework/com.google.android.maps.jar' does not exist or contains no resources.
I/cr.library_loader( 2014): Time to load native libraries: 1 ms (timestamps 2150-2151)
I/cr.library_loader( 2014): Expected native library version number "46.0.2490.76", actual native library version number "46.0.2490.76"
W/ResourcesManager( 1818): Asset path '/system/framework/com.google.android.maps.jar' does not exist or contains no resources.
W/ResourcesManager( 1818): Asset path '/system/framework/com.google.android.maps.jar' does not exist or contains no resources.
W/ResourcesManager( 1818): Asset path '/system/framework/com.google.android.media.effects.jar' does not exist or contains no resources.
W/ResourcesManager( 1818): Asset path '/system/framework/com.google.android.maps.jar' does not exist or contains no resources.
I/GCoreUlr( 2440): WorldUpdater:android.intent.action.ACTION_POWER_DISCONNECTED: Ensuring that reporting is active for [account#-19#, account#9#]
I/GCoreUlr( 2440): GMS BLE scans enabled.
I/WearablePkgInstaller( 1470): Fingerprint & Status matches, not requesting installs for wearablesoftware.wearintervaltimer
I/WearablePkgInstaller( 1470): Fingerprint & Status matches, not requesting installs for com.motorola.targetnotif
D/GCM     ( 1682): COMPAT: Multi user ser=0 current=0
D/CloudNode( 2440): cloud sync upload configuration updated to: [600, 0, 259200, 900, 864000, 86400]
I/WearablePkgInstaller( 1470): Fingerprint & Status matches, not requesting installs for com.paypal.android.p2pmobile
I/WearablePkgInstaller( 1470): Fingerprint & Status matches, not requesting installs for com.mapmyride.android2
I/WearablePkgInstaller( 1470): Fingerprint & Status matches, not requesting installs for com.google.android.music
I/ActivityManager(  823): Start proc 2895:com.google.android.apps.plus/u0a116 for broadcast com.google.android.apps.plus/com.google.android.libraries.social.autobackup.AutoBackupEnvironment$BatteryReceiver
D/CloudNode( 2440): handleFetchNewDataFromCloud: fetched=1 for syncTable={cloud=18842, 15c679b8=147109, 9892b590=28834, e9924de1=43935, a52cdad5=8497}
W/ResourcesManager( 2895): Asset path '/system/framework/com.google.android.maps.jar' does not exist or contains no resources.
D/CloudNode( 2440): New cloud sync id after sync: 28834
I/WearablePkgInstaller( 1470): Fingerprint & Status matches, not requesting installs for me.lyft.android
I/WearablePkgInstaller( 1470): Fingerprint & Status matches, not requesting installs for com.google.android.talk
E/WearablePkgInstaller( 1470): Could not parse XML
E/WearablePkgInstaller( 1470): org.xmlpull.v1.XmlPullParserException: "package" tag has to be the same as the app's package.
E/WearablePkgInstaller( 1470): 	at com.google.android.clockwork.companion.packagemanager.PackageUpdateService.loadWearablesMetadata(PackageUpdateService.java:580)
E/WearablePkgInstaller( 1470): 	at com.google.android.clockwork.companion.packagemanager.PackageUpdateService.loadCompanionPackageData(PackageUpdateService.java:494)
E/WearablePkgInstaller( 1470): 	at com.google.android.clockwork.companion.packagemanager.PackageUpdateService.addPackage(PackageUpdateService.java:377)
E/WearablePkgInstaller( 1470): 	at com.google.android.clockwork.companion.packagemanager.PackageUpdateService.handleAllPackages(PackageUpdateService.java:266)
E/WearablePkgInstaller( 1470): 	at com.google.android.clockwork.companion.packagemanager.PackageUpdateService.onHandleIntent(PackageUpdateService.java:156)
E/WearablePkgInstaller( 1470): 	at android.app.IntentService$ServiceHandler.handleMessage(IntentService.java:65)
E/WearablePkgInstaller( 1470): 	at android.os.Handler.dispatchMessage(Handler.java:102)
E/WearablePkgInstaller( 1470): 	at android.os.Looper.loop(Looper.java:135)
E/WearablePkgInstaller( 1470): 	at android.os.HandlerThread.run(HandlerThread.java:61)
I/ActivityManager(  823): Start proc 2923:com.guxiu.dreamdays_l/u0a148 for broadcast com.guxiu.dreamdays_l/al.com.dreamdays.widget.DreamdaysWidgetSmall
I/WearablePkgInstaller( 1470): Fingerprint & Status matches, not requesting installs for com.skype.raider
W/ImageLoader( 2923): memoryCache() and memoryCacheSize() calls overlap each other
W/ImageLoader( 2923): memoryCache() and memoryCacheSize() calls overlap each other
D/ImageLoader( 2923): Initialize ImageLoader with configuration
E/WifiStateMachine(  823): WifiStateMachine L2Connected CMD_START_SCAN source -2 2, 6 -> obsolete
I/ActivityManager(  823): Start proc 2944:com.google.android.calendar/u0a69 for broadcast com.google.android.calendar/com.android.calendar.widget.CalendarAppWidgetProvider
E/SQLiteLog( 2944): (283) recovered 5 frames from WAL file /data/data/com.google.android.calendar/databases/timelydata.db-wal
I/ActivityManager(  823): Killing 1885:com.cyanogenmod.lockclock/u0a50 (adj 15): empty #17
I/AnalyticsLogBase( 2944): PlayLogger.onLoggerConnected
I/AnalyticsLogBase( 2944): PlayLogger.onLoggerConnected
I/System.out( 2359): There is callback from service
W/ActivityThread( 2723): ClassLoader.loadClass: The class loader returned by Thread.getContextClassLoader() may fail for processes that host multiple applications. You should explicitly specify a context class loader. For example: Thread.setContextClassLoader(getClass().getClassLoader());
E/WifiStateMachine(  823): WifiStateMachine L2Connected CMD_START_SCAN source -2 3, 6 -> obsolete
E/WifiStateMachine(  823): WifiStateMachine L2Connected CMD_START_SCAN source -2 4, 6 -> obsolete
E/WifiStateMachine(  823): WifiStateMachine L2Connected CMD_START_SCAN source -2 5, 6 -> obsolete
W/BroadcastQueue(  823): Permission Denial: broadcasting Intent { act=android.net.conn.CONNECTIVITY_CHANGE flg=0x4000010 (has extras) } from null (pid=-1, uid=-1) requires com.facebook.permission.prod.FB_APP_COMMUNICATION due to registered receiver BroadcastFilter{1a178a8e u0 ReceiverList{88faa89 2682 com.facebook.orca/10186/u0 remote:19b2b190}}
W/BroadcastQueue(  823): Permission Denial: broadcasting Intent { act=android.net.conn.INET_CONDITION_ACTION flg=0x4000010 (has extras) } from null (pid=-1, uid=-1) requires com.facebook.permission.prod.FB_APP_COMMUNICATION due to registered receiver BroadcastFilter{1a178a8e u0 ReceiverList{88faa89 2682 com.facebook.orca/10186/u0 remote:19b2b190}}
W/ActivityManager(  823): getRunningAppProcesses: caller 10186 does not hold REAL_GET_TASKS; limiting output
D/        ( 2682): NEON supported and enabled
W/BroadcastQueue(  823): Permission Denial: broadcasting Intent { act=android.net.conn.CONNECTIVITY_CHANGE flg=0x4000010 (has extras) } from null (pid=-1, uid=-1) requires com.facebook.permission.prod.FB_APP_COMMUNICATION due to registered receiver BroadcastFilter{3eeb1f7f u0 ReceiverList{39eba89e 2682 com.facebook.orca/10186/u0 remote:286836d9}}
I/art     ( 2682): Thread[36,tid=3054,WaitingForJniOnLoad,Thread*=0xb4a24800,peer=0x33221160,"Bg_Shared5"] recursive attempt to load library "/data/app/com.facebook.orca-2/lib/arm/libomnistore.so"
E/omnistore( 2682): Error while unsubscribing to collection messenger_contacts_android:1739841164_56268333FA8412580F1306A97C4577FC: no such table: collection#messenger_contacts_android:1739841164_56268333FA8412580F1306A97C4577FC
E/omnistore( 2682): Error while unsubscribing to collection fql_user_nux_status:56268333FA8412580F1306A97C4577FC_1739841164: no such table: collection#fql_user_nux_status:56268333FA8412580F1306A97C4577FC_1739841164
E/omnistore( 2682): Error while unsubscribing to collection graphql_ComposerShortcutsQueryFragment:1739841164_56268333FA8412580F1306A97C4577FC: no such table: collection#graphql_ComposerShortcutsQueryFragment:1739841164_56268333FA8412580F1306A97C4577FC
D/Ulp_jni (  823): Location CB invoked
W/ResourcesManager( 2682): Asset path '/system/framework/com.google.android.media.effects.jar' does not exist or contains no resources.
W/ActivityManager(  823): getRunningAppProcesses: caller 10186 does not hold REAL_GET_TASKS; limiting output
W/msgr(:<default>):SyncConnectionHandler( 2682): resumeQueueConnectionIfMqttConnected failed for m queue. Not connected to sync.  viewerContextUserId = 1739841164
V/analytics4a( 2682): JNI_OnLoad called
V/analytics4a( 2682): JNI_OnLoad complete
I/ActivityManager(  823): Start proc 3146:com.android.deskclock/u0a38 for broadcast com.android.deskclock/com.android.alarmclock.DigitalAppWidgetProvider
E/AlarmClock( 3146): City lists sizes are not the same, truncating
I/ActivityManager(  823): Start proc 3169:com.android.cellbroadcastreceiver/u0a5 for broadcast com.android.cellbroadcastreceiver/.CellBroadcastReceiver
E/AlarmClock( 3146): City lists sizes are not the same, truncating
I/System.out( 2359): There is callback from service
E/AlarmClock( 3146): City lists sizes are not the same, truncating
D/CellBroadcastReceiver( 3169): onReceive Intent { act=android.intent.action.SERVICE_STATE flg=0x10 cmp=com.android.cellbroadcastreceiver/.CellBroadcastReceiver (has extras) }
D/CellBroadcastReceiver( 3169): Intent ACTION_SERVICE_STATE_CHANGED
D/CellBroadcastReceiver( 3169): Service state changed! 3 Full: 3 3 voice home data home null null null null null null  Unknown Unknown CSS not supported -1 -1 RoamInd=-1 DefRoamInd=-1 EmergOnly=false Current state=-1
I/ActivityManager(  823): Start proc 3192:com.google.android.wearable.app:ui/u0a251 for broadcast com.google.android.wearable.app/com.google.android.clockwork.settings.SettingsChangeReceiver
I/ActivityManager(  823): Killing 2083:com.cyanogenmod.eleven/u0a40 (adj 15): empty #17
E/AlarmClock( 3146): City lists sizes are not the same, truncating
D/Volley  ( 2774): [1] Request.finish: 4409 ms: [ ] https://androidpay-users-pa.googleapis.com/cm/t/valuables/geofencing/zones/list 0x3a828c09 NORMAL 1
I/ActivityManager(  823): Killing 2180:au.com.shiftyjelly.pocketcasts/u0a165 (adj 15): empty #17
D/omnistore( 2682): DeltaQueue::onConnectionEstablished: sending 0 delta(s)
D/omnistore( 2682): SubscriptionManager::onConnectionEstablished is called back
D/ChimeraCfgMgr( 2342): Loading module com.google.android.gms.cast from APK com.google.android.gms
D/MdnsClient( 2342): Multicast lock held. Releasing
D/omnistore( 2682): Publish acked for callback 0x9c9d38f0
D/WifiService(  823): New client listening to asynchronous messages
V/NQFileLogger( 1682): [92] e.a: about to write to file
V/ProcessReports( 1682): [92] ProcessReportsService.a: If not already scheduled, schedule for 3600 to 14400 seconds from now (but might be processed inline after 900 seconds instead)
I/PowerManagerService(  823): Going to sleep due to screen timeout (uid 1000)...
I/Adreno-EGL(  823): <qeglDrvAPI_eglInitialize:410>: EGL 1.4 QUALCOMM build: AU_LINUX_ANDROID_LA.BF.1.1.1_RB1.05.01.00.042.030_msm8974_LA.BF.1.1.1_RB1__release_AU ()
I/Adreno-EGL(  823): OpenGL ES Shader Compiler Version: E031.25.03.06
I/Adreno-EGL(  823): Build Date: 04/15/15 Wed
I/Adreno-EGL(  823): Local Branch: mybranch9068252
I/Adreno-EGL(  823): Remote Branch: quic/LA.BF.1.1.1_rb1.19
I/Adreno-EGL(  823): Local Patches: NONE
I/Adreno-EGL(  823): Reconstruct Branch: AU_LINUX_ANDROID_LA.BF.1.1.1_RB1.05.01.00.042.030 +  NOTHING
D/SIP     ( 1790): [SipSharedPreferences] isReceivingCallsEnabled, option not set; use default value, exception: android.provider.Settings$SettingNotFoundException: sip_receive_calls
I/ActivityManager(  823): Start proc 3306:com.facebook.groups/u0a72 for broadcast com.facebook.groups/com.facebook.iorg.vpn.cleanup.NetworkStateMonitor
I/art     (  264): Explicit concurrent mark sweep GC freed 707(30KB) AllocSpace objects, 0(0B) LOS objects, 40% free, 16MB/26MB, paused 331us total 19.801ms
I/art     (  264): Explicit concurrent mark sweep GC freed 7(240B) AllocSpace objects, 0(0B) LOS objects, 40% free, 16MB/26MB, paused 354us total 27.911ms
I/art     (  264): Explicit concurrent mark sweep GC freed 5(160B) AllocSpace objects, 0(0B) LOS objects, 40% free, 16MB/26MB, paused 285us total 13.424ms
I/ActivityManager(  823): Killing 2359:com.skype.raider/u0a158 (adj 15): empty #17
D/WifiService(  823): Client connection lost with reason: 4
I/DisplayManagerService(  823): Display device changed: DisplayDeviceInfo{"Built-in Screen": uniqueId="local:0", 1080 x 1920, 63.0 fps, supportedRefreshRates [63.0], density 480, 403.411 x 403.041 dpi, appVsyncOff 7500000, presDeadline 11873016, touch INTERNAL, rotation 0, type BUILT_IN, state OFF, FLAG_DEFAULT_DISPLAY, FLAG_ROTATES_WITH_CONTENT, FLAG_SECURE, FLAG_SUPPORTS_PROTECTED_BUFFERS}
V/ActivityManager(  823): Display changed displayId=0
D/SurfaceFlinger(  244): Set power mode=0, type=0 flinger=0xb6082000
D/qdhwcomposer(  244): hwc_setPowerMode: Setting mode 0 on display: 0
W/ActivityManager(  823): getRunningAppProcesses: caller 10072 does not hold REAL_GET_TASKS; limiting output
I/ActivityManager(  823): Killing 1860:com.android.printspooler/u0a58 (adj 15): empty #17
I/art     ( 3306): Thread[1,tid=3306,WaitingForJniOnLoad,Thread*=0xb4827800,peer=0x74527000,"main"] recursive attempt to load library "/data/app/com.facebook.groups-1/lib/arm/libfbjni.so"
W/art     ( 3306): Attempt to remove local handle scope entry from IRT, ignoring
I/qdhwcomposer(  244): handle_blank_event: dpy:0 panel power state: 0
D/qdhwcomposer(  244): hwc_setPowerMode: Done setting mode 0 on display 0
D/SurfaceControl(  823): Excessive delay in setPowerMode(): 213ms
E/QCOM PowerHAL(  823): Invalid hint ID.
I/QCOM PowerHAL(  823): Got set_interactive hint
I/PowerManagerService(  823): Sleeping (uid 1000)...
D/PhoneStatusBar( 1250): disable: < expand ICONS alerts SYSTEM_INFO back HOME RECENT clock SEARCH >
D/Ulp_jni (  823): JNI:system_update. Event-0
D/audio_hw_primary(  254): adev_set_parameters: enter: screen_state=on
D/NfcService( 1287): Discovery configuration equal, not updating.
E/WifiStateMachine(  823): cancelDelayedScan -> 7
D/audio_hw_primary(  254): adev_set_parameters: enter: screen_state=off
E/NxpTml  ( 1287): _i2c_write() errno : 5
E/NxpTml  ( 1287): PN54X - Error in I2C Write.....
E/NxpHal  ( 1287): write error status = 0x1ff
E/NxpHal  ( 1287): write_unlocked failed - PN54X Maybe in Standby Mode - Retry
E/NxpTml  ( 1287): _i2c_write() errno : 5
E/NxpTml  ( 1287): PN54X - Error in I2C Write.....
E/NxpHal  ( 1287): write error status = 0x1ff
E/WifiStateMachine(  823): cancelDelayedScan -> 9
E/NxpHal  ( 1287): write_unlocked failed - PN54X Maybe in Standby Mode - Retry
W/ActivityManager(  823): getRunningAppProcesses: caller 10072 does not hold REAL_GET_TASKS; limiting output
W/StaticBindingVerifier( 3306): Verify
W/ActivityManager(  823): getRunningAppProcesses: caller 10072 does not hold REAL_GET_TASKS; limiting output
I/wpa_supplicant( 1214): p2p0: CTRL-EVENT-AVOID-FREQ ranges=
E/WifiStateMachine(  823): WifiStateMachine L2Connected CMD_START_SCAN source -2 8, 9 -> obsolete
W/groups(:<default>):TreehouseStartupSequence( 3306): Stopped Marker APPLICATION_IMPL_CREATE (null); Monotonic Timestamp (ms): 68365; Elapsed: 621 ms
I/ActivityManager(  823): Start proc 3341:com.facebook.katana/u0a142 for broadcast com.facebook.katana/com.facebook.iorg.vpn.cleanup.NetworkStateMonitor
I/ActivityManager(  823): Killing 1964:com.google.android.keep/u0a152 (adj 15): empty #17
W/ResourcesManager( 3341): Asset path '/system/framework/com.google.android.maps.jar' does not exist or contains no resources.
I/GAV2    ( 2944): Thread[GAThread,5,main]: No campaign data found.
W/groups(:<default>):TreehouseStartupSequence( 3306): Stopped Marker APPLICATION_INITIALIZATION (null); Monotonic Timestamp (ms): 68481; Elapsed: 194 ms
W/ActivityManager(  823): getRunningAppProcesses: caller 10142 does not hold REAL_GET_TASKS; limiting output
I/art     ( 3341): Thread[1,tid=3341,WaitingForJniOnLoad,Thread*=0xb4827800,peer=0x74527000,"main"] recursive attempt to load library "/data/app/com.facebook.katana-2/lib/arm/libfbjni.so"
W/ActivityManager(  823): getRunningAppProcesses: caller 10142 does not hold REAL_GET_TASKS; limiting output
W/ActivityManager(  823): getRunningAppProcesses: caller 10142 does not hold REAL_GET_TASKS; limiting output
W/art     ( 3341): Attempt to remove local handle scope entry from IRT, ignoring
W/ActivityManager(  823): getRunningAppProcesses: caller 10142 does not hold REAL_GET_TASKS; limiting output
W/ActivityManager(  823): getRunningAppProcesses: caller 10142 does not hold REAL_GET_TASKS; limiting output
W/ActivityManager(  823): getRunningAppProcesses: caller 10142 does not hold REAL_GET_TASKS; limiting output
W/ActivityManager(  823): getRunningAppProcesses: caller 10142 does not hold REAL_GET_TASKS; limiting output
W/StaticBindingVerifier( 3341): Verify
W/ActivityManager(  823): getRunningAppProcesses: caller 10142 does not hold REAL_GET_TASKS; limiting output
D/WifiService(  823): New client listening to asynchronous messages
W/ResourcesManager( 1250): Asset path '/system/framework/com.google.android.media.effects.jar' does not exist or contains no resources.
W/ResourceType( 1250): No package identifier when getting value for resource number 0x00000000
W/PackageManager( 1250): Failure retrieving resources for com.google.android.apps.maps: Resource ID #0x0
W/ResourceType( 1250): No package identifier when getting value for resource number 0x00000000
W/PackageManager( 1250): Failure retrieving resources for com.android.settings: Resource ID #0x0
W/BroadcastQueue(  823): Permission Denial: broadcasting Intent { act=com.android.music.metachanged flg=0x10 (has extras) } from com.cyanogenmod.eleven (pid=2163, uid=10040) is not exported from uid 10131 due to receiver com.google.android.music/.wear.WearBroadcastReceiver
I/ActivityManager(  823): Killing 1383:com.android.settings/1000 (adj 15): empty #17
D/WifiService(  823): Client connection lost with reason: 4
D/CellBroadcastReceiver( 3169): onReceive Intent { act=android.intent.action.SERVICE_STATE flg=0x10 cmp=com.android.cellbroadcastreceiver/.CellBroadcastReceiver (has extras) }
D/CellBroadcastReceiver( 3169): Intent ACTION_SERVICE_STATE_CHANGED
D/CellBroadcastReceiver( 3169): Service state changed! 0 Full: 0 0 voice home data home Fido Fido 302720 Fido Fido 302720  LTE LTE CSS not supported -1 -1 RoamInd=-1 DefRoamInd=-1 EmergOnly=false Current state=-1
D/CellBroadcastConfigService( 3169): enabling emergency cell broadcast channels
I/ActivityManager(  823): Start proc 3398:com.android.calendar/u0a34 for broadcast com.android.calendar/.alerts.AlertReceiver
D/ExtensionsFactory( 3398): No custom extensions.
D/AlertReceiver( 3398): onReceive: a=android.intent.action.PROVIDER_CHANGED Intent { act=android.intent.action.PROVIDER_CHANGED dat=content://com.android.calendar flg=0x10 cmp=com.android.calendar/.alerts.AlertReceiver }
D/AlertService( 3398): 0 Action = android.intent.action.PROVIDER_CHANGED
I/ActivityManager(  823): Start proc 3424:com.cyanogenmod.lockclock/u0a50 for broadcast com.cyanogenmod.lockclock/.ClockWidgetProvider
I/ActivityManager(  823): Start proc 3450:com.android.settings/1000 for broadcast com.android.settings/.cyanogenmod.BootReceiver
D/IccSmsInterfaceManager( 1790): [IccSmsInterfaceManager] Failed to add cdma broadcast subscription for MID range 4097 to 4097 from client com.android.cellbroadcastreceiver
D/DisplaySettings( 3450): Tap-to-wake settings restored.
W/ResourceType( 1250): No package identifier when getting value for resource number 0x00000000
W/PackageManager( 1250): Failure retrieving resources for me.clvcooke.instabackground: Resource ID #0x0
D/IccSmsInterfaceManager( 1790): [IccSmsInterfaceManager] Failed to add cdma broadcast subscription for MID range 4098 to 4098 from client com.android.cellbroadcastreceiver
W/ResourceType( 1250): No package identifier when getting value for resource number 0x00000000
W/PackageManager( 1250): Failure retrieving resources for com.google.android.gm: Resource ID #0x0
W/ResourceType( 1250): No package identifier when getting value for resource number 0x00000000
W/PackageManager( 1250): Failure retrieving resources for com.andrewshu.android.reddit: Resource ID #0x0
W/ResourceType( 1250): No package identifier when getting value for resource number 0x00000000
W/PackageManager( 1250): Failure retrieving resources for com.google.android.keep: Resource ID #0x0
W/ResourceType( 1250): No package identifier when getting value for resource number 0x00000000
W/PackageManager( 1250): Failure retrieving resources for ca.colincooke.spotalarm: Resource ID #0x0
W/ResourceType( 1250): No package identifier when getting value for resource number 0x00000000
W/PackageManager( 1250): Failure retrieving resources for com.google.android.wearable.app: Resource ID #0x0
D/IccSmsInterfaceManager( 1790): [IccSmsInterfaceManager] Failed to add cdma broadcast subscription for MID range 4099 to 4099 from client com.android.cellbroadcastreceiver
W/ResourceType( 1250): No package identifier when getting value for resource number 0x00000000
W/PackageManager( 1250): Failure retrieving resources for com.facebook.orca: Resource ID #0x0
W/ResourceType( 1250): No package identifier when getting value for resource number 0x00000000
W/PackageManager( 1250): Failure retrieving resources for com.google.android.talk: Resource ID #0x0
D/IccSmsInterfaceManager( 1790): [IccSmsInterfaceManager] Failed to add cdma broadcast subscription for MID range 4096 to 4096 from client com.android.cellbroadcastreceiver
W/ResourceType( 1250): No package identifier when getting value for resource number 0x00000000
W/PackageManager( 1250): Failure retrieving resources for com.google.android.apps.authenticator2: Resource ID #0x0
W/ResourceType( 1250): No package identifier when getting value for resource number 0x00000000
W/PackageManager( 1250): Failure retrieving resources for com.spotify.music: Resource ID #0x0
D/CellBroadcastConfigService( 3169): enabled emergency cell broadcast channels
D/CellBroadcastConfigService( 3169): disabling cell broadcast channel 50
D/IccSmsInterfaceManager( 1790): [IccSmsInterfaceManager] Failed to remove GSM cell broadcast subscription for MID range 50 to 50 from client com.android.cellbroadcastreceiver
D/BluetoothManagerService(  823): Auto-enabling Bluetooth.
D/CellBroadcastConfigService( 3169): disabling channels 919-928
D/BluetoothManagerService(  823): Message: 1
D/BluetoothManagerService(  823): MESSAGE_ENABLE: mBluetooth = null
D/IccSmsInterfaceManager( 1790): [IccSmsInterfaceManager] Failed to remove GSM cell broadcast subscription for MID range 919 to 928 from client com.android.cellbroadcastreceiver
D/CellBroadcastConfigService( 3169): disabling cell broadcast ETWS test messages
D/IccSmsInterfaceManager( 1790): [IccSmsInterfaceManager] Failed to remove GSM cell broadcast subscription for MID range 4355 to 4355 from client com.android.cellbroadcastreceiver
D/CellBroadcastConfigService( 3169): disabling cell broadcast CMAS test messages
D/IccSmsInterfaceManager( 1790): [IccSmsInterfaceManager] Failed to remove GSM cell broadcast subscription for MID range 4380 to 4382 from client com.android.cellbroadcastreceiver
D/IccSmsInterfaceManager( 1790): [IccSmsInterfaceManager] Failed to remove cdma broadcast subscription for MID range 4100 to 4100 from client com.android.cellbroadcastreceiver
I/ActivityManager(  823): Start proc 3473:com.android.keychain/1000 for service com.android.keychain/.KeyChainService
I/RecoverySystem(  823): No recovery log file
I/BootReceiver(  823): Copying /proc/last_kmsg to DropBox (SYSTEM_LAST_KMSG)
I/BootReceiver(  823): Copying audit failures to DropBox
I/ActivityManager(  823): Start proc 3494:com.android.bluetooth/1002 for service com.android.bluetooth/.btservice.AdapterService
I/BootReceiver(  823): Copied 314 worth of audits to DropBox
V/AlarmClock( 3146): AlarmInitReceiver android.intent.action.BOOT_COMPLETED
I/BootReceiver(  823): Checking for fsck errors
W/ResourcesManager( 3494): Asset path '/system/framework/javax.btobex.jar' does not exist or contains no resources.
V/AlarmClock( 3146): AlarmInitReceiver - Reset timers and clear stopwatch data
I/ActivityManager(  823): Killing 2723:com.google.android.apps.maps/u0a101 (adj 15): empty #17
V/AlarmClock( 3146): *** notifyChange() id: 8 url content://com.android.deskclock/instances/8
V/AlarmClock( 3146): Setting silent state to instance 8
V/AlarmClock( 3146): *** notifyChange() id: 8 url content://com.android.deskclock/instances/8
V/AlarmClock( 3146): Clearing notifications for alarm instance: 8
V/AlarmClock( 3146): Scheduling state change 1 to instance 8 at Mon 7:00 AM (1448280000000)
V/AlarmClock( 3146): AlarmInitReceiver finished
I/art     ( 3521): Late-enabling -Xcheck:jni
I/ActivityManager(  823): Start proc 3521:ca.colincooke.deskclock/u0a185 for broadcast ca.colincooke.deskclock/.AlarmInitReceiver
D/AdapterServiceConfig( 3494): Adding HeadsetService
D/AdapterServiceConfig( 3494): Adding A2dpService
D/AdapterServiceConfig( 3494): Adding HidService
D/AdapterServiceConfig( 3494): Adding HealthService
D/AdapterServiceConfig( 3494): Adding PanService
D/AdapterServiceConfig( 3494): Adding GattService
D/AdapterServiceConfig( 3494): Adding BluetoothMapService
D/AdapterServiceConfig( 3494): Adding HidDevService
D/BluetoothManagerService(  823): Message: 20
D/BluetoothManagerService(  823): Added callback: android.bluetooth.IBluetoothManagerCallback$Stub$Proxy@1ea83bf4:true
D/BluetoothAdapterState( 3494): make
I/bluedroid( 3494): init
I/BluetoothAdapterState( 3494): Entering OffState
I/bte_conf( 3494): bte_load_conf attempt to load stack conf from /etc/bluetooth/bt_stack.conf
I/bte_conf( 3494): bte_load_ble_conf attempt to load ble stack conf from /etc/bluetooth/ble_stack.conf
E/bt_osi_config( 3494): config_new unable to open file '/etc/bluetooth/ble_stack.conf': No such file or directory
I/bte_conf( 3494): bte_load_ble_conf file >/etc/bluetooth/ble_stack.conf< not found
I/bluedroid( 3494): get_profile_interface socket
I/bluedroid( 3494): get_profile_interface map_client
I/GKI_LINUX( 3494): gki_task_entry task_id=1 [BTIF] starting
D/BluetoothAdapterProperties( 3494): Address is:C0:EE:FB:20:9E:F7
D/BluetoothAdapterProperties( 3494): Name is: OnePlus One
D/BluetoothManagerService(  823): Bluetooth Adapter name changed to OnePlus One
D/BluetoothManagerService(  823): Stored Bluetooth name: OnePlus One
D/BluetoothManagerService(  823): BluetoothServiceConnection: com.android.bluetooth.btservice.AdapterService
D/BluetoothManagerService(  823): Message: 40
D/BluetoothManagerService(  823): MESSAGE_BLUETOOTH_SERVICE_CONNECTED: 1
I/bluedroid( 3494): config_hci_snoop_log
D/BluetoothManagerService(  823): Calling onBluetoothServiceUp callbacks
D/BluetoothManagerService(  823): Broadcasting onBluetoothServiceUp() to 6 receivers.
D/BluetoothAdapterState( 3494): CURRENT_STATE=OFF, MESSAGE = USER_TURN_ON
D/BluetoothAdapterProperties( 3494): Setting state to 11
I/BluetoothAdapterState( 3494): Bluetooth adapter state changed: 10-> 11
D/BluetoothBondStateMachine( 3494): make
D/BluetoothManagerService(  823): Message: 60
D/BluetoothManagerService(  823): MESSAGE_BLUETOOTH_STATE_CHANGE: prevState = 10, newState=11
D/BluetoothManagerService(  823): Bluetooth State Change Intent: 10 -> 11
D/BluetoothAdapterService( 3494): checkA2dpState: isA2dpSinkEnabled = false
E/BluetoothAdapterService( 3494): checkA2dpState: returning
D/BluetoothAdapterService( 3494): checkHidState: isHidDev = false
E/BluetoothAdapterService( 3494): checkHidState: returning
D/BluetoothAdapterService( 3494): checkHfpState: isHfpClientEnabled = false
E/BluetoothAdapterService( 3494): checkHfpState: returning
I/BluetoothBondStateMachine( 3494): StableState(): Entering Off State
I/ActivityManager(  823): Start proc 3544:com.motorola.targetnotif/u0a105 for broadcast com.motorola.targetnotif/com.motorola.loop.bluetooth.BluetoothReceiver
D/BluetoothAdapterService( 3494): getAdapterService() - returning com.android.bluetooth.btservice.AdapterService@1adc7d2e
D/HeadsetService( 3494): Received start request. Starting profile...
I/BluetoothHeadsetServiceJni( 3494): classInitNative: succeeds
D/HeadsetStateMachine( 3494): Version 1.6
D/HeadsetStateMachine( 3494): make
D/HeadsetStateMachine( 3494): max_hf_connections = 1
I/bluedroid( 3494): get_profile_interface handsfree
I/BluetoothAdapterService( 3494): skipping com.android.bluetooth.hid.HidDevService (disabled)
I/BluetoothAdapterState( 3494): Entering PendingCommandState State: isTurningOn()=true, isTurningOff()=false
D/BluetoothAdapterService( 3494): getAdapterService() - returning com.android.bluetooth.btservice.AdapterService@1adc7d2e
D/BluetoothA2dp(  823): Proxy object connected
D/BluetoothA2dp( 1250): Proxy object connected
D/A2dpService( 3494): Received start request. Starting profile...
D/HeadsetStateMachine( 3494): Enter Disconnected: -2, size: 0
D/AndroidRuntime( 3521): Shutting down VM
I/bluedroid( 3494): get_profile_interface avrcp
--------- beginning of crash
E/AndroidRuntime( 3521): FATAL EXCEPTION: main
E/AndroidRuntime( 3521): Process: ca.colincooke.deskclock, PID: 3521
E/AndroidRuntime( 3521): java.lang.RuntimeException: Unable to get provider ca.colincooke.deskclock.provider.ClockProvider: java.lang.ClassNotFoundException: Didn't find class "ca.colincooke.deskclock.provider.ClockProvider" on path: DexPathList[[zip file "/data/app/ca.colincooke.deskclock-2/base.apk"],nativeLibraryDirectories=[/vendor/lib, /system/lib]]
E/AndroidRuntime( 3521): 	at android.app.ActivityThread.installProvider(ActivityThread.java:5042)
E/AndroidRuntime( 3521): 	at android.app.ActivityThread.installContentProviders(ActivityThread.java:4634)
E/AndroidRuntime( 3521): 	at android.app.ActivityThread.handleBindApplication(ActivityThread.java:4574)
E/AndroidRuntime( 3521): 	at android.app.ActivityThread.access$1600(ActivityThread.java:154)
E/AndroidRuntime( 3521): 	at android.app.ActivityThread$H.handleMessage(ActivityThread.java:1382)
E/AndroidRuntime( 3521): 	at android.os.Handler.dispatchMessage(Handler.java:102)
E/AndroidRuntime( 3521): 	at android.os.Looper.loop(Looper.java:135)
E/AndroidRuntime( 3521): 	at android.app.ActivityThread.main(ActivityThread.java:5294)
E/AndroidRuntime( 3521): 	at java.lang.reflect.Method.invoke(Native Method)
E/AndroidRuntime( 3521): 	at java.lang.reflect.Method.invoke(Method.java:372)
E/AndroidRuntime( 3521): 	at com.android.internal.os.ZygoteInit$MethodAndArgsCaller.run(ZygoteInit.java:904)
E/AndroidRuntime( 3521): 	at com.android.internal.os.ZygoteInit.main(ZygoteInit.java:699)
E/AndroidRuntime( 3521): Caused by: java.lang.ClassNotFoundException: Didn't find class "ca.colincooke.deskclock.provider.ClockProvider" on path: DexPathList[[zip file "/data/app/ca.colincooke.deskclock-2/base.apk"],nativeLibraryDirectories=[/vendor/lib, /system/lib]]
E/AndroidRuntime( 3521): 	at dalvik.system.BaseDexClassLoader.findClass(BaseDexClassLoader.java:56)
E/AndroidRuntime( 3521): 	at java.lang.ClassLoader.loadClass(ClassLoader.java:511)
E/AndroidRuntime( 3521): 	at java.lang.ClassLoader.loadClass(ClassLoader.java:469)
E/AndroidRuntime( 3521): 	at android.app.ActivityThread.installProvider(ActivityThread.java:5027)
E/AndroidRuntime( 3521): 	... 11 more
E/AndroidRuntime( 3521): 	Suppressed: java.lang.ClassNotFoundException: ca.colincooke.deskclock.provider.ClockProvider
E/AndroidRuntime( 3521): 		at java.lang.Class.classForName(Native Method)
E/AndroidRuntime( 3521): 		at java.lang.BootClassLoader.findClass(ClassLoader.java:781)
E/AndroidRuntime( 3521): 		at java.lang.BootClassLoader.loadClass(ClassLoader.java:841)
E/AndroidRuntime( 3521): 		at java.lang.ClassLoader.loadClass(ClassLoader.java:504)
E/AndroidRuntime( 3521): 		... 13 more
E/AndroidRuntime( 3521): 	Caused by: java.lang.NoClassDefFoundError: Class not found using the boot class loader; no stack available
V/AudioService(  823): updateRemoteControllerOnExistingMediaPlayers: size of Player list: 0
E/AudioService(  823): No RCC entry present to update
E/RemoteController( 3494): Cannot set synchronization mode on an unregistered RemoteController
I/BluetoothA2dpServiceJni( 3494): classInitNative: succeeds
D/A2dpStateMachine( 3494): make
I/bluedroid( 3494): get_profile_interface a2dp
I/GKI_LINUX( 3494): gki_task_entry task_id=2 [A2DP-MEDIA] starting
D/bt-btif ( 3494): btif_av_state_idle_handler event:BTIF_SM_ENTER_EVT flags 0
D/A2dpService( 3494): setA2dpService(): set to: null
D/A2dpStateMachine( 3494): Enter Disconnected: -2
I/BluetoothHidServiceJni( 3494): classInitNative: succeeds
D/BluetoothAdapterService( 3494): getAdapterService() - returning com.android.bluetooth.btservice.AdapterService@1adc7d2e
I/ActivityManager(  823): Start proc 3569:eu.chainfire.supersu/u0a77 for broadcast eu.chainfire.supersu/.BootCompleteReceiver
I/Process ( 3521): Sending signal. PID: 3521 SIG: 9
I/art     (  823): Background sticky concurrent mark sweep GC freed 166227(12MB) AllocSpace objects, 47(1801KB) LOS objects, 18% free, 35MB/43MB, paused 4.641ms total 118.100ms
I/CWCheckin( 3544): EventInsertThread started
I/ActivityManager(  823): Process ca.colincooke.deskclock (pid 3521) has died
D/HidService( 3494): Received start request. Starting profile...
I/bluedroid( 3494): get_profile_interface hidhost
I/BluetoothHealthServiceJni( 3494): classInitNative: succeeds
D/BluetoothAdapterService( 3494): getAdapterService() - returning com.android.bluetooth.btservice.AdapterService@1adc7d2e
D/BluetoothInputDevice( 1250): Proxy object connected
D/HealthService( 3494): Received start request. Starting profile...
I/bluedroid( 3494): get_profile_interface health
I/BluetoothPanServiceJni( 3494): classInitNative(L105): succeeds
D/BluetoothAdapterService( 3494): getAdapterService() - returning com.android.bluetooth.btservice.AdapterService@1adc7d2e
D/PanService( 3494): Received start request. Starting profile...
D/BluetoothPan( 1250): BluetoothPAN Proxy object connected
D/BluetoothPanServiceJni( 3494): initializeNative(L110): pan
I/bluedroid( 3494): get_profile_interface pan
D/BtGatt.GattService( 3494): classInitNative called
I/BtGatt.JNI( 3494): classInitNative(L873): classInitNative: Success!
D/BluetoothAdapterService( 3494): getAdapterService() - returning com.android.bluetooth.btservice.AdapterService@1adc7d2e
D/BtGatt.DebugUtils( 3494): handleDebugAction() action=null
D/BtGatt.GattService( 3494): Received start request. Starting profile...
D/BtGatt.GattService( 3494): start()
I/bluedroid( 3494): get_profile_interface gatt
D/BluetoothAdapterService( 3494): getAdapterService() - returning com.android.bluetooth.btservice.AdapterService@1adc7d2e
D/BtGatt.AdvertiseManager( 3494): advertise manager created
I/Telecom (  823): BluetoothPhoneService: queryPhoneState
D/BluetoothMapService( 3494): inside BluetoothMapObexConnection
D/BluetoothMapService( 3494): supportedMessageTypes 14
